Archive member included because of file (symbol)

D:/DATA/Alex/Topfield/TAPs/API.122//libFireBird.a(DialogEvent.o)
                              ProfileEditor.o (DialogEvent)
D:/DATA/Alex/Topfield/TAPs/API.122//libFireBird.a(DialogMsgBoxExit.o)
                              ProfileEditor.o (DialogMsgBoxExit)
D:/DATA/Alex/Topfield/TAPs/API.122//libFireBird.a(DialogMsgBoxInit.o)
                              D:/DATA/Alex/Topfield/TAPs/API.122//libFireBird.a(DialogEvent.o) (FBDialogMsgBox)
D:/DATA/Alex/Topfield/TAPs/API.122//libFireBird.a(DialogMsgBoxShowInfo.o)
                              ProfileEditor.o (DialogMsgBoxShowInfo)
D:/DATA/Alex/Topfield/TAPs/API.122//libFireBird.a(DialogMsgBoxShowYesNo.o)
                              ProfileEditor.o (DialogMsgBoxShowYesNo)
D:/DATA/Alex/Topfield/TAPs/API.122//libFireBird.a(DialogMsgBoxTitleSet.o)
                              D:/DATA/Alex/Topfield/TAPs/API.122//libFireBird.a(DialogMsgBoxInit.o) (DialogMsgBoxTitleSet)
D:/DATA/Alex/Topfield/TAPs/API.122//libFireBird.a(DialogProfileSaveDefault.o)
                              ProfileEditor.o (DialogProfileSaveDefault)
D:/DATA/Alex/Topfield/TAPs/API.122//libFireBird.a(DialogProgressBarExit.o)
                              ProfileEditor.o (DialogProgressBarExit)
D:/DATA/Alex/Topfield/TAPs/API.122//libFireBird.a(DialogProgressBarInit.o)
                              D:/DATA/Alex/Topfield/TAPs/API.122//libFireBird.a(DialogProgressBarExit.o) (FBDialogProgressBar)
D:/DATA/Alex/Topfield/TAPs/API.122//libFireBird.a(DialogProgressBarSet.o)
                              ProfileEditor.o (DialogProgressBarSet)
D:/DATA/Alex/Topfield/TAPs/API.122//libFireBird.a(DialogProgressBarShow.o)
                              ProfileEditor.o (DialogProgressBarShow)
D:/DATA/Alex/Topfield/TAPs/API.122//libFireBird.a(DialogProgressBarTitleSet.o)
                              D:/DATA/Alex/Topfield/TAPs/API.122//libFireBird.a(DialogProgressBarInit.o) (DialogProgressBarTitleSet)
D:/DATA/Alex/Topfield/TAPs/API.122//libFireBird.a(DialogWindowCursorSet.o)
                              D:/DATA/Alex/Topfield/TAPs/API.122//libFireBird.a(DialogEvent.o) (DialogWindowCursorSet)
D:/DATA/Alex/Topfield/TAPs/API.122//libFireBird.a(DialogWindowHide.o)
                              ProfileEditor.o (DialogWindowHide)
D:/DATA/Alex/Topfield/TAPs/API.122//libFireBird.a(DialogWindowInfoAddIcon.o)
                              ProfileEditor.o (DialogWindowInfoAddIcon)
D:/DATA/Alex/Topfield/TAPs/API.122//libFireBird.a(DialogWindowInfoAddS.o)
                              ProfileEditor.o (DialogWindowInfoAddS)
D:/DATA/Alex/Topfield/TAPs/API.122//libFireBird.a(DialogWindowInit.o)
                              D:/DATA/Alex/Topfield/TAPs/API.122//libFireBird.a(DialogEvent.o) (FBDialogWindow)
D:/DATA/Alex/Topfield/TAPs/API.122//libFireBird.a(DialogWindowItemAdd.o)
                              ProfileEditor.o (DialogWindowItemAdd)
D:/DATA/Alex/Topfield/TAPs/API.122//libFireBird.a(DialogWindowItemAddSeparator.o)
                              ProfileEditor.o (DialogWindowItemAddSeparator)
D:/DATA/Alex/Topfield/TAPs/API.122//libFireBird.a(DialogWindowItemChangeFlags.o)
                              D:/DATA/Alex/Topfield/TAPs/API.122//libFireBird.a(DialogWindowItemAdd.o) (DialogWindowItemChangeFlags)
D:/DATA/Alex/Topfield/TAPs/API.122//libFireBird.a(DialogWindowItemChangeIcon.o)
                              ProfileEditor.o (DialogWindowItemChangeIcon)
D:/DATA/Alex/Topfield/TAPs/API.122//libFireBird.a(DialogWindowItemChangeParameter.o)
                              D:/DATA/Alex/Topfield/TAPs/API.122//libFireBird.a(DialogWindowItemAdd.o) (DialogWindowItemChangeParameter)
D:/DATA/Alex/Topfield/TAPs/API.122//libFireBird.a(DialogWindowItemChangeValue.o)
                              ProfileEditor.o (DialogWindowItemChangeValue)
D:/DATA/Alex/Topfield/TAPs/API.122//libFireBird.a(DialogWindowReInit.o)
                              ProfileEditor.o (DialogWindowReInit)
D:/DATA/Alex/Topfield/TAPs/API.122//libFireBird.a(DialogWindowRefresh.o)
                              ProfileEditor.o (DialogWindowRefresh)
D:/DATA/Alex/Topfield/TAPs/API.122//libFireBird.a(DialogWindowScrollDown.o)
                              D:/DATA/Alex/Topfield/TAPs/API.122//libFireBird.a(DialogEvent.o) (DialogWindowScrollDown)
D:/DATA/Alex/Topfield/TAPs/API.122//libFireBird.a(DialogWindowScrollDownPage.o)
                              D:/DATA/Alex/Topfield/TAPs/API.122//libFireBird.a(DialogEvent.o) (DialogWindowScrollDownPage)
D:/DATA/Alex/Topfield/TAPs/API.122//libFireBird.a(DialogWindowScrollUp.o)
                              D:/DATA/Alex/Topfield/TAPs/API.122//libFireBird.a(DialogEvent.o) (DialogWindowScrollUp)
D:/DATA/Alex/Topfield/TAPs/API.122//libFireBird.a(DialogWindowScrollUpPage.o)
                              D:/DATA/Alex/Topfield/TAPs/API.122//libFireBird.a(DialogEvent.o) (DialogWindowScrollUpPage)
[...]
Memory Configuration

Name             Origin             Length             Attributes
*default*        0x0000000000000000 0xffffffffffffffff

Linker script and memory map


._tap_init_data
                0x0000000000000000      0x600
 *(._tap_header)
 ._tap_header   0x0000000000000000       0x20 D:/DATA/Alex/Topfield/TAPs/API.122//libtap.a(init.o)
                0x0000000000000000                __tap_Header__
                0x0000000000000020                . = 0x20
 *(._tap_id)
 ._tap_id       0x0000000000000020        0x4 ProfileEditor.o
                0x0000000000000020                __tap_ud__
 *(._tap_ext_header)
                0x0000000000000040                . = 0x40
 *fill*         0x0000000000000024 0x10000001c 00
 *(._tap_program_name)
 ._tap_program_name
                0x0000000000000040       0x40 ProfileEditor.o
                0x0000000000000040                __tap_program_name__
                0x0000000000000080                . = 0x80
 *(._tap_author_name)
 ._tap_author_name
                0x0000000000000080       0x40 ProfileEditor.o
                0x0000000000000080                __tap_author_name__
                0x00000000000000c0                . = 0xc0
 *(._tap_description)
 ._tap_description
                0x00000000000000c0       0x80 ProfileEditor.o
                0x00000000000000c0                __tap_description__
                0x0000000000000140                . = 0x140
 *(._tap_etcinfo)
 ._tap_etcinfo  0x0000000000000140       0x40 ProfileEditor.o
                0x0000000000000140                __tap_etc_str__
                0x0000000000000200                . = 0x200
 *fill*         0x0000000000000180 0x100000080 00
 *(._tap_init_data)
 ._tap_init_data
                0x0000000000000200      0x400 D:/DATA/Alex/Topfield/TAPs/API.122//libtap.a(init.o)
                0x0000000000000200                __startPoint

.text           0x0000000000000600    0x12f2c
 *(.text)
 .text          0x0000000000000600     0x1bcc ProfileEditor.o
                0x0000000000000980                TAP_EventHandler
                0x00000000000014a8                RGB2String
                0x00000000000015a8                TAP_Main
                0x0000000000000838                ProgressBar
                0x0000000000001534                WString
                0x0000000000000600                SetProfileColorItem
 .text          0x00000000000021cc      0x3f4 D:/DATA/Alex/Topfield/TAPs/API.122//libFireBird.a(DialogEvent.o)
                0x00000000000021cc                DialogEvent
 .text          0x00000000000025c0      0x1c8 D:/DATA/Alex/Topfield/TAPs/API.122//libFireBird.a(DialogMsgBoxExit.o)
                0x00000000000025c0                DialogMsgBoxExit
 .text          0x0000000000002788       0xdc D:/DATA/Alex/Topfield/TAPs/API.122//libFireBird.a(DialogMsgBoxInit.o)
                0x0000000000002788                DialogMsgBoxInit
 .text          0x0000000000002864       0xc0 D:/DATA/Alex/Topfield/TAPs/API.122//libFireBird.a(DialogMsgBoxShowInfo.o)
                0x0000000000002864                DialogMsgBoxShowInfo
 .text          0x0000000000002924      0x150 D:/DATA/Alex/Topfield/TAPs/API.122//libFireBird.a(DialogMsgBoxShowYesNo.o)
                0x0000000000002924                DialogMsgBoxShowYesNo
 .text          0x0000000000002a74      0x100 D:/DATA/Alex/Topfield/TAPs/API.122//libFireBird.a(DialogMsgBoxTitleSet.o)
                0x0000000000002a74                DialogMsgBoxTitleSet
 .text          0x0000000000002b74       0xa8 D:/DATA/Alex/Topfield/TAPs/API.122//libFireBird.a(DialogProfileSaveDefault.o)
                0x0000000000002b74                DialogProfileSaveDefault
 .text          0x0000000000002c1c      0x1c8 D:/DATA/Alex/Topfield/TAPs/API.122//libFireBird.a(DialogProgressBarExit.o)
                0x0000000000002c1c                DialogProgressBarExit
 .text          0x0000000000002de4      0x108 D:/DATA/Alex/Topfield/TAPs/API.122//libFireBird.a(DialogProgressBarInit.o)
                0x0000000000002de4                DialogProgressBarInit
 .text          0x0000000000002eec       0x6c D:/DATA/Alex/Topfield/TAPs/API.122//libFireBird.a(DialogProgressBarSet.o)
                0x0000000000002eec                DialogProgressBarSet
 .text          0x0000000000002f58      0x4a4 D:/DATA/Alex/Topfield/TAPs/API.122//libFireBird.a(DialogProgressBarShow.o)
                0x0000000000002f58                DialogProgressBarShow
 .text          0x00000000000033fc       0xb0 D:/DATA/Alex/Topfield/TAPs/API.122//libFireBird.a(DialogProgressBarTitleSet.o)
                0x00000000000033fc                DialogProgressBarTitleSet
 .text          0x00000000000034ac      0x100 D:/DATA/Alex/Topfield/TAPs/API.122//libFireBird.a(DialogWindowCursorSet.o)
                0x00000000000034ac                DialogWindowCursorSet
 .text          0x00000000000035ac      0x35c D:/DATA/Alex/Topfield/TAPs/API.122//libFireBird.a(DialogWindowHide.o)
                0x00000000000035ac                DialogWindowHide
 .text          0x0000000000003908      0x12c D:/DATA/Alex/Topfield/TAPs/API.122//libFireBird.a(DialogWindowInfoAddIcon.o)
                0x0000000000003908                DialogWindowInfoAddIcon
 .text          0x0000000000003a34      0x1b4 D:/DATA/Alex/Topfield/TAPs/API.122//libFireBird.a(DialogWindowInfoAddS.o)
                0x0000000000003a34                DialogWindowInfoAddS
 .text          0x0000000000003be8      0x2d8 D:/DATA/Alex/Topfield/TAPs/API.122//libFireBird.a(DialogWindowInit.o)
                0x0000000000003be8                DialogWindowInit
 .text          0x0000000000003ec0      0x16c D:/DATA/Alex/Topfield/TAPs/API.122//libFireBird.a(DialogWindowItemAdd.o)
                0x0000000000003ec0                DialogWindowItemAdd
 .text          0x000000000000402c       0x68 D:/DATA/Alex/Topfield/TAPs/API.122//libFireBird.a(DialogWindowItemAddSeparator.o)
                0x000000000000402c                DialogWindowItemAddSeparator
 .text          0x0000000000004094       0xe4 D:/DATA/Alex/Topfield/TAPs/API.122//libFireBird.a(DialogWindowItemChangeFlags.o)
                0x0000000000004094                DialogWindowItemChangeFlags
 .text          0x0000000000004178      0x104 D:/DATA/Alex/Topfield/TAPs/API.122//libFireBird.a(DialogWindowItemChangeIcon.o)
                0x0000000000004178                DialogWindowItemChangeIcon
 .text          0x000000000000427c      0x154 D:/DATA/Alex/Topfield/TAPs/API.122//libFireBird.a(DialogWindowItemChangeParameter.o)
                0x000000000000427c                DialogWindowItemChangeParameter
 .text          0x00000000000043d0      0x158 D:/DATA/Alex/Topfield/TAPs/API.122//libFireBird.a(DialogWindowItemChangeValue.o)
                0x00000000000043d0                DialogWindowItemChangeValue
 .text          0x0000000000004528      0x588 D:/DATA/Alex/Topfield/TAPs/API.122//libFireBird.a(DialogWindowReInit.o)
                0x0000000000004528                DialogWindowReInit
 .text          0x0000000000004ab0      0x77c D:/DATA/Alex/Topfield/TAPs/API.122//libFireBird.a(DialogWindowRefresh.o)
                0x0000000000004ab0                DialogWindowRefresh
 .text          0x000000000000522c      0x188 D:/DATA/Alex/Topfield/TAPs/API.122//libFireBird.a(DialogWindowScrollDown.o)
                0x000000000000522c                DialogWindowScrollDown
 .text          0x00000000000053b4      0x1b0 D:/DATA/Alex/Topfield/TAPs/API.122//libFireBird.a(DialogWindowScrollDownPage.o)
                0x00000000000053b4                DialogWindowScrollDownPage
 .text          0x0000000000005564      0x190 D:/DATA/Alex/Topfield/TAPs/API.122//libFireBird.a(DialogWindowScrollUp.o)
                0x0000000000005564                DialogWindowScrollUp
 .text          0x00000000000056f4      0x180 D:/DATA/Alex/Topfield/TAPs/API.122//libFireBird.a(DialogWindowScrollUpPage.o)
                0x00000000000056f4                DialogWindowScrollUpPage
 .text          0x0000000000005874      0x380 D:/DATA/Alex/Topfield/TAPs/API.122//libFireBird.a(DialogWindowShow.o)
                0x0000000000005874                DialogWindowShow
 .text          0x0000000000005bf4      0x110 D:/DATA/Alex/Topfield/TAPs/API.122//libFireBird.a(DialogWindowTabulatorSet.o)
                0x0000000000005bf4                DialogWindowTabulatorSet
 .text          0x0000000000005d04      0x134 D:/DATA/Alex/Topfield/TAPs/API.122//libFireBird.a(DialogWindowTitleChange.o)
                0x0000000000005d04                DialogWindowTitleChange
 .text          0x0000000000005e38       0xac D:/DATA/Alex/Topfield/TAPs/API.122//libFireBird.a(DialogWindowTypeChange.o)
                0x0000000000005e38                DialogWindowTypeChange
 .text          0x0000000000005ee4      0x2b0 D:/DATA/Alex/Topfield/TAPs/API.122//libFireBird.a(DrawMsgBoxButtons.o)
                0x0000000000005ee4                DrawMsgBoxButtons
 .text          0x0000000000006194      0x5ec D:/DATA/Alex/Topfield/TAPs/API.122//libFireBird.a(DrawMsgBoxTitle.o)
                0x0000000000006194                DrawMsgBoxTitle
 .text          0x0000000000006780      0x410 D:/DATA/Alex/Topfield/TAPs/API.122//libFireBird.a(DrawProgressBarBar.o)
                0x0000000000006780                DrawProgressBarBar
 .text          0x0000000000006b90      0x190 D:/DATA/Alex/Topfield/TAPs/API.122//libFireBird.a(DrawProgressBarTitle.o)
                0x0000000000006b90                DrawProgressBarTitle
 .text          0x0000000000006d20      0x350 D:/DATA/Alex/Topfield/TAPs/API.122//libFireBird.a(DrawWindowBorder.o)
                0x0000000000006d20                DrawWindowBorder
 .text          0x0000000000007070      0x4e0 D:/DATA/Alex/Topfield/TAPs/API.122//libFireBird.a(DrawWindowInfo.o)
                0x0000000000007070                DrawWindowInfo
 .text          0x0000000000007550      0x7b4 D:/DATA/Alex/Topfield/TAPs/API.122//libFireBird.a(DrawWindowLines.o)
                0x0000000000007550                DrawWindowLines
 .text          0x0000000000007d04      0x3b0 D:/DATA/Alex/Topfield/TAPs/API.122//libFireBird.a(DrawWindowScrollBar.o)
                0x0000000000007d04                DrawWindowScrollBar
 .text          0x00000000000080b4      0x3e8 D:/DATA/Alex/Topfield/TAPs/API.122//libFireBird.a(DrawWindowTitle.o)
                0x00000000000080b4                DrawWindowTitle
 .text          0x000000000000849c      0x18c D:/DATA/Alex/Topfield/TAPs/API.122//libFireBird.a(HasEnoughItemMemory.o)
                0x000000000000849c                HasEnoughItemMemory
 .text          0x0000000000008628       0xb8 D:/DATA/Alex/Topfield/TAPs/API.122//libFireBird.a(OSDLinesForeDirty.o)
                0x0000000000008628                OSDLinesForeDirty
 .text          0x00000000000086e0      0x1a4 D:/DATA/Alex/Topfield/TAPs/API.122//libFireBird.a(ProfileInit.o)
                0x00000000000086e0                ProfileInit
 .text          0x0000000000008884       0xc0 D:/DATA/Alex/Topfield/TAPs/API.122//libFireBird.a(ProfileMayReload.o)
                0x0000000000008884                ProfileMayReload
 .text          0x0000000000008944       0xb0 D:/DATA/Alex/Topfield/TAPs/API.122//libFireBird.a(WindowDirty.o)
                0x0000000000008944                WindowDirty
 .text          0x00000000000089f4      0x154 D:/DATA/Alex/Topfield/TAPs/API.122//libFireBird.a(HDD_ChangeDir.o)
                0x00000000000089f4                HDD_ChangeDir
 .text          0x0000000000008b48       0xa4 D:/DATA/Alex/Topfield/TAPs/API.122//libFireBird.a(LangGetString.o)
                0x0000000000008b48                LangGetString
 .text          0x0000000000008bec      0x634 D:/DATA/Alex/Topfield/TAPs/API.122//libFireBird.a(LangLoadStrings.o)
                0x0000000000008bec                LangLoadStrings
 .text          0x0000000000009220       0xbc D:/DATA/Alex/Topfield/TAPs/API.122//libFireBird.a(LangUnloadStrings.o)
                0x0000000000009220                LangUnloadStrings
 .text          0x00000000000092dc      0x1f8 D:/DATA/Alex/Topfield/TAPs/API.122//libFireBird.a(iso639_1.o)
                0x00000000000092dc                iso639_1
 .text          0x00000000000094d4       0xac D:/DATA/Alex/Topfield/TAPs/API.122//libFireBird.a(HDD_TAP_GetCurrentDirCluster.o)
                0x00000000000094d4                HDD_TAP_GetCurrentDirCluster
 .text          0x0000000000009580      0x264 D:/DATA/Alex/Topfield/TAPs/API.122//libFireBird.a(HDD_TAP_GetInfo.o)
                0x0000000000009580                HDD_TAP_GetInfo
 .text          0x00000000000097e4      0x1b8 D:/DATA/Alex/Topfield/TAPs/API.122//libFireBird.a(HDD_TAP_SetCurrentDirCluster.o)
                0x00000000000097e4                HDD_TAP_SetCurrentDirCluster
 .text          0x000000000000999c      0x870 D:/DATA/Alex/Topfield/TAPs/API.122//libFireBird.a(tapapifix.o)
                0x0000000000009ee4                Fixed_TAP_Channel_SetAudioTrack
                0x0000000000009b64                Fixed_TAP_Hdd_Flen
                0x000000000000999c                Fixed_TAP_Hdd_GetPlayInfo
                0x0000000000009cb8                Fixed_TAP_Hdd_ChangeDir
                0x0000000000009fb4                Fixed_TAP_Hdd_Delete
                0x000000000000a094                InitTAPAPIFix
                0x0000000000009a78                Fixed_TAP_Hdd_GetRecInfo
                0x0000000000009c08                Fixed_TAP_Hdd_Fseek
 .text          0x000000000000a20c      0x178 D:/DATA/Alex/Topfield/TAPs/API.122//libFireBird.a(DrawOSDLine.o)
                0x000000000000a20c                DrawOSDLine
 .text          0x000000000000a384       0x9c D:/DATA/Alex/Topfield/TAPs/API.122//libFireBird.a(FreeOSDRegion.o)
                0x000000000000a384                FreeOSDRegion
 .text          0x000000000000a420      0x1c4 D:/DATA/Alex/Topfield/TAPs/API.122//libFireBird.a(GetOSDMapAddress.o)
                0x000000000000a420                GetOSDMapAddress
 .text          0x000000000000a5e4       0x58 D:/DATA/Alex/Topfield/TAPs/API.122//libFireBird.a(GetOSDRegionHeight.o)
                0x000000000000a5e4                GetOSDRegionHeight
 .text          0x000000000000a63c       0x58 D:/DATA/Alex/Topfield/TAPs/API.122//libFireBird.a(GetOSDRegionWidth.o)
                0x000000000000a63c                GetOSDRegionWidth
 .text          0x000000000000a694      0x24c D:/DATA/Alex/Topfield/TAPs/API.122//libFireBird.a(InitAudioPointers.o)
                0x000000000000a694                InitAudioPointers
 .text          0x000000000000a8e0      0x1d0 D:/DATA/Alex/Topfield/TAPs/API.122//libFireBird.a(OSDCopy.o)
                0x000000000000a8e0                OSDCopy
 .text          0x000000000000aab0      0x300 D:/DATA/Alex/Topfield/TAPs/API.122//libFireBird.a(TAP_Osd_PutFreeColorGd.o)
                0x000000000000aab0                TAP_Osd_PutFreeColorGd
 .text          0x000000000000adb0       0x80 D:/DATA/Alex/Topfield/TAPs/API.122//libFireBird.a(isOSDRegionAlive.o)
                0x000000000000adb0                isOSDRegionAlive
 .text          0x000000000000ae30      0xa38 D:/DATA/Alex/Topfield/TAPs/API.122//libFireBird.a(BuildWindowBorder.o)
                0x000000000000ae30                BuildWindowBorder
 .text          0x000000000000b868      0x6f0 D:/DATA/Alex/Topfield/TAPs/API.122//libFireBird.a(BuildWindowInfo.o)
                0x000000000000b868                BuildWindowInfo
 .text          0x000000000000bf58      0x31c D:/DATA/Alex/Topfield/TAPs/API.122//libFireBird.a(BuildWindowLine.o)
                0x000000000000bf58                BuildWindowLine
 .text          0x000000000000c274      0x308 D:/DATA/Alex/Topfield/TAPs/API.122//libFireBird.a(BuildWindowLineSelected.o)
                0x000000000000c274                BuildWindowLineSelected
 .text          0x000000000000c57c      0x2ac D:/DATA/Alex/Topfield/TAPs/API.122//libFireBird.a(BuildWindowScrollBar.o)
                0x000000000000c57c                BuildWindowScrollBar
 .text          0x000000000000c828      0x2c4 D:/DATA/Alex/Topfield/TAPs/API.122//libFireBird.a(BuildWindowTitle.o)
                0x000000000000c828                BuildWindowTitle
 .text          0x000000000000caec       0x68 D:/DATA/Alex/Topfield/TAPs/API.122//libFireBird.a(CalcPrepare.o)
                0x000000000000caec                CalcPrepare
 .text          0x000000000000cb54      0x4d0 D:/DATA/Alex/Topfield/TAPs/API.122//libFireBird.a(CalcTopIndex.o)
                0x000000000000cb54                CalcTopIndex
 .text          0x000000000000d024       0xc8 D:/DATA/Alex/Topfield/TAPs/API.122//libFireBird.a(CheckSelectable.o)
                0x000000000000d024                CheckSelectable
 .text          0x000000000000d0ec      0xb50 D:/DATA/Alex/Topfield/TAPs/API.122//libFireBird.a(DialogMsgBoxShow.o)
                0x000000000000d0ec                DialogMsgBoxShow
 .text          0x000000000000dc3c       0x44 D:/DATA/Alex/Topfield/TAPs/API.122//libFireBird.a(DialogProfileLoad.o)
                0x000000000000dc3c                DialogProfileLoad
 .text          0x000000000000dc80      0x64c D:/DATA/Alex/Topfield/TAPs/API.122//libFireBird.a(DialogProfileSave.o)
                0x000000000000dc80                DialogProfileSave
 .text          0x000000000000e2cc      0xb0c D:/DATA/Alex/Topfield/TAPs/API.122//libFireBird.a(DrawWindowLine.o)
                0x000000000000e2cc                DrawWindowLine
 .text          0x000000000000edd8       0xf0 D:/DATA/Alex/Topfield/TAPs/API.122//libFireBird.a(ProfileDirty.o)
                0x000000000000edd8                ProfileDirty
 .text          0x000000000000eec8      0xa1c D:/DATA/Alex/Topfield/TAPs/API.122//libFireBird.a(ProfileLoad.o)
                0x000000000000eec8                ProfileLoad
 .text          0x000000000000f8e4      0x104 D:/DATA/Alex/Topfield/TAPs/API.122//libFireBird.a(ChangeDirRoot.o)
                0x000000000000f8e4                ChangeDirRoot
 .text          0x000000000000f9e8       0x98 D:/DATA/Alex/Topfield/TAPs/API.122//libFireBird.a(HDD_GetClusterSize.o)
                0x000000000000f9e8                HDD_GetClusterSize
 .text          0x000000000000fa80       0xb4 D:/DATA/Alex/Topfield/TAPs/API.122//libFireBird.a(HDD_ReadSectorDMA.o)
                0x000000000000fa80                HDD_ReadSectorDMA
 .text          0x000000000000fb34       0xbc D:/DATA/Alex/Topfield/TAPs/API.122//libFireBird.a(INICloseFile.o)
                0x000000000000fb34                INICloseFile
 .text          0x000000000000fbf0      0x274 D:/DATA/Alex/Topfield/TAPs/API.122//libFireBird.a(INIGetARGB.o)
                0x000000000000fbf0                INIGetARGB
 .text          0x000000000000fe64      0x160 D:/DATA/Alex/Topfield/TAPs/API.122//libFireBird.a(INIGetInt.o)
                0x000000000000fe64                INIGetInt
 .text          0x000000000000ffc4      0x19c D:/DATA/Alex/Topfield/TAPs/API.122//libFireBird.a(INIGetString.o)
                0x000000000000ffc4                INIGetString
 .text          0x0000000000010160      0x274 D:/DATA/Alex/Topfield/TAPs/API.122//libFireBird.a(INIOpenFile.o)
                0x0000000000010160                INIOpenFile
 .text          0x00000000000103d4      0x160 D:/DATA/Alex/Topfield/TAPs/API.122//libFireBird.a(INISaveFile.o)
                0x00000000000103d4                INISaveFile
 .text          0x0000000000010534       0xb0 D:/DATA/Alex/Topfield/TAPs/API.122//libFireBird.a(INISetARGB.o)
                0x0000000000010534                INISetARGB
 .text          0x00000000000105e4       0x80 D:/DATA/Alex/Topfield/TAPs/API.122//libFireBird.a(INISetInt.o)
                0x00000000000105e4                INISetInt
 .text          0x0000000000010664      0x430 D:/DATA/Alex/Topfield/TAPs/API.122//libFireBird.a(INISetString.o)
                0x0000000000010664                INISetString
 .text          0x0000000000010a94      0x534 D:/DATA/Alex/Topfield/TAPs/API.122//libFireBird.a(InitTAPex.o)
                0x0000000000010a94                InitTAPex
 .text          0x0000000000010fc8      0x4a0 D:/DATA/Alex/Topfield/TAPs/API.122//libFireBird.a(FlashInitialize.o)
                0x0000000000010fc8                FlashInitialize
 .text          0x0000000000011468       0x9c D:/DATA/Alex/Topfield/TAPs/API.122//libFireBird.a(HDD_TouchFile.o)
                0x0000000000011468                HDD_TouchFile
 .text          0x0000000000011504      0x19c D:/DATA/Alex/Topfield/TAPs/API.122//libFireBird.a(HDD_TruncateFile.o)
                0x0000000000011504                HDD_TruncateFile
 .text          0x00000000000116a0      0x158 D:/DATA/Alex/Topfield/TAPs/API.122//libFireBird.a(INIFindStartEnd.o)
                0x00000000000116a0                INIFindStartEnd
 .text          0x00000000000117f8      0x238 D:/DATA/Alex/Topfield/TAPs/API.122//libFireBird.a(FindInstructionSequence.o)
                0x00000000000117f8                FindInstructionSequence
 .text          0x0000000000011a30      0x154 D:/DATA/Alex/Topfield/TAPs/API.122//libFireBird.a(stricstr.o)
                0x0000000000011a30                stricstr
 .text          0x0000000000011b84       0x7c D:/DATA/Alex/Topfield/TAPs/API.122//libFireBird.a(HDD_SetFileDateTime.o)
                0x0000000000011b84                HDD_SetFileDateTime
 .text          0x0000000000011c00       0xd0 C:/sw/prgm/gccForTAP/usr/local/lib//libc.a(memcpy.o)
                0x0000000000011c00                memcpy
 .text          0x0000000000011cd0      0x138 C:/sw/prgm/gccForTAP/usr/local/lib//libc.a(memmove.o)
                0x0000000000011cd0                memmove
 .text          0x0000000000011e08       0xc0 C:/sw/prgm/gccForTAP/usr/local/lib//libc.a(memset.o)
                0x0000000000011e08                memset
 .text          0x0000000000011ec8       0xd8 C:/sw/prgm/gccForTAP/usr/local/lib//libc.a(strcat.o)
                0x0000000000011ec8                strcat
 .text          0x0000000000011fa0      0x11c C:/sw/prgm/gccForTAP/usr/local/lib//libc.a(strchr.o)
                0x0000000000011fa0                strchr
 .text          0x00000000000120bc       0xcc C:/sw/prgm/gccForTAP/usr/local/lib//libc.a(strcmp.o)
                0x00000000000120bc                strcmp
 .text          0x0000000000012188       0xac C:/sw/prgm/gccForTAP/usr/local/lib//libc.a(strcpy.o)
                0x0000000000012188                strcpy
 .text          0x0000000000012234       0x94 C:/sw/prgm/gccForTAP/usr/local/lib//libc.a(strlen.o)
                0x0000000000012234                strlen
 .text          0x00000000000122c8      0x120 C:/sw/prgm/gccForTAP/usr/local/lib//libc.a(strncasecmp.o)
                0x00000000000122c8                strncasecmp
 .text          0x00000000000123e8       0xf0 C:/sw/prgm/gccForTAP/usr/local/lib//libc.a(strncpy.o)
                0x00000000000123e8                strncpy
 .text          0x00000000000124d8       0x9c C:/sw/prgm/gccForTAP/usr/local/lib//libc.a(strpbrk.o)
                0x00000000000124d8                strpbrk
 .text          0x0000000000012574      0x25c C:/sw/prgm/gccForTAP/usr/local/lib//libc.a(strtoul.o)
                0x0000000000012770                strtoul
                0x0000000000012574                _strtoul_r
 .text          0x00000000000127d0      0xd5c D:/DATA/Alex/Topfield/TAPs/API.122//libtap.a(init.o)
                0x00000000000128ac                __errno
                0x00000000000127d0                abort
                0x00000000000127d8                TAP_Osd_PutGd
                0x00000000000128b4                _initData
                0x0000000000012860                __builtin_new

.text_end       0x000000000001352c        0x4
 .text_end      0x000000000001352c        0x4 D:/DATA/Alex/Topfield/TAPs/API.122//libtap.a(init.o)
                0x000000000001352c                _tap_textEnd

.rodata         0x0000000000013530      0xd4e
 *(.rodata)
 .rodata        0x0000000000013530      0x1e0 ProfileEditor.o
 .rodata        0x0000000000013710      0x1e4 D:/DATA/Alex/Topfield/TAPs/API.122//libFireBird.a(DialogEvent.o)
 .rodata        0x00000000000138f4       0x13 D:/DATA/Alex/Topfield/TAPs/API.122//libFireBird.a(DialogMsgBoxShowYesNo.o)
 *fill*         0x0000000000013907 0x41519c00000001 00
 .rodata        0x0000000000013908       0x22 D:/DATA/Alex/Topfield/TAPs/API.122//libFireBird.a(DialogProfileSaveDefault.o)
 *fill*         0x000000000001392a 0x41519c00000002 00
 .rodata        0x000000000001392c        0x1 D:/DATA/Alex/Topfield/TAPs/API.122//libFireBird.a(DialogWindowItemAddSeparator.o)
 *fill*         0x000000000001392d 0x41519c00000003 00
 .rodata        0x0000000000013930       0x22 D:/DATA/Alex/Topfield/TAPs/API.122//libFireBird.a(ProfileInit.o)
 *fill*         0x0000000000013952 0x41519c00000002 00
 .rodata        0x0000000000013954        0x2 D:/DATA/Alex/Topfield/TAPs/API.122//libFireBird.a(HDD_ChangeDir.o)
 *fill*         0x0000000000013956 0x41519c00000002 00
 .rodata        0x0000000000013958        0x1 D:/DATA/Alex/Topfield/TAPs/API.122//libFireBird.a(LangGetString.o)
 *fill*         0x0000000000013959 0x41519c00000003 00
 .rodata        0x000000000001395c        0xd D:/DATA/Alex/Topfield/TAPs/API.122//libFireBird.a(LangLoadStrings.o)
 *fill*         0x0000000000013969 0x41519c00000007 00
 .rodata        0x0000000000013970       0xa0 D:/DATA/Alex/Topfield/TAPs/API.122//libFireBird.a(iso639_1.o)
 .rodata        0x0000000000013a10       0x22 D:/DATA/Alex/Topfield/TAPs/API.122//libFireBird.a(tapapifix.o)
 *fill*         0x0000000000013a32 0x41519c00000002 00
 .rodata        0x0000000000013a34      0x196 D:/DATA/Alex/Topfield/TAPs/API.122//libFireBird.a(DialogProfileSave.o)
 *fill*         0x0000000000013bca 0x41519c00000006 00
 .rodata        0x0000000000013bd0       0x18 D:/DATA/Alex/Topfield/TAPs/API.122//libFireBird.a(DrawWindowLine.o)
 .rodata        0x0000000000013be8      0x195 D:/DATA/Alex/Topfield/TAPs/API.122//libFireBird.a(ProfileLoad.o)
 *fill*         0x0000000000013d7d 0x41519c00000003 00
 .rodata        0x0000000000013d80        0xf D:/DATA/Alex/Topfield/TAPs/API.122//libFireBird.a(ChangeDirRoot.o)
 *fill*         0x0000000000013d8f 0x41519c00000001 00
 .rodata        0x0000000000013d90        0x2 D:/DATA/Alex/Topfield/TAPs/API.122//libFireBird.a(INIGetARGB.o)
 *fill*         0x0000000000013d92 0x41519c00000002 00
 .rodata        0x0000000000013d94        0x2 D:/DATA/Alex/Topfield/TAPs/API.122//libFireBird.a(INIGetInt.o)
 *fill*         0x0000000000013d96 0x41519c00000002 00
 .rodata        0x0000000000013d98        0x2 D:/DATA/Alex/Topfield/TAPs/API.122//libFireBird.a(INIGetString.o)
 *fill*         0x0000000000013d9a 0x41519c00000002 00
 .rodata        0x0000000000013d9c       0x18 D:/DATA/Alex/Topfield/TAPs/API.122//libFireBird.a(INISetARGB.o)
 .rodata        0x0000000000013db4        0x3 D:/DATA/Alex/Topfield/TAPs/API.122//libFireBird.a(INISetInt.o)
 *fill*         0x0000000000013db7 0x41519c00000001 00
 .rodata        0x0000000000013db8        0x7 D:/DATA/Alex/Topfield/TAPs/API.122//libFireBird.a(INISetString.o)
 *fill*         0x0000000000013dbf 0x41519c00000001 00
 .rodata        0x0000000000013dc0      0x2b5 D:/DATA/Alex/Topfield/TAPs/API.122//libFireBird.a(InitTAPex.o)
 *fill*         0x0000000000014075 0x41519c00000003 00
 .rodata        0x0000000000014078       0x5d D:/DATA/Alex/Topfield/TAPs/API.122//libFireBird.a(FlashInitialize.o)
 *fill*         0x00000000000140d5 0x41519c00000003 00
 .rodata        0x00000000000140d8      0x180 C:/sw/prgm/gccForTAP/usr/local/lib//libc.a(ctype_.o)
                0x0000000000014157                _ctype_
 .rodata        0x0000000000014258       0x26 D:/DATA/Alex/Topfield/TAPs/API.122//libtap.a(init.o)
 *(.rodata.*)
 *(.gnu.linkonce.r*)

.rel.dyn

.data           0x000000000001427e     0x33ca
                0x000000000001427e                _fdata = .
 *(.data)
 *fill*         0x000000000001427e        0x2 00
 .data          0x0000000000014280      0xce8 ProfileEditor.o
                0x0000000000014f5c                Modified
                0x0000000000014b54                _key_voldown_Cpm
                0x0000000000014f64                pProfileColorItem
                0x000000000001437c                _icon_red_Gd
                0x00000000000148cc                _key_blue_Gd
                0x0000000000014b44                _key_progup_Gd
                0x0000000000014c9c                _key_volup_Cpm
                0x00000000000147bc                _key_green_Gd
                0x00000000000144a4                _icon_blue_Cpm
                0x0000000000014dfc                _key_exit_Cpm
                0x0000000000014c8c                _key_voldown_Gd
                0x0000000000014a00                _key_progdown_Gd
                0x00000000000146c4                _key_green_Cpm
                0x0000000000014280                _icon_red_Cpm
                0x0000000000014494                _icon_green_Gd
                0x00000000000145b8                _icon_blue_Gd
                0x0000000000014dec                _key_volup_Gd
                0x00000000000148dc                _key_progdown_Cpm
                0x00000000000145c8                _key_red_Cpm
                0x0000000000014f60                CurrentMode
                0x00000000000147cc                _key_blue_Cpm
                0x0000000000014f4c                _key_exit_Gd
                0x000000000001438c                _icon_green_Cpm
                0x00000000000146b4                _key_red_Gd
                0x0000000000014a10                _key_progup_Cpm
 .data          0x0000000000014f68        0x4 D:/DATA/Alex/Topfield/TAPs/API.122//libFireBird.a(DialogMsgBoxInit.o)
                0x0000000000014f68                FBDialogMsgBox
 .data          0x0000000000014f6c        0x4 D:/DATA/Alex/Topfield/TAPs/API.122//libFireBird.a(DialogProgressBarInit.o)
                0x0000000000014f6c                FBDialogProgressBar
 .data          0x0000000000014f70      0x674 D:/DATA/Alex/Topfield/TAPs/API.122//libFireBird.a(DialogProgressBarShow.o)
                0x000000000001520c                _ProgressBar_Border_Top_Gd
                0x00000000000155d4                _ProgressBar_Title_Gd
                0x0000000000015478                _ProgressBar_Title_Cpm
                0x0000000000014f70                _ProgressBar_Border_Top_Cpm
                0x000000000001521c                _ProgressBar_Border_Bottom_Cpm
                0x0000000000015468                _ProgressBar_Border_Bottom_Gd
 .data          0x00000000000155e4      0x670 D:/DATA/Alex/Topfield/TAPs/API.122//libFireBird.a(DialogWindowInit.o)
                0x00000000000157b8                _Scroll_Cursor_Cpm
                0x0000000000015c50                FBDialogWindow
                0x0000000000015744                _Items_NoLinesNoIcons_Line_E_Cpm
                0x0000000000015820                _Scroll_End_Gd
                0x0000000000015894                _InfoS_E_Gd
                0x00000000000157a8                _Scroll_Back_Gd
                0x0000000000015a3c                _Icon_Checkbox_Unchecked_Gd
                0x00000000000158f4                _Icon_Checkbox_Checked_Cpm
                0x00000000000157f0                _Scroll_End_Cpm
                0x0000000000015714                _Items_NoLinesNoIcons_Line_C_Cpm
                0x0000000000015864                _InfoS_E_Cpm
                0x000000000001562c                _Items_NoIcons_IconButton_Gd
                0x0000000000015668                _Items_NoIcons_Line_C_Gd
                0x0000000000015b64                _Icon_Wait_Gd
                0x0000000000015854                _InfoS_C_Gd
                0x00000000000159fc                _Icon_Checkbox_Unchecked_Cpm
                0x0000000000015c40                _Icon_OK_Gd
                0x0000000000015778                _Items_NoLinesNoIcons_Line_E_Gd
                0x0000000000015a4c                _Icon_Exclamation_Cpm
                0x00000000000159ec                _Icon_Checkbox_Checked_Gd
                0x0000000000015704                _Items_NoLinesNoIcons_IconButton_Gd
                0x000000000001563c                _Items_NoIcons_Line_C_Cpm
                0x00000000000155e4                _Items_NoIcons_IconButton_Cpm
                0x00000000000156c4                _Items_NoIcons_Line_E_Gd
                0x0000000000015ac8                _Icon_Exclamation_Gd
                0x00000000000158a4                _InfoS_W_Cpm
                0x0000000000015678                _Items_NoIcons_Line_E_Cpm
                0x00000000000156d4                _Items_NoLinesNoIcons_IconButton_Cpm
                0x0000000000015788                _Scroll_Back_Cpm
                0x0000000000015ad8                _Icon_Wait_Cpm
                0x00000000000157e0                _Scroll_Cursor_Gd
                0x0000000000015830                _InfoS_C_Cpm
                0x0000000000015b74                _Icon_OK_Cpm
                0x00000000000158e4                _InfoS_W_Gd
                0x0000000000015734                _Items_NoLinesNoIcons_Line_C_Gd
 .data          0x0000000000015c54      0xa9c D:/DATA/Alex/Topfield/TAPs/API.122//libFireBird.a(DialogWindowReInit.o)
                0x00000000000164e4                _Items_Line_E_Cpm
                0x0000000000016374                _Title_E_Gd
                0x0000000000016540                _InfoN_C_Cpm
                0x00000000000165e8                _InfoN_E_Gd
                0x00000000000161c0                _Border_SW_Cpm
                0x00000000000166ac                _Info_W_Cpm
                0x0000000000016298                _Title_C_Cpm
                0x0000000000015fe4                _Border_Info_E_Cpm
                0x0000000000015da8                _Border_NE_Gd
                0x000000000001669c                _Info_C_Gd
                0x0000000000015f48                _Border_InfoN_E_Cpm
                0x0000000000015fd4                _Border_InfoN_W_Gd
                0x00000000000164d4                _Items_Line_C_Gd
                0x0000000000016574                _InfoN_C_Gd
                0x00000000000165f8                _InfoN_W_Cpm
                0x0000000000016498                _Items_IconButton_Gd
                0x00000000000162e0                _Title_E_Cpm
                0x0000000000015eec                _Border_Items_E_Gd
                0x000000000001641c                _Title_W_Gd
                0x0000000000015eac                _Border_Items_E_Cpm
                0x00000000000161b0                _Border_SE_Gd
                0x0000000000015f38                _Border_Items_W_Gd
                0x0000000000016030                _Border_Info_W_Cpm
                0x0000000000016530                _Items_Line_E_Gd
                0x0000000000016078                _Border_S_Cpm
                0x0000000000015db8                _Border_NW_Cpm
                0x0000000000015c90                _Border_N_Gd
                0x0000000000015c54                _Border_N_Cpm
                0x000000000001666c                _InfoN_W_Gd
                0x0000000000015f84                _Border_InfoN_E_Gd
                0x0000000000015ca0                _Border_NE_Cpm
                0x0000000000016584                _InfoN_E_Cpm
                0x0000000000015f94                _Border_InfoN_W_Cpm
                0x000000000001667c                _Info_C_Cpm
                0x0000000000016288                _Border_SW_Gd
                0x00000000000160c8                _Border_SE_Cpm
                0x00000000000160b8                _Border_S_Gd
                0x00000000000166e0                _Info_W_Gd
                0x0000000000015e9c                _Border_NW_Gd
                0x0000000000016068                _Border_Info_W_Gd
                0x00000000000164a8                _Items_Line_C_Cpm
                0x0000000000015efc                _Border_Items_W_Cpm
                0x00000000000162d0                _Title_C_Gd
                0x0000000000016020                _Border_Info_E_Gd
                0x000000000001642c                _Items_IconButton_Cpm
                0x0000000000016384                _Title_W_Cpm
 .data          0x00000000000166f0        0x4 D:/DATA/Alex/Topfield/TAPs/API.122//libFireBird.a(DrawWindowScrollBar.o)
 .data          0x00000000000166f4        0x4 D:/DATA/Alex/Topfield/TAPs/API.122//libFireBird.a(ProfileInit.o)
                0x00000000000166f4                FBDialogProfile
 .data          0x00000000000166f8        0xc D:/DATA/Alex/Topfield/TAPs/API.122//libFireBird.a(LangLoadStrings.o)
                0x0000000000016700                LangStrings
                0x00000000000166fc                LangStringPtr
                0x00000000000166f8                LangNrStrings
 .data          0x0000000000016704       0x20 D:/DATA/Alex/Topfield/TAPs/API.122//libFireBird.a(tapapifix.o)
                0x0000000000016708                real_TAP_Hdd_GetRecInfo
                0x0000000000016704                real_TAP_Hdd_GetPlayInfo
                0x0000000000016718                real_TAP_Channel_SetAudioTrack
                0x0000000000016710                real_TAP_Hdd_Fseek
                0x0000000000016714                real_TAP_Hdd_ChangeDir
                0x0000000000016720                TAPAPIFixInitiated
                0x000000000001671c                real_TAP_Hdd_Delete
                0x000000000001670c                real_TAP_Hdd_Flen
 .data          0x0000000000016724        0x4 D:/DATA/Alex/Topfield/TAPs/API.122//libFireBird.a(GetOSDMapAddress.o)
 .data          0x0000000000016728        0x8 D:/DATA/Alex/Topfield/TAPs/API.122//libFireBird.a(InitAudioPointers.o)
                0x000000000001672c                RECShadow
                0x0000000000016728                pAudioTracks
 .data          0x0000000000016730      0xe30 D:/DATA/Alex/Topfield/TAPs/API.122//libFireBird.a(DialogMsgBoxShow.o)
                0x0000000000016be8                _MsgBox_C_Border_Cpm
                0x0000000000016a18                _MsgBox_W_Border_Gd
                0x0000000000017104                _MsgBox_E_Text_Gd
                0x0000000000016c8c                _MsgBox_C_Text_Cpm
                0x0000000000017030                _MsgBox_E_Text_Cpm
                0x0000000000017114                _MsgBox_In_Cpm
                0x0000000000016d98                _MsgBox_E_Title_Gd
                0x0000000000016cfc                _MsgBox_C_Text_Gd
                0x0000000000016b18                _MsgBox_W_Text_Gd
                0x0000000000016c7c                _MsgBox_C_Border_Gd
                0x0000000000017550                _MsgBox_Out_Gd
                0x0000000000017020                _MsgBox_E_Border_Gd
                0x0000000000016da8                _MsgBox_E_SubTitle_Cpm
                0x0000000000016d0c                _MsgBox_E_Title_Cpm
                0x0000000000016bd8                _MsgBox_C_SubTitle_Gd
                0x0000000000016b88                _MsgBox_C_SubTitle_Cpm
                0x0000000000016b78                _MsgBox_C_Title_Gd
                0x0000000000016e3c                _MsgBox_E_Border_Cpm
                0x0000000000016834                _MsgBox_W_SubTitle_Gd
                0x00000000000167d4                _MsgBox_W_SubTitle_Cpm
                0x0000000000016e2c                _MsgBox_E_SubTitle_Gd
                0x0000000000016a28                _MsgBox_W_Text_Cpm
                0x0000000000016730                _MsgBox_W_Title_Cpm
                0x0000000000017308                _MsgBox_Out_Cpm
                0x00000000000167c4                _MsgBox_W_Title_Gd
                0x0000000000016b28                _MsgBox_C_Title_Cpm
                0x00000000000172f8                _MsgBox_In_Gd
                0x0000000000016844                _MsgBox_W_Border_Cpm
 .data          0x0000000000017560        0x4 D:/DATA/Alex/Topfield/TAPs/API.122//libFireBird.a(HDD_GetClusterSize.o)
                0x0000000000017560                ClusterSize
 .data          0x0000000000017564        0x4 D:/DATA/Alex/Topfield/TAPs/API.122//libFireBird.a(HDD_ReadSectorDMA.o)
                0x0000000000017564                TAP_Hdd_ReadSectorDMA
 .data          0x0000000000017568        0xc D:/DATA/Alex/Topfield/TAPs/API.122//libFireBird.a(INIOpenFile.o)
                0x0000000000017570                BufferSize
                0x000000000001756c                INICommentBuffer
                0x0000000000017568                INIBuffer
 .data          0x0000000000017574        0x8 D:/DATA/Alex/Topfield/TAPs/API.122//libFireBird.a(InitTAPex.o)
                0x0000000000017578                LibInitialized
                0x0000000000017574                __fblib_version__
 .data          0x000000000001757c       0xc4 D:/DATA/Alex/Topfield/TAPs/API.122//libFireBird.a(FlashInitialize.o)
                0x00000000000175bc                FlashBlockOffsetT
                0x000000000001757c                FlashBlockOffsetS
                0x000000000001763c                FlashOffset
                0x00000000000175fc                FlashBlockOffsetC
 .data          0x0000000000017640        0x4 C:/sw/prgm/gccForTAP/usr/local/lib//libc.a(ctype_.o)
                0x0000000000017640                __ctype_ptr
 .data          0x0000000000017644        0x4 D:/DATA/Alex/Topfield/TAPs/API.122//libFireBird.a(strtoul.o)
                0x0000000000017644                _impure_ptr
 *(.data.*)
 *(.gnu.linkonce.d*)

.ctors
 *(SORT(.ctors.*))
 *(.ctors)

.dtors
 *(SORT(.dtors.*))
 *(.dtors)
                0x0000000000017648                _gp = .
                0x0000000000017648                _GLOBAL_OFFSET_TABLE_ = .

.got            0x0000000000017648      0x8ac
 *(.ref_start)
 .ref_start     0x0000000000017648        0x4 D:/DATA/Alex/Topfield/TAPs/API.122//libtap.a(init.o)
                0x0000000000017648                _tap_gotStart
 *(*.got*)
 *fill*         0x000000000001764c        0x4 00
 .got           0x0000000000017650      0x898 ProfileEditor.o
 *(*.xdata*)
 *(.ctors)
 *(.dtors)
 *(.fixup_start)
 .fixup_start   0x0000000000017ee8        0x4 D:/DATA/Alex/Topfield/TAPs/API.122//libtap.a(init.o)
                0x0000000000017ee8                _tap_fixupStart
 *(.fixup)
 *(.dynamic)
 *(.fixup_end)
 .fixup_end     0x0000000000017eec        0x4 D:/DATA/Alex/Topfield/TAPs/API.122//libtap.a(init.o)
                0x0000000000017eec                _tap_fixupEnd
 *(.ref_end)
 .ref_end       0x0000000000017ef0        0x4 D:/DATA/Alex/Topfield/TAPs/API.122//libtap.a(init.o)
                0x0000000000017ef0                _tap_gotEnd

.rosdata
 *(.rosdata)

.sdata
 *(.sdata)
 *(.sdata.*)
 *(.gnu.linkonce.s.*)
                0x0000000000017ef4                _edata = .
                0x0000000000017ef4                PROVIDE (edata, .)
                0x0000000000017ef4                __bss_start = .
                0x0000000000017ef4                _fbss = .

.sbss           0x0000000000017ef4      0x398
 *(.dynsbss)
 *(.sbss)
 *(.sbss.*)
 *(.scommon)
 .scommon       0x0000000000017ef4        0x8 ProfileEditor.o
                                          0x0 (size before relaxing)
                0x0000000000017ef4                OldFade
                0x0000000000017ef8                ShowMainWindow
 .scommon       0x0000000000017efc        0xc D:/DATA/Alex/Topfield/TAPs/API.122//libFireBird.a(DialogProgressBarShow.o)
                                          0x0 (size before relaxing)
                0x0000000000017efc                ProgressBar_Title_Gd
                0x0000000000017f00                ProgressBar_Border_Top_Gd
                0x0000000000017f04                ProgressBar_Border_Bottom_Gd
 .scommon       0x0000000000017f08       0x44 D:/DATA/Alex/Topfield/TAPs/API.122//libFireBird.a(DialogWindowInit.o)
                                          0x0 (size before relaxing)
                0x0000000000017f08                Scroll_End_Gd
                0x0000000000017f0c                InfoS_W_Gd
                0x0000000000017f10                Items_NoLinesNoIcons_Line_C_Gd
                0x0000000000017f14                Items_NoLinesNoIcons_IconButton_Gd
                0x0000000000017f18                Items_NoIcons_IconButton_Gd
                0x0000000000017f1c                Icon_Checkbox_Checked_Gd
                0x0000000000017f20                Items_NoLinesNoIcons_Line_E_Gd
                0x0000000000017f24                Items_NoIcons_Line_E_Gd
                0x0000000000017f28                Scroll_Cursor_Gd
                0x0000000000017f2c                InfoS_C_Gd
                0x0000000000017f30                Scroll_Back_Gd
                0x0000000000017f34                Icon_Wait_Gd
                0x0000000000017f38                Items_NoIcons_Line_C_Gd
                0x0000000000017f3c                Icon_OK_Gd
                0x0000000000017f40                Icon_Checkbox_Unchecked_Gd
                0x0000000000017f44                InfoS_E_Gd
                0x0000000000017f48                Icon_Exclamation_Gd
 .scommon       0x0000000000017f4c       0x5c D:/DATA/Alex/Topfield/TAPs/API.122//libFireBird.a(DialogWindowReInit.o)
                                          0x0 (size before relaxing)
                0x0000000000017f4c                Border_Info_E_Gd
                0x0000000000017f50                Title_E_Gd
                0x0000000000017f54                Border_InfoN_E_Gd
                0x0000000000017f58                Border_Items_E_Gd
                0x0000000000017f5c                Title_W_Gd
                0x0000000000017f60                InfoN_E_Gd
                0x0000000000017f64                Border_Info_W_Gd
                0x0000000000017f68                Border_NE_Gd
                0x0000000000017f6c                Info_W_Gd
                0x0000000000017f70                InfoN_W_Gd
                0x0000000000017f74                Info_C_Gd
                0x0000000000017f78                Border_N_Gd
                0x0000000000017f7c                Items_Line_C_Gd
                0x0000000000017f80                Title_C_Gd
                0x0000000000017f84                Border_SW_Gd
                0x0000000000017f88                Border_S_Gd
                0x0000000000017f8c                Border_InfoN_W_Gd
                0x0000000000017f90                InfoN_C_Gd
                0x0000000000017f94                Items_IconButton_Gd
                0x0000000000017f98                Border_NW_Gd
                0x0000000000017f9c                Border_SE_Gd
                0x0000000000017fa0                Border_Items_W_Gd
                0x0000000000017fa4                Items_Line_E_Gd
 .scommon       0x0000000000017fa8        0x8 D:/DATA/Alex/Topfield/TAPs/API.122//libFireBird.a(CalcPrepare.o)
                                          0x0 (size before relaxing)
                0x0000000000017fa8                PrevTopItem
                0x0000000000017fac                PrevSelItem
 .scommon       0x0000000000017fb0       0x38 D:/DATA/Alex/Topfield/TAPs/API.122//libFireBird.a(DialogMsgBoxShow.o)
                                          0x0 (size before relaxing)
                0x0000000000017fb0                MsgBox_E_Title_Gd
                0x0000000000017fb4                MsgBox_C_Border_Gd
                0x0000000000017fb8                MsgBox_E_Text_Gd
                0x0000000000017fbc                MsgBox_Out_Gd
                0x0000000000017fc0                MsgBox_C_Title_Gd
                0x0000000000017fc4                MsgBox_In_Gd
                0x0000000000017fc8                MsgBox_E_Border_Gd
                0x0000000000017fcc                MsgBox_W_SubTitle_Gd
                0x0000000000017fd0                MsgBox_E_SubTitle_Gd
                0x0000000000017fd4                MsgBox_W_Title_Gd
                0x0000000000017fd8                MsgBox_C_Text_Gd
                0x0000000000017fdc                MsgBox_W_Border_Gd
                0x0000000000017fe0                MsgBox_C_SubTitle_Gd
                0x0000000000017fe4                MsgBox_W_Text_Gd
 .scommon       0x0000000000017fe8       0x64 D:/DATA/Alex/Topfield/TAPs/API.122//libFireBird.a(InitTAPex.o)
                                          0x0 (size before relaxing)
                0x0000000000017fe8                FlashMemory_Settings
                0x0000000000017fec                pScalerSettingsUnk1
                0x0000000000017ff0                FlashMemory_Defaults
                0x0000000000017ff4                TAPgp
                0x0000000000017ff8                FWgp
                0x0000000000017ffc                TAP_IndexAddress
                0x0000000000018000                BIOSAddress
                0x0000000000018004                pWD3
                0x0000000000018008                pWD4
                0x000000000001800c                pFWWDBackup
                0x0000000000018010                ApplID
                0x0000000000018014                EventDispatcherAddress
                0x0000000000018018                TAP_TableAddress
                0x000000000001801c                pScalerSettingsPIP
                0x0000000000018020                pWD2
                0x0000000000018024                FlashMemory_Base
                0x0000000000018028                pScalerSettingsMain
                0x000000000001802c                pFWWD
                0x0000000000018030                pWD1
                0x0000000000018034                Hardware_bff00000
                0x0000000000018038                TAP_TableIndex
                0x000000000001803c                FlashMemory_Firmware
                0x0000000000018040                pWD5
                0x0000000000018044                pScalerSettingsUnk2
                0x0000000000018048                SysID
 .scommon       0x000000000001804c        0x4 D:/DATA/Alex/Topfield/TAPs/API.122//libFireBird.a(FlashInitialize.o)
                                          0x0 (size before relaxing)
                0x000000000001804c                FlashType
 .scommon       0x0000000000018050      0x23c D:/DATA/Alex/Topfield/TAPs/API.122//libtap.a(init.o)
                                          0x0 (size before relaxing)
                0x0000000000018050                TAP_ControlEit
                0x0000000000018054                TAP_Usb_Write
                0x0000000000018058                TAP_Timer_Modify
                0x000000000001805c                TAP_Hdd_StopRecord
                0x0000000000018060                TAP_GetState
                0x0000000000018064                TAP_Win_SetAvtice
                0x0000000000018068                TAP_Channel_Start
                0x000000000001806c                TAP_Osd_SaveBox
                0x0000000000018070                TAP_Vfd_GetStatus
                0x0000000000018074                TAP_WriteSystemVar
                0x0000000000018078                TAP_Osd_DrawString
                0x000000000001807c                TAP_Osd_PutGd__
                0x0000000000018080                TAP_Osd_Draw3dBoxFill
                0x0000000000018084                TAP_Hdd_SetBookmark
                0x0000000000018088                TAP_Channel_SetSubtitleTrack
                0x000000000001808c                TAP_Win_AddItem
                0x0000000000018090                TAP_Hdd_Rename
                0x0000000000018094                TAP_Timer_GetTotalNum
                0x0000000000018098                TAP_Osd_Zoom
                0x000000000001809c                TAP_Vfd_Control
                0x00000000000180a0                TAP_Win_Action
                0x00000000000180a4                TAP_Usb_Cancel
                0x00000000000180a8                TAP_GetSystemProc
                0x00000000000180ac                TAP_GetSystemVar
                0x00000000000180b0                TAP_Hdd_Flen
                0x00000000000180b4                TAP_MakeMjd
                0x00000000000180b8                TAP_GetCurrentEvent
                0x00000000000180bc                TAP_SetBaudRate
                0x00000000000180c0                TAP_Win_SetColor
                0x00000000000180c4                TAP_Channel_GetAudioTrackName
                0x00000000000180c8                TAP_Channel_GetInfo
                0x00000000000180cc                TAP_Win_Create
                0x00000000000180d0                TAP_Channel_Move
                0x00000000000180d4                TAP_Osd_GetBaseInfo
                0x00000000000180d8                TAP_Exit
                0x00000000000180dc                TAP_Channel_GetCurrent
                0x00000000000180e0                TAP_Usb_PacketRead
                0x00000000000180e4                TAP_Hdd_GetHddID
                0x00000000000180e8                TAP_SetInfoboxTime
                0x00000000000180ec                TAP_GenerateEvent
                0x00000000000180f0                TAP_Delay
                0x00000000000180f4                TAP_Win_GetSelection
                0x00000000000180f8                TAP_Hdd_PlayTs
                0x00000000000180fc                TAP_Vfd_SendData
                0x0000000000018100                TAP_Channel_Scale
                0x0000000000018104                TAP_Print
                0x0000000000018108                TAP_Hdd_Fseek
                0x000000000001810c                TAP_Hdd_FreeSize
                0x0000000000018110                TAP_Osd_GetPixel
                0x0000000000018114                TAP_Hdd_FindNext
                0x0000000000018118                TAP_Win_SetDefaultColor
                0x000000000001811c                TAP_ExitNormal
                0x0000000000018120                TAP_PutByte
                0x0000000000018124                TAP_Hdd_ChangeDir
                0x0000000000018128                TAP_Osd_SetLut
                0x000000000001812c                TAP_Win_SetTitle
                0x0000000000018130                TAP_SetSoundLevel
                0x0000000000018134                TAP_SetSystemVar
                0x0000000000018138                TAP_EnterNormal
                0x000000000001813c                TAP_Win_SetDrawItemFunc
                0x0000000000018140                TAP_Channel_Stop
                0x0000000000018144                TAP_PutEvent
                0x0000000000018148                TAP_Usb_PacketWrite
                0x000000000001814c                TAP_Usb_Read
                0x0000000000018150                TAP_Hdd_TotalSize
                0x0000000000018154                TAP_Hdd_Fwrite
                0x0000000000018158                TAP_Channel_SetAudioTrack
                0x000000000001815c                TAP_Osd_GetW
                0x0000000000018160                TAP_PrintSys
                0x0000000000018164                TAP_EPG_GetExtInfo
                0x0000000000018168                TAP_SetBk
                0x000000000001816c                TAP_Channel_GetTotalAudioTrack
                0x0000000000018170                TAP_Win_SetSelection
                0x0000000000018174                TAP_Hdd_ChangePlaybackPos
                0x0000000000018178                TAP_EPG_UpdateEvent
                0x000000000001817c                TAP_Osd_PutBox
                0x0000000000018180                TAP_Osd_Create
                0x0000000000018184                TAP_Hdd_Fclose
                0x0000000000018188                TAP_Win_Delete
                0x000000000001818c                TAP_Hdd_Create
                0x0000000000018190                TAP_Osd_Move
                0x0000000000018194                TAP_Hdd_FindFirst
                0x0000000000018198                TAP_Cos
                0x000000000001819c                TAP_GetSignalQuality
                0x00000000000181a0                TAP_Win_Draw
                0x00000000000181a4                TAP_EPG_DeleteEvent
                0x00000000000181a8                TAP_GetTime
                0x00000000000181ac                TAP_CaptureScreen
                0x00000000000181b0                TAP_Hdd_Delete
                0x00000000000181b4                TAP_Hdd_Exist
                0x00000000000181b8                TAP_Win_SetFont
                0x00000000000181bc                TAP_Channel_IsStarted
                0x00000000000181c0                TAP_MemFree
                0x00000000000181c4                TAP_GetCh
                0x00000000000181c8                TAP_PlayPCM
                0x00000000000181cc                TAP_Hdd_Ftell
                0x00000000000181d0                TAP_Channel_GetSubtitleTrackName
                0x00000000000181d4                TAP_Timer_GetInfo
                0x00000000000181d8                TAP_Timer_Delete
                0x00000000000181dc                TAP_Osd_SetTransparency
                0x00000000000181e0                TAP_Hdd_StartRecord
                0x00000000000181e4                _tap_startAddr
                0x00000000000181e8                TAP_KbHit
                0x00000000000181ec                TAP_Osd_PutS
                0x00000000000181f0                TAP_Channel_IsPlayable
                0x00000000000181f4                TAP_Channel_GetFirstInfo
                0x00000000000181f8                TAP_MemInfo
                0x00000000000181fc                TAP_Channel_GetNextInfo
                0x0000000000018200                TAP_SPrint
                0x0000000000018204                TAP_Osd_RestoreBox
                0x0000000000018208                TAP_Osd_Ctrl
                0x000000000001820c                TAP_GetSignalLevel
                0x0000000000018210                TAP_Osd_DrawPixmap
                0x0000000000018214                TAP_SystemProc
                0x0000000000018218                _appl_version
                0x000000000001821c                TAP_PutCh
                0x0000000000018220                TAP_Hdd_GetRecInfo
                0x0000000000018224                TAP_Hdd_Fread
                0x0000000000018228                TAP_Osd_Delete
                0x000000000001822c                TAP_Hdd_Fopen
                0x0000000000018230                TAP_Timer_Add
                0x0000000000018234                TAP_Osd_FillBox
                0x0000000000018238                TAP_Channel_GetTotalNum
                0x000000000001823c                TAP_GetEvent
                0x0000000000018240                TAP_Hdd_GotoBookmark
                0x0000000000018244                TAP_Hdd_StopMp3
                0x0000000000018248                TAP_Channel_GetCurrentSubTV
                0x000000000001824c                TAP_Osd_DrawRectangle
                0x0000000000018250                TAP_ExtractMjd
                0x0000000000018254                TAP_Osd_PutStringAf
                0x0000000000018258                TAP_Osd_Draw3dBox
                0x000000000001825c                TAP_SysOsdControl
                0x0000000000018260                TAP_MemAlloc
                0x0000000000018264                TAP_Osd_PutPixel
                0x0000000000018268                TAP_Channel_GetTotalSubtitleTrack
                0x000000000001826c                TAP_Hdd_PlayMp3
                0x0000000000018270                TAP_Hdd_StopTs
                0x0000000000018274                TAP_Osd_GetBox
                0x0000000000018278                TAP_Sin
                0x000000000001827c                TAP_Osd_PutString
                0x0000000000018280                TAP_Osd_Copy
                0x0000000000018284                TAP_Hdd_GetPlayInfo
                0x0000000000018288                TAP_GetTick

.bss            0x0000000000018290      0xeb0
 *(.dynbss)
 *(.bss)
 .bss           0x0000000000018290       0x16 ProfileEditor.o
 *fill*         0x00000000000182a6 0x41519c00000002 00
 .bss           0x00000000000182a8      0x2b4 D:/DATA/Alex/Topfield/TAPs/API.122//libFireBird.a(tapapifix.o)
 *fill*         0x000000000001855c 0x41519c00000004 00
 .bss           0x0000000000018560        0xc D:/DATA/Alex/Topfield/TAPs/API.122//libFireBird.a(INISetARGB.o)
 *(.bss.*)
 *(COMMON)
 *fill*         0x000000000001856c        0x4 00
 COMMON         0x0000000000018570      0x610 ProfileEditor.o
                                          0x0 (size before relaxing)
                0x0000000000018570                DialogProgressBar
                0x0000000000018620                DialogProfile
                0x0000000000018670                DialogWindow
                0x0000000000018970                DialogMsgBox
 COMMON         0x0000000000018b80      0x200 D:/DATA/Alex/Topfield/TAPs/API.122//libFireBird.a(HDD_GetClusterSize.o)
                                          0x0 (size before relaxing)
                0x0000000000018b80                HDDIOBuffer
 COMMON         0x0000000000018d80       0x40 D:/DATA/Alex/Topfield/TAPs/API.122//libFireBird.a(FlashInitialize.o)
                                          0x0 (size before relaxing)
                0x0000000000018d80                FlashBlockOffset
 COMMON         0x0000000000018dc0      0x380 D:/DATA/Alex/Topfield/TAPs/API.122//libFireBird.a(strtoul.o)
                                          0x0 (size before relaxing)
                0x0000000000018dc0                impure_data
                0x0000000000019140                . = ALIGN (0x4)

.stab
 *(.stab)

.debug
 *(.debug)
                0x0000000000019140                _end = .
                0x0000000000019140                PROVIDE (end, .)
LOAD ProfileEditor.o
LOAD D:/DATA/Alex/Topfield/TAPs/API.122//libFireBird.a
LOAD C:/sw/prgm/gccForTAP/usr/local/lib//libc.a
LOAD D:/DATA/Alex/Topfield/TAPs/API.122//libtap.a
LOAD C:/sw/prgm/gccForTAP/usr/local/lib/gcc-lib/mips/2.95.3/soft-float//libgcc.a
LOAD D:/DATA/Alex/Topfield/TAPs/API.122//libFireBird.a
OUTPUT(ProfileEditor.elf elf32-bigmips)

.reginfo        0x0000000000000000       0x18
 .reginfo       0x0000000000000000       0x18 ProfileEditor.o

.mdebug         0x0000000000000000     0xc000
 .mdebug        0x0000000000000000      0xc8c ProfileEditor.o
 .mdebug        0x0000000000000c8c      0x344 D:/DATA/Alex/Topfield/TAPs/API.122//libFireBird.a(DialogEvent.o)
 .mdebug        0x0000000000000fd0      0x2f4 D:/DATA/Alex/Topfield/TAPs/API.122//libFireBird.a(DialogMsgBoxExit.o)
 .mdebug        0x00000000000012c4      0x28c D:/DATA/Alex/Topfield/TAPs/API.122//libFireBird.a(DialogMsgBoxInit.o)
 .mdebug        0x0000000000001550      0x25c D:/DATA/Alex/Topfield/TAPs/API.122//libFireBird.a(DialogMsgBoxShowInfo.o)
 .mdebug        0x00000000000017ac      0x260 D:/DATA/Alex/Topfield/TAPs/API.122//libFireBird.a(DialogMsgBoxShowYesNo.o)
 .mdebug        0x0000000000001a0c      0x258 D:/DATA/Alex/Topfield/TAPs/API.122//libFireBird.a(DialogMsgBoxTitleSet.o)
 .mdebug        0x0000000000001c64      0x2a4 D:/DATA/Alex/Topfield/TAPs/API.122//libFireBird.a(DialogProfileSaveDefault.o)
 .mdebug        0x0000000000001f08      0x304 D:/DATA/Alex/Topfield/TAPs/API.122//libFireBird.a(DialogProgressBarExit.o)
 .mdebug        0x000000000000220c      0x2a0 D:/DATA/Alex/Topfield/TAPs/API.122//libFireBird.a(DialogProgressBarInit.o)
 .mdebug        0x00000000000024ac      0x248 D:/DATA/Alex/Topfield/TAPs/API.122//libFireBird.a(DialogProgressBarSet.o)
 .mdebug        0x00000000000026f4      0x50c D:/DATA/Alex/Topfield/TAPs/API.122//libFireBird.a(DialogProgressBarShow.o)
 .mdebug        0x0000000000002c00      0x26c D:/DATA/Alex/Topfield/TAPs/API.122//libFireBird.a(DialogProgressBarTitleSet.o)
 .mdebug        0x0000000000002e6c      0x27c D:/DATA/Alex/Topfield/TAPs/API.122//libFireBird.a(DialogWindowCursorSet.o)
 .mdebug        0x00000000000030e8      0x374 D:/DATA/Alex/Topfield/TAPs/API.122//libFireBird.a(DialogWindowHide.o)
 .mdebug        0x000000000000345c      0x258 D:/DATA/Alex/Topfield/TAPs/API.122//libFireBird.a(DialogWindowInfoAddIcon.o)
 .mdebug        0x00000000000036b4      0x268 D:/DATA/Alex/Topfield/TAPs/API.122//libFireBird.a(DialogWindowInfoAddS.o)
 .mdebug        0x000000000000391c      0xabc D:/DATA/Alex/Topfield/TAPs/API.122//libFireBird.a(DialogWindowInit.o)
 .mdebug        0x00000000000043d8      0x2f0 D:/DATA/Alex/Topfield/TAPs/API.122//libFireBird.a(DialogWindowItemAdd.o)
 .mdebug        0x00000000000046c8      0x23c D:/DATA/Alex/Topfield/TAPs/API.122//libFireBird.a(DialogWindowItemAddSeparator.o)
 .mdebug        0x0000000000004904      0x230 D:/DATA/Alex/Topfield/TAPs/API.122//libFireBird.a(DialogWindowItemChangeFlags.o)
 .mdebug        0x0000000000004b34      0x230 D:/DATA/Alex/Topfield/TAPs/API.122//libFireBird.a(DialogWindowItemChangeIcon.o)
 .mdebug        0x0000000000004d64      0x254 D:/DATA/Alex/Topfield/TAPs/API.122//libFireBird.a(DialogWindowItemChangeParameter.o)
 .mdebug        0x0000000000004fb8      0x248 D:/DATA/Alex/Topfield/TAPs/API.122//libFireBird.a(DialogWindowItemChangeValue.o)
 .mdebug        0x0000000000005200      0xa6c D:/DATA/Alex/Topfield/TAPs/API.122//libFireBird.a(DialogWindowReInit.o)
 .mdebug        0x0000000000005c6c      0x2dc D:/DATA/Alex/Topfield/TAPs/API.122//libFireBird.a(DialogWindowRefresh.o)
 .mdebug        0x0000000000005f48      0x2a0 D:/DATA/Alex/Topfield/TAPs/API.122//libFireBird.a(DialogWindowScrollDown.o)
 .mdebug        0x00000000000061e8      0x2cc D:/DATA/Alex/Topfield/TAPs/API.122//libFireBird.a(DialogWindowScrollDownPage.o)
 .mdebug        0x00000000000064b4      0x29c D:/DATA/Alex/Topfield/TAPs/API.122//libFireBird.a(DialogWindowScrollUp.o)
 .mdebug        0x0000000000006750      0x2c8 D:/DATA/Alex/Topfield/TAPs/API.122//libFireBird.a(DialogWindowScrollUpPage.o)
 .mdebug        0x0000000000006a18      0x350 D:/DATA/Alex/Topfield/TAPs/API.122//libFireBird.a(DialogWindowShow.o)
 .mdebug        0x0000000000006d68      0x258 D:/DATA/Alex/Topfield/TAPs/API.122//libFireBird.a(DialogWindowTabulatorSet.o)
 .mdebug        0x0000000000006fc0      0x23c D:/DATA/Alex/Topfield/TAPs/API.122//libFireBird.a(DialogWindowTitleChange.o)
 .mdebug        0x00000000000071fc      0x224 D:/DATA/Alex/Topfield/TAPs/API.122//libFireBird.a(DialogWindowTypeChange.o)
 .mdebug        0x0000000000007420      0x2f8 D:/DATA/Alex/Topfield/TAPs/API.122//libFireBird.a(DrawMsgBoxButtons.o)
 .mdebug        0x0000000000007718      0x394 D:/DATA/Alex/Topfield/TAPs/API.122//libFireBird.a(DrawMsgBoxTitle.o)
 .mdebug        0x0000000000007aac      0x33c D:/DATA/Alex/Topfield/TAPs/API.122//libFireBird.a(DrawProgressBarBar.o)
 .mdebug        0x0000000000007de8      0x2c8 D:/DATA/Alex/Topfield/TAPs/API.122//libFireBird.a(DrawProgressBarTitle.o)
 .mdebug        0x00000000000080b0      0x2b8 D:/DATA/Alex/Topfield/TAPs/API.122//libFireBird.a(DrawWindowBorder.o)
 .mdebug        0x0000000000008368      0x334 D:/DATA/Alex/Topfield/TAPs/API.122//libFireBird.a(DrawWindowInfo.o)
 .mdebug        0x000000000000869c      0x44c D:/DATA/Alex/Topfield/TAPs/API.122//libFireBird.a(DrawWindowLines.o)
 .mdebug        0x0000000000008ae8      0x3e4 D:/DATA/Alex/Topfield/TAPs/API.122//libFireBird.a(DrawWindowScrollBar.o)
 .mdebug        0x0000000000008ecc      0x2cc D:/DATA/Alex/Topfield/TAPs/API.122//libFireBird.a(DrawWindowTitle.o)
 .mdebug        0x0000000000009198      0x280 D:/DATA/Alex/Topfield/TAPs/API.122//libFireBird.a(HasEnoughItemMemory.o)
 .mdebug        0x0000000000009418      0x214 D:/DATA/Alex/Topfield/TAPs/API.122//libFireBird.a(OSDLinesForeDirty.o)
 .mdebug        0x000000000000962c      0x2f8 D:/DATA/Alex/Topfield/TAPs/API.122//libFireBird.a(ProfileInit.o)
 .mdebug        0x0000000000009924      0x234 D:/DATA/Alex/Topfield/TAPs/API.122//libFireBird.a(ProfileMayReload.o)
 .mdebug        0x0000000000009b58      0x200 D:/DATA/Alex/Topfield/TAPs/API.122//libFireBird.a(WindowDirty.o)
 .mdebug        0x0000000000009d58      0x2a4 D:/DATA/Alex/Topfield/TAPs/API.122//libFireBird.a(HDD_ChangeDir.o)
 .mdebug        0x0000000000009ffc      0x240 D:/DATA/Alex/Topfield/TAPs/API.122//libFireBird.a(LangGetString.o)
 .mdebug        0x000000000000a23c      0x418 D:/DATA/Alex/Topfield/TAPs/API.122//libFireBird.a(LangLoadStrings.o)
 .mdebug        0x000000000000a654      0x268 D:/DATA/Alex/Topfield/TAPs/API.122//libFireBird.a(LangUnloadStrings.o)
 .mdebug        0x000000000000a8bc      0x1dc D:/DATA/Alex/Topfield/TAPs/API.122//libFireBird.a(iso639_1.o)
 .mdebug        0x000000000000aa98      0x290 D:/DATA/Alex/Topfield/TAPs/API.122//libFireBird.a(HDD_TAP_GetCurrentDirCluster.o)
 .mdebug        0x000000000000ad28      0x278 D:/DATA/Alex/Topfield/TAPs/API.122//libFireBird.a(HDD_TAP_GetInfo.o)
 .mdebug        0x000000000000afa0      0x2d4 D:/DATA/Alex/Topfield/TAPs/API.122//libFireBird.a(HDD_TAP_SetCurrentDirCluster.o)
 .mdebug        0x000000000000b274      0xa48 D:/DATA/Alex/Topfield/TAPs/API.122//libFireBird.a(tapapifix.o)
 .mdebug        0x000000000000bcbc      0x204 D:/DATA/Alex/Topfield/TAPs/API.122//libFireBird.a(DrawOSDLine.o)
 .mdebug        0x000000000000bec0      0x23c D:/DATA/Alex/Topfield/TAPs/API.122//libFireBird.a(FreeOSDRegion.o)
 .mdebug        0x000000000000c0fc      0x284 D:/DATA/Alex/Topfield/TAPs/API.122//libFireBird.a(GetOSDMapAddress.o)
 .mdebug        0x000000000000c380      0x21c D:/DATA/Alex/Topfield/TAPs/API.122//libFireBird.a(GetOSDRegionHeight.o)
 .mdebug        0x000000000000c59c      0x214 D:/DATA/Alex/Topfield/TAPs/API.122//libFireBird.a(GetOSDRegionWidth.o)
 .mdebug        0x000000000000c7b0      0x280 D:/DATA/Alex/Topfield/TAPs/API.122//libFireBird.a(InitAudioPointers.o)
 .mdebug        0x000000000000ca30      0x1f4 D:/DATA/Alex/Topfield/TAPs/API.122//libFireBird.a(OSDCopy.o)
 .mdebug        0x000000000000cc24      0x2dc D:/DATA/Alex/Topfield/TAPs/API.122//libFireBird.a(TAP_Osd_PutFreeColorGd.o)
 .mdebug        0x000000000000cf00      0x238 D:/DATA/Alex/Topfield/TAPs/API.122//libFireBird.a(isOSDRegionAlive.o)
 .mdebug        0x000000000000d138      0x428 D:/DATA/Alex/Topfield/TAPs/API.122//libFireBird.a(BuildWindowBorder.o)
 .mdebug        0x000000000000d560      0x384 D:/DATA/Alex/Topfield/TAPs/API.122//libFireBird.a(BuildWindowInfo.o)
 .mdebug        0x000000000000d8e4      0x41c D:/DATA/Alex/Topfield/TAPs/API.122//libFireBird.a(BuildWindowLine.o)
 .mdebug        0x000000000000dd00      0x434 D:/DATA/Alex/Topfield/TAPs/API.122//libFireBird.a(BuildWindowLineSelected.o)
 .mdebug        0x000000000000e134      0x33c D:/DATA/Alex/Topfield/TAPs/API.122//libFireBird.a(BuildWindowScrollBar.o)
 .mdebug        0x000000000000e470      0x304 D:/DATA/Alex/Topfield/TAPs/API.122//libFireBird.a(BuildWindowTitle.o)
 .mdebug        0x000000000000e774      0x238 D:/DATA/Alex/Topfield/TAPs/API.122//libFireBird.a(CalcPrepare.o)
 .mdebug        0x000000000000e9ac      0x260 D:/DATA/Alex/Topfield/TAPs/API.122//libFireBird.a(CalcTopIndex.o)
 .mdebug        0x000000000000ec0c      0x20c D:/DATA/Alex/Topfield/TAPs/API.122//libFireBird.a(CheckSelectable.o)
 .mdebug        0x000000000000ee18      0x92c D:/DATA/Alex/Topfield/TAPs/API.122//libFireBird.a(DialogMsgBoxShow.o)
 .mdebug        0x000000000000f744      0x210 D:/DATA/Alex/Topfield/TAPs/API.122//libFireBird.a(DialogProfileLoad.o)
 .mdebug        0x000000000000f954      0x2f4 D:/DATA/Alex/Topfield/TAPs/API.122//libFireBird.a(DialogProfileSave.o)
 .mdebug        0x000000000000fc48      0x464 D:/DATA/Alex/Topfield/TAPs/API.122//libFireBird.a(DrawWindowLine.o)
 .mdebug        0x00000000000100ac      0x208 D:/DATA/Alex/Topfield/TAPs/API.122//libFireBird.a(ProfileDirty.o)
 .mdebug        0x00000000000102b4      0x2e4 D:/DATA/Alex/Topfield/TAPs/API.122//libFireBird.a(ProfileLoad.o)
 .mdebug        0x0000000000010598      0x260 D:/DATA/Alex/Topfield/TAPs/API.122//libFireBird.a(ChangeDirRoot.o)
 .mdebug        0x00000000000107f8      0x254 D:/DATA/Alex/Topfield/TAPs/API.122//libFireBird.a(HDD_GetClusterSize.o)
 .mdebug        0x0000000000010a4c      0x23c D:/DATA/Alex/Topfield/TAPs/API.122//libFireBird.a(HDD_ReadSectorDMA.o)
 .mdebug        0x0000000000010c88      0x258 D:/DATA/Alex/Topfield/TAPs/API.122//libFireBird.a(INICloseFile.o)
 .mdebug        0x0000000000010ee0      0x260 D:/DATA/Alex/Topfield/TAPs/API.122//libFireBird.a(INIGetARGB.o)
 .mdebug        0x0000000000011140      0x25c D:/DATA/Alex/Topfield/TAPs/API.122//libFireBird.a(INIGetInt.o)
 .mdebug        0x000000000001139c      0x24c D:/DATA/Alex/Topfield/TAPs/API.122//libFireBird.a(INIGetString.o)
 .mdebug        0x00000000000115e8      0x320 D:/DATA/Alex/Topfield/TAPs/API.122//libFireBird.a(INIOpenFile.o)
 .mdebug        0x0000000000011908      0x2e8 D:/DATA/Alex/Topfield/TAPs/API.122//libFireBird.a(INISaveFile.o)
 .mdebug        0x0000000000011bf0      0x240 D:/DATA/Alex/Topfield/TAPs/API.122//libFireBird.a(INISetARGB.o)
 .mdebug        0x0000000000011e30      0x214 D:/DATA/Alex/Topfield/TAPs/API.122//libFireBird.a(INISetInt.o)
 .mdebug        0x0000000000012044      0x2e8 D:/DATA/Alex/Topfield/TAPs/API.122//libFireBird.a(INISetString.o)
 .mdebug        0x000000000001232c      0x578 D:/DATA/Alex/Topfield/TAPs/API.122//libFireBird.a(InitTAPex.o)
 .mdebug        0x00000000000128a4      0x320 D:/DATA/Alex/Topfield/TAPs/API.122//libFireBird.a(FlashInitialize.o)
 .mdebug        0x0000000000012bc4      0x228 D:/DATA/Alex/Topfield/TAPs/API.122//libFireBird.a(HDD_TouchFile.o)
 .mdebug        0x0000000000012dec      0x234 D:/DATA/Alex/Topfield/TAPs/API.122//libFireBird.a(HDD_TruncateFile.o)
 .mdebug        0x0000000000013020      0x238 D:/DATA/Alex/Topfield/TAPs/API.122//libFireBird.a(INIFindStartEnd.o)
 .mdebug        0x0000000000013258      0x234 D:/DATA/Alex/Topfield/TAPs/API.122//libFireBird.a(FindInstructionSequence.o)
 .mdebug        0x000000000001348c      0x240 D:/DATA/Alex/Topfield/TAPs/API.122//libFireBird.a(stricstr.o)
 .mdebug        0x00000000000136cc      0x1e0 D:/DATA/Alex/Topfield/TAPs/API.122//libFireBird.a(HDD_SetFileDateTime.o)
 .mdebug        0x00000000000138ac      0x1ac C:/sw/prgm/gccForTAP/usr/local/lib//libc.a(ctype_.o)
 .mdebug        0x0000000000013a58      0x1bc C:/sw/prgm/gccForTAP/usr/local/lib//libc.a(memcpy.o)
 .mdebug        0x0000000000013c14      0x1bc C:/sw/prgm/gccForTAP/usr/local/lib//libc.a(memmove.o)
 .mdebug        0x0000000000013dd0      0x1bc C:/sw/prgm/gccForTAP/usr/local/lib//libc.a(memset.o)
 .mdebug        0x0000000000013f8c      0x1ec C:/sw/prgm/gccForTAP/usr/local/lib//libc.a(strcat.o)
 .mdebug        0x0000000000014178      0x1bc C:/sw/prgm/gccForTAP/usr/local/lib//libc.a(strchr.o)
 .mdebug        0x0000000000014334      0x1bc C:/sw/prgm/gccForTAP/usr/local/lib//libc.a(strcmp.o)
 .mdebug        0x00000000000144f0      0x1bc C:/sw/prgm/gccForTAP/usr/local/lib//libc.a(strcpy.o)
 .mdebug        0x00000000000146ac      0x1bc C:/sw/prgm/gccForTAP/usr/local/lib//libc.a(strlen.o)
 .mdebug        0x0000000000014868      0x1fc C:/sw/prgm/gccForTAP/usr/local/lib//libc.a(strncasecmp.o)
 .mdebug        0x0000000000014a64      0x1bc C:/sw/prgm/gccForTAP/usr/local/lib//libc.a(strncpy.o)
 .mdebug        0x0000000000014c20      0x1bc C:/sw/prgm/gccForTAP/usr/local/lib//libc.a(strpbrk.o)
 .mdebug        0x0000000000014ddc      0x284 C:/sw/prgm/gccForTAP/usr/local/lib//libc.a(strtoul.o)
 .mdebug        0x0000000000015060     0x176c D:/DATA/Alex/Topfield/TAPs/API.122//libtap.a(init.o)
 .mdebug        0x00000000000167cc      0x180 D:/DATA/Alex/Topfield/TAPs/API.122//libFireBird.a(strtoul.o)

Cross Reference Table

Symbol                                            File
ApplID                                            D:/DATA/Alex/Topfield/TAPs/API.122//libFireBird.a(InitTAPex.o)
BIOSAddress                                       D:/DATA/Alex/Topfield/TAPs/API.122//libFireBird.a(InitTAPex.o)
Border_InfoN_E_Gd                                 D:/DATA/Alex/Topfield/TAPs/API.122//libFireBird.a(BuildWindowBorder.o)
                                                  D:/DATA/Alex/Topfield/TAPs/API.122//libFireBird.a(DialogWindowReInit.o)
Border_InfoN_W_Gd                                 D:/DATA/Alex/Topfield/TAPs/API.122//libFireBird.a(BuildWindowBorder.o)
                                                  D:/DATA/Alex/Topfield/TAPs/API.122//libFireBird.a(DialogWindowReInit.o)
Border_Info_E_Gd                                  D:/DATA/Alex/Topfield/TAPs/API.122//libFireBird.a(BuildWindowBorder.o)
                                                  D:/DATA/Alex/Topfield/TAPs/API.122//libFireBird.a(DialogWindowReInit.o)
Border_Info_W_Gd                                  D:/DATA/Alex/Topfield/TAPs/API.122//libFireBird.a(BuildWindowBorder.o)
                                                  D:/DATA/Alex/Topfield/TAPs/API.122//libFireBird.a(DialogWindowReInit.o)
Border_Items_E_Gd                                 D:/DATA/Alex/Topfield/TAPs/API.122//libFireBird.a(BuildWindowBorder.o)
                                                  D:/DATA/Alex/Topfield/TAPs/API.122//libFireBird.a(DrawWindowScrollBar.o)
                                                  D:/DATA/Alex/Topfield/TAPs/API.122//libFireBird.a(DrawWindowLines.o)
                                                  D:/DATA/Alex/Topfield/TAPs/API.122//libFireBird.a(DialogWindowReInit.o)
Border_Items_W_Gd                                 D:/DATA/Alex/Topfield/TAPs/API.122//libFireBird.a(BuildWindowBorder.o)
                                                  D:/DATA/Alex/Topfield/TAPs/API.122//libFireBird.a(DrawWindowScrollBar.o)
                                                  D:/DATA/Alex/Topfield/TAPs/API.122//libFireBird.a(DrawWindowLines.o)
                                                  D:/DATA/Alex/Topfield/TAPs/API.122//libFireBird.a(DialogWindowReInit.o)
Border_NE_Gd                                      D:/DATA/Alex/Topfield/TAPs/API.122//libFireBird.a(BuildWindowBorder.o)
                                                  D:/DATA/Alex/Topfield/TAPs/API.122//libFireBird.a(DialogWindowReInit.o)
Border_NW_Gd                                      D:/DATA/Alex/Topfield/TAPs/API.122//libFireBird.a(BuildWindowBorder.o)
                                                  D:/DATA/Alex/Topfield/TAPs/API.122//libFireBird.a(DialogWindowReInit.o)
Border_N_Gd                                       D:/DATA/Alex/Topfield/TAPs/API.122//libFireBird.a(BuildWindowBorder.o)
                                                  D:/DATA/Alex/Topfield/TAPs/API.122//libFireBird.a(DialogWindowReInit.o)
Border_SE_Gd                                      D:/DATA/Alex/Topfield/TAPs/API.122//libFireBird.a(BuildWindowBorder.o)
                                                  D:/DATA/Alex/Topfield/TAPs/API.122//libFireBird.a(DialogWindowReInit.o)
Border_SW_Gd                                      D:/DATA/Alex/Topfield/TAPs/API.122//libFireBird.a(BuildWindowBorder.o)
                                                  D:/DATA/Alex/Topfield/TAPs/API.122//libFireBird.a(DialogWindowReInit.o)
Border_S_Gd                                       D:/DATA/Alex/Topfield/TAPs/API.122//libFireBird.a(BuildWindowBorder.o)
                                                  D:/DATA/Alex/Topfield/TAPs/API.122//libFireBird.a(DialogWindowReInit.o)
BufferSize                                        D:/DATA/Alex/Topfield/TAPs/API.122//libFireBird.a(INIOpenFile.o)
                                                  D:/DATA/Alex/Topfield/TAPs/API.122//libFireBird.a(INISetString.o)
                                                  D:/DATA/Alex/Topfield/TAPs/API.122//libFireBird.a(INISaveFile.o)
                                                  D:/DATA/Alex/Topfield/TAPs/API.122//libFireBird.a(INICloseFile.o)
                                                  D:/DATA/Alex/Topfield/TAPs/API.122//libFireBird.a(ProfileLoad.o)
                                                  D:/DATA/Alex/Topfield/TAPs/API.122//libFireBird.a(DialogProfileSave.o)
                                                  D:/DATA/Alex/Topfield/TAPs/API.122//libFireBird.a(LangLoadStrings.o)
BuildWindowBorder                                 D:/DATA/Alex/Topfield/TAPs/API.122//libFireBird.a(BuildWindowBorder.o)
                                                  D:/DATA/Alex/Topfield/TAPs/API.122//libFireBird.a(DrawWindowBorder.o)
BuildWindowInfo                                   D:/DATA/Alex/Topfield/TAPs/API.122//libFireBird.a(BuildWindowInfo.o)
                                                  D:/DATA/Alex/Topfield/TAPs/API.122//libFireBird.a(DrawWindowInfo.o)
BuildWindowLine                                   D:/DATA/Alex/Topfield/TAPs/API.122//libFireBird.a(BuildWindowLine.o)
                                                  D:/DATA/Alex/Topfield/TAPs/API.122//libFireBird.a(DrawWindowLines.o)
BuildWindowLineSelected                           D:/DATA/Alex/Topfield/TAPs/API.122//libFireBird.a(BuildWindowLineSelected.o)
                                                  D:/DATA/Alex/Topfield/TAPs/API.122//libFireBird.a(DrawWindowLines.o)
BuildWindowScrollBar                              D:/DATA/Alex/Topfield/TAPs/API.122//libFireBird.a(BuildWindowScrollBar.o)
                                                  D:/DATA/Alex/Topfield/TAPs/API.122//libFireBird.a(DrawWindowScrollBar.o)
BuildWindowTitle                                  D:/DATA/Alex/Topfield/TAPs/API.122//libFireBird.a(BuildWindowTitle.o)
                                                  D:/DATA/Alex/Topfield/TAPs/API.122//libFireBird.a(DrawWindowTitle.o)
CalcPrepare                                       D:/DATA/Alex/Topfield/TAPs/API.122//libFireBird.a(CalcPrepare.o)
                                                  D:/DATA/Alex/Topfield/TAPs/API.122//libFireBird.a(DialogWindowScrollUpPage.o)
                                                  D:/DATA/Alex/Topfield/TAPs/API.122//libFireBird.a(DialogWindowScrollUp.o)
                                                  D:/DATA/Alex/Topfield/TAPs/API.122//libFireBird.a(DialogWindowScrollDownPage.o)
                                                  D:/DATA/Alex/Topfield/TAPs/API.122//libFireBird.a(DialogWindowScrollDown.o)
                                                  D:/DATA/Alex/Topfield/TAPs/API.122//libFireBird.a(DialogWindowCursorSet.o)
CalcTopIndex                                      D:/DATA/Alex/Topfield/TAPs/API.122//libFireBird.a(CalcTopIndex.o)
                                                  D:/DATA/Alex/Topfield/TAPs/API.122//libFireBird.a(DialogWindowScrollUpPage.o)
                                                  D:/DATA/Alex/Topfield/TAPs/API.122//libFireBird.a(DialogWindowScrollUp.o)
                                                  D:/DATA/Alex/Topfield/TAPs/API.122//libFireBird.a(DialogWindowScrollDownPage.o)
                                                  D:/DATA/Alex/Topfield/TAPs/API.122//libFireBird.a(DialogWindowScrollDown.o)
                                                  D:/DATA/Alex/Topfield/TAPs/API.122//libFireBird.a(DialogWindowCursorSet.o)
ChangeDirRoot                                     D:/DATA/Alex/Topfield/TAPs/API.122//libFireBird.a(ChangeDirRoot.o)
                                                  D:/DATA/Alex/Topfield/TAPs/API.122//libFireBird.a(HDD_ChangeDir.o)
CheckSelectable                                   D:/DATA/Alex/Topfield/TAPs/API.122//libFireBird.a(CheckSelectable.o)
                                                  D:/DATA/Alex/Topfield/TAPs/API.122//libFireBird.a(DialogWindowScrollUpPage.o)
                                                  D:/DATA/Alex/Topfield/TAPs/API.122//libFireBird.a(DialogWindowScrollDownPage.o)
ClusterSize                                       D:/DATA/Alex/Topfield/TAPs/API.122//libFireBird.a(HDD_GetClusterSize.o)
CurrentMode                                       ProfileEditor.o
DialogEvent                                       D:/DATA/Alex/Topfield/TAPs/API.122//libFireBird.a(DialogEvent.o)
                                                  ProfileEditor.o
DialogMsgBox                                      ProfileEditor.o
DialogMsgBoxExit                                  D:/DATA/Alex/Topfield/TAPs/API.122//libFireBird.a(DialogMsgBoxExit.o)
                                                  D:/DATA/Alex/Topfield/TAPs/API.122//libFireBird.a(DialogEvent.o)
                                                  ProfileEditor.o
DialogMsgBoxInit                                  D:/DATA/Alex/Topfield/TAPs/API.122//libFireBird.a(DialogMsgBoxInit.o)
                                                  ProfileEditor.o
DialogMsgBoxShow                                  D:/DATA/Alex/Topfield/TAPs/API.122//libFireBird.a(DialogMsgBoxShow.o)
                                                  D:/DATA/Alex/Topfield/TAPs/API.122//libFireBird.a(DialogMsgBoxShowYesNo.o)
                                                  D:/DATA/Alex/Topfield/TAPs/API.122//libFireBird.a(DialogMsgBoxShowInfo.o)
DialogMsgBoxShowInfo                              D:/DATA/Alex/Topfield/TAPs/API.122//libFireBird.a(DialogMsgBoxShowInfo.o)
                                                  ProfileEditor.o
DialogMsgBoxShowYesNo                             D:/DATA/Alex/Topfield/TAPs/API.122//libFireBird.a(DialogMsgBoxShowYesNo.o)
                                                  ProfileEditor.o
DialogMsgBoxTitleSet                              D:/DATA/Alex/Topfield/TAPs/API.122//libFireBird.a(DialogMsgBoxTitleSet.o)
                                                  D:/DATA/Alex/Topfield/TAPs/API.122//libFireBird.a(DialogMsgBoxInit.o)
DialogProfile                                     ProfileEditor.o
DialogProfileLoad                                 D:/DATA/Alex/Topfield/TAPs/API.122//libFireBird.a(DialogProfileLoad.o)
                                                  D:/DATA/Alex/Topfield/TAPs/API.122//libFireBird.a(ProfileInit.o)
DialogProfileSave                                 D:/DATA/Alex/Topfield/TAPs/API.122//libFireBird.a(DialogProfileSave.o)
                                                  D:/DATA/Alex/Topfield/TAPs/API.122//libFireBird.a(ProfileInit.o)
                                                  D:/DATA/Alex/Topfield/TAPs/API.122//libFireBird.a(DialogProfileSaveDefault.o)
DialogProfileSaveDefault                          D:/DATA/Alex/Topfield/TAPs/API.122//libFireBird.a(DialogProfileSaveDefault.o)
                                                  ProfileEditor.o
DialogProgressBar                                 ProfileEditor.o
DialogProgressBarExit                             D:/DATA/Alex/Topfield/TAPs/API.122//libFireBird.a(DialogProgressBarExit.o)
                                                  ProfileEditor.o
DialogProgressBarInit                             D:/DATA/Alex/Topfield/TAPs/API.122//libFireBird.a(DialogProgressBarInit.o)
                                                  ProfileEditor.o
DialogProgressBarSet                              D:/DATA/Alex/Topfield/TAPs/API.122//libFireBird.a(DialogProgressBarSet.o)
                                                  ProfileEditor.o
DialogProgressBarShow                             D:/DATA/Alex/Topfield/TAPs/API.122//libFireBird.a(DialogProgressBarShow.o)
                                                  ProfileEditor.o
DialogProgressBarTitleSet                         D:/DATA/Alex/Topfield/TAPs/API.122//libFireBird.a(DialogProgressBarTitleSet.o)
                                                  D:/DATA/Alex/Topfield/TAPs/API.122//libFireBird.a(DialogProgressBarInit.o)
DialogWindow                                      ProfileEditor.o
DialogWindowCursorSet                             D:/DATA/Alex/Topfield/TAPs/API.122//libFireBird.a(DialogWindowCursorSet.o)
                                                  D:/DATA/Alex/Topfield/TAPs/API.122//libFireBird.a(DialogEvent.o)
DialogWindowHide                                  D:/DATA/Alex/Topfield/TAPs/API.122//libFireBird.a(DialogWindowHide.o)
                                                  ProfileEditor.o
DialogWindowInfoAddIcon                           D:/DATA/Alex/Topfield/TAPs/API.122//libFireBird.a(DialogWindowInfoAddIcon.o)
                                                  ProfileEditor.o
DialogWindowInfoAddS                              D:/DATA/Alex/Topfield/TAPs/API.122//libFireBird.a(DialogWindowInfoAddS.o)
                                                  ProfileEditor.o
DialogWindowInit                                  D:/DATA/Alex/Topfield/TAPs/API.122//libFireBird.a(DialogWindowInit.o)
                                                  ProfileEditor.o
DialogWindowItemAdd                               D:/DATA/Alex/Topfield/TAPs/API.122//libFireBird.a(DialogWindowItemAdd.o)
                                                  D:/DATA/Alex/Topfield/TAPs/API.122//libFireBird.a(DialogWindowItemAddSeparator.o)
                                                  ProfileEditor.o
DialogWindowItemAddSeparator                      D:/DATA/Alex/Topfield/TAPs/API.122//libFireBird.a(DialogWindowItemAddSeparator.o)
                                                  ProfileEditor.o
DialogWindowItemChangeFlags                       D:/DATA/Alex/Topfield/TAPs/API.122//libFireBird.a(DialogWindowItemChangeFlags.o)
                                                  D:/DATA/Alex/Topfield/TAPs/API.122//libFireBird.a(DialogWindowItemAdd.o)
DialogWindowItemChangeIcon                        D:/DATA/Alex/Topfield/TAPs/API.122//libFireBird.a(DialogWindowItemChangeIcon.o)
                                                  D:/DATA/Alex/Topfield/TAPs/API.122//libFireBird.a(DialogWindowItemAdd.o)
                                                  ProfileEditor.o
DialogWindowItemChangeParameter                   D:/DATA/Alex/Topfield/TAPs/API.122//libFireBird.a(DialogWindowItemChangeParameter.o)
                                                  D:/DATA/Alex/Topfield/TAPs/API.122//libFireBird.a(DialogWindowItemAdd.o)
DialogWindowItemChangeValue                       D:/DATA/Alex/Topfield/TAPs/API.122//libFireBird.a(DialogWindowItemChangeValue.o)
                                                  D:/DATA/Alex/Topfield/TAPs/API.122//libFireBird.a(DialogWindowItemAdd.o)
                                                  ProfileEditor.o
DialogWindowReInit                                D:/DATA/Alex/Topfield/TAPs/API.122//libFireBird.a(DialogWindowReInit.o)
                                                  D:/DATA/Alex/Topfield/TAPs/API.122//libFireBird.a(DialogWindowInit.o)
                                                  ProfileEditor.o
DialogWindowRefresh                               D:/DATA/Alex/Topfield/TAPs/API.122//libFireBird.a(DialogWindowRefresh.o)
                                                  D:/DATA/Alex/Topfield/TAPs/API.122//libFireBird.a(DialogWindowShow.o)
                                                  D:/DATA/Alex/Topfield/TAPs/API.122//libFireBird.a(DialogWindowScrollUpPage.o)
                                                  D:/DATA/Alex/Topfield/TAPs/API.122//libFireBird.a(DialogWindowScrollUp.o)
                                                  D:/DATA/Alex/Topfield/TAPs/API.122//libFireBird.a(DialogWindowScrollDownPage.o)
                                                  D:/DATA/Alex/Topfield/TAPs/API.122//libFireBird.a(DialogWindowScrollDown.o)
                                                  D:/DATA/Alex/Topfield/TAPs/API.122//libFireBird.a(DialogWindowCursorSet.o)
                                                  ProfileEditor.o
DialogWindowScrollDown                            D:/DATA/Alex/Topfield/TAPs/API.122//libFireBird.a(DialogWindowScrollDown.o)
                                                  D:/DATA/Alex/Topfield/TAPs/API.122//libFireBird.a(DialogEvent.o)
DialogWindowScrollDownPage                        D:/DATA/Alex/Topfield/TAPs/API.122//libFireBird.a(DialogWindowScrollDownPage.o)
                                                  D:/DATA/Alex/Topfield/TAPs/API.122//libFireBird.a(DialogEvent.o)
DialogWindowScrollUp                              D:/DATA/Alex/Topfield/TAPs/API.122//libFireBird.a(DialogWindowScrollUp.o)
                                                  D:/DATA/Alex/Topfield/TAPs/API.122//libFireBird.a(DialogEvent.o)
DialogWindowScrollUpPage                          D:/DATA/Alex/Topfield/TAPs/API.122//libFireBird.a(DialogWindowScrollUpPage.o)
                                                  D:/DATA/Alex/Topfield/TAPs/API.122//libFireBird.a(DialogEvent.o)
DialogWindowShow                                  D:/DATA/Alex/Topfield/TAPs/API.122//libFireBird.a(DialogWindowShow.o)
                                                  ProfileEditor.o
DialogWindowTabulatorSet                          D:/DATA/Alex/Topfield/TAPs/API.122//libFireBird.a(DialogWindowTabulatorSet.o)
                                                  D:/DATA/Alex/Topfield/TAPs/API.122//libFireBird.a(DialogWindowInit.o)
DialogWindowTitleChange                           D:/DATA/Alex/Topfield/TAPs/API.122//libFireBird.a(DialogWindowTitleChange.o)
                                                  D:/DATA/Alex/Topfield/TAPs/API.122//libFireBird.a(DialogWindowInit.o)
DialogWindowTypeChange                            D:/DATA/Alex/Topfield/TAPs/API.122//libFireBird.a(DialogWindowTypeChange.o)
                                                  D:/DATA/Alex/Topfield/TAPs/API.122//libFireBird.a(DialogWindowInit.o)