Archive member included because of file (symbol)

D:/DATA/Alex/Topfield/TAPs/API.122//libFireBird.a(ShowMessageWin.o)
                              FileSelectorDemo.o (ShowMessageWin)
D:/DATA/Alex/Topfield/TAPs/API.122//libFireBird.a(ShowMessageWindow.o)
                              D:/DATA/Alex/Topfield/TAPs/API.122//libFireBird.a(ShowMessageWin.o) (ShowMessageWindow)
D:/DATA/Alex/Topfield/TAPs/API.122//libFireBird.a(FileSelector.o)
                              FileSelectorDemo.o (FileSelector)
D:/DATA/Alex/Topfield/TAPs/API.122//libFireBird.a(MakeValidFileName.o)
                              D:/DATA/Alex/Topfield/TAPs/API.122//libFireBird.a(FileSelector.o) (MakeValidFileName)
D:/DATA/Alex/Topfield/TAPs/API.122//libFireBird.a(isLegalChar.o)
                              D:/DATA/Alex/Topfield/TAPs/API.122//libFireBird.a(MakeValidFileName.o) (isLegalChar)
D:/DATA/Alex/Topfield/TAPs/API.122//libFireBird.a(tapapifix.o)
                              D:/DATA/Alex/Topfield/TAPs/API.122//libFireBird.a(FileSelector.o) (InitTAPAPIFix)
D:/DATA/Alex/Topfield/TAPs/API.122//libFireBird.a(EndMessageWin.o)
                              D:/DATA/Alex/Topfield/TAPs/API.122//libFireBird.a(ShowMessageWindow.o) (EndMessageWin)
D:/DATA/Alex/Topfield/TAPs/API.122//libFireBird.a(InitAudioPointers.o)
                              D:/DATA/Alex/Topfield/TAPs/API.122//libFireBird.a(tapapifix.o) (pAudioTracks)
D:/DATA/Alex/Topfield/TAPs/API.122//libFireBird.a(DialogEvent.o)
                              D:/DATA/Alex/Topfield/TAPs/API.122//libFireBird.a(FileSelector.o) (DialogEvent)
D:/DATA/Alex/Topfield/TAPs/API.122//libFireBird.a(DialogMsgBoxExit.o)
                              D:/DATA/Alex/Topfield/TAPs/API.122//libFireBird.a(DialogEvent.o) (DialogMsgBoxExit)
D:/DATA/Alex/Topfield/TAPs/API.122//libFireBird.a(DialogMsgBoxInit.o)
                              D:/DATA/Alex/Topfield/TAPs/API.122//libFireBird.a(DialogEvent.o) (FBDialogMsgBox)
D:/DATA/Alex/Topfield/TAPs/API.122//libFireBird.a(DialogMsgBoxTitleSet.o)
                              D:/DATA/Alex/Topfield/TAPs/API.122//libFireBird.a(DialogMsgBoxInit.o) (DialogMsgBoxTitleSet)
D:/DATA/Alex/Topfield/TAPs/API.122//libFireBird.a(DialogProfileCheck.o)
                              D:/DATA/Alex/Topfield/TAPs/API.122//libFireBird.a(FileSelector.o) (DialogProfileCheck)
D:/DATA/Alex/Topfield/TAPs/API.122//libFireBird.a(DialogProfileLoadMy.o)
                              D:/DATA/Alex/Topfield/TAPs/API.122//libFireBird.a(FileSelector.o) (DialogProfileLoadMy)
D:/DATA/Alex/Topfield/TAPs/API.122//libFireBird.a(DialogWindowCursorSet.o)
                              D:/DATA/Alex/Topfield/TAPs/API.122//libFireBird.a(DialogEvent.o) (DialogWindowCursorSet)
D:/DATA/Alex/Topfield/TAPs/API.122//libFireBird.a(DialogWindowExit.o)
                              D:/DATA/Alex/Topfield/TAPs/API.122//libFireBird.a(FileSelector.o) (DialogWindowExit)
D:/DATA/Alex/Topfield/TAPs/API.122//libFireBird.a(DialogWindowHide.o)
                              D:/DATA/Alex/Topfield/TAPs/API.122//libFireBird.a(DialogWindowExit.o) (DialogWindowHide)
D:/DATA/Alex/Topfield/TAPs/API.122//libFireBird.a(DialogWindowInfoDeleteAll.o)
                              D:/DATA/Alex/Topfield/TAPs/API.122//libFireBird.a(DialogWindowExit.o) (DialogWindowInfoDeleteAll)
D:/DATA/Alex/Topfield/TAPs/API.122//libFireBird.a(DialogWindowInit.o)
                              D:/DATA/Alex/Topfield/TAPs/API.122//libFireBird.a(DialogEvent.o) (FBDialogWindow)
D:/DATA/Alex/Topfield/TAPs/API.122//libFireBird.a(DialogWindowItemAdd.o)
                              D:/DATA/Alex/Topfield/TAPs/API.122//libFireBird.a(FileSelector.o) (DialogWindowItemAdd)
D:/DATA/Alex/Topfield/TAPs/API.122//libFireBird.a(DialogWindowItemChangeFlags.o)
                              D:/DATA/Alex/Topfield/TAPs/API.122//libFireBird.a(DialogWindowItemAdd.o) (DialogWindowItemChangeFlags)
D:/DATA/Alex/Topfield/TAPs/API.122//libFireBird.a(DialogWindowItemChangeIcon.o)
                              D:/DATA/Alex/Topfield/TAPs/API.122//libFireBird.a(DialogWindowItemAdd.o) (DialogWindowItemChangeIcon)
D:/DATA/Alex/Topfield/TAPs/API.122//libFireBird.a(DialogWindowItemChangeParameter.o)
                              D:/DATA/Alex/Topfield/TAPs/API.122//libFireBird.a(DialogWindowItemAdd.o) (DialogWindowItemChangeParameter)
D:/DATA/Alex/Topfield/TAPs/API.122//libFireBird.a(DialogWindowItemChangeValue.o)
                              D:/DATA/Alex/Topfield/TAPs/API.122//libFireBird.a(DialogWindowItemAdd.o) (DialogWindowItemChangeValue)
D:/DATA/Alex/Topfield/TAPs/API.122//libFireBird.a(DialogWindowItemDeleteAll.o)
                              D:/DATA/Alex/Topfield/TAPs/API.122//libFireBird.a(FileSelector.o) (DialogWindowItemDeleteAll)
D:/DATA/Alex/Topfield/TAPs/API.122//libFireBird.a(DialogWindowReInit.o)
                              D:/DATA/Alex/Topfield/TAPs/API.122//libFireBird.a(FileSelector.o) (DialogWindowReInit)
[...]
Memory Configuration

Name             Origin             Length             Attributes
*default*        0x0000000000000000 0xffffffffffffffff

Linker script and memory map


._tap_init_data
                0x0000000000000000      0x600
 *(._tap_header)
 ._tap_header   0x0000000000000000       0x20 D:/DATA/Alex/Topfield/TAPs/API.122//libtap.a(init.o)
                0x0000000000000000                __tap_Header__
                0x0000000000000020                . = 0x20
 *(._tap_id)
 ._tap_id       0x0000000000000020        0x4 FileSelectorDemo.o
                0x0000000000000020                __tap_ud__
 *(._tap_ext_header)
                0x0000000000000040                . = 0x40
 *fill*         0x0000000000000024 0x10000001c 00
 *(._tap_program_name)
 ._tap_program_name
                0x0000000000000040       0x40 FileSelectorDemo.o
                0x0000000000000040                __tap_program_name__
                0x0000000000000080                . = 0x80
 *(._tap_author_name)
 ._tap_author_name
                0x0000000000000080       0x40 FileSelectorDemo.o
                0x0000000000000080                __tap_author_name__
                0x00000000000000c0                . = 0xc0
 *(._tap_description)
 ._tap_description
                0x00000000000000c0       0x80 FileSelectorDemo.o
                0x00000000000000c0                __tap_description__
                0x0000000000000140                . = 0x140
 *(._tap_etcinfo)
 ._tap_etcinfo  0x0000000000000140       0x40 FileSelectorDemo.o
                0x0000000000000140                __tap_etc_str__
                0x0000000000000200                . = 0x200
 *fill*         0x0000000000000180 0x100000080 00
 *(._tap_init_data)
 ._tap_init_data
                0x0000000000000200      0x400 D:/DATA/Alex/Topfield/TAPs/API.122//libtap.a(init.o)
                0x0000000000000200                __startPoint

.text           0x0000000000000600    0x11dc4
 *(.text)
 .text          0x0000000000000600      0x1dc FileSelectorDemo.o
                0x0000000000000600                TAP_EventHandler
                0x00000000000007d4                TAP_Main
 .text          0x00000000000007dc       0x8c D:/DATA/Alex/Topfield/TAPs/API.122//libFireBird.a(ShowMessageWin.o)
                0x00000000000007dc                ShowMessageWin
 .text          0x0000000000000868      0x588 D:/DATA/Alex/Topfield/TAPs/API.122//libFireBird.a(ShowMessageWindow.o)
                0x0000000000000868                ShowMessageWindow
 .text          0x0000000000000df0     0x15c0 D:/DATA/Alex/Topfield/TAPs/API.122//libFireBird.a(FileSelector.o)
                0x0000000000000df0                FileSelectorFilterGet
                0x0000000000001f30                FileSelectorHandle
                0x0000000000000eb8                FileSelectorFill
                0x0000000000001e10                FileSelectorInitialize
                0x0000000000002314                FileSelector
 .text          0x00000000000023b0       0xdc D:/DATA/Alex/Topfield/TAPs/API.122//libFireBird.a(MakeValidFileName.o)
                0x00000000000023b0                MakeValidFileName
 .text          0x000000000000248c      0x148 D:/DATA/Alex/Topfield/TAPs/API.122//libFireBird.a(isLegalChar.o)
                0x000000000000248c                isLegalChar
 .text          0x00000000000025d4      0x870 D:/DATA/Alex/Topfield/TAPs/API.122//libFireBird.a(tapapifix.o)
                0x0000000000002b1c                Fixed_TAP_Channel_SetAudioTrack
                0x000000000000279c                Fixed_TAP_Hdd_Flen
                0x00000000000025d4                Fixed_TAP_Hdd_GetPlayInfo
                0x00000000000028f0                Fixed_TAP_Hdd_ChangeDir
                0x0000000000002bec                Fixed_TAP_Hdd_Delete
                0x0000000000002ccc                InitTAPAPIFix
                0x00000000000026b0                Fixed_TAP_Hdd_GetRecInfo
                0x0000000000002840                Fixed_TAP_Hdd_Fseek
 .text          0x0000000000002e44       0x78 D:/DATA/Alex/Topfield/TAPs/API.122//libFireBird.a(EndMessageWin.o)
                0x0000000000002e44                EndMessageWin
 .text          0x0000000000002ebc      0x24c D:/DATA/Alex/Topfield/TAPs/API.122//libFireBird.a(InitAudioPointers.o)
                0x0000000000002ebc                InitAudioPointers
 .text          0x0000000000003108      0x3f4 D:/DATA/Alex/Topfield/TAPs/API.122//libFireBird.a(DialogEvent.o)
                0x0000000000003108                DialogEvent
 .text          0x00000000000034fc      0x1c8 D:/DATA/Alex/Topfield/TAPs/API.122//libFireBird.a(DialogMsgBoxExit.o)
                0x00000000000034fc                DialogMsgBoxExit
 .text          0x00000000000036c4       0xdc D:/DATA/Alex/Topfield/TAPs/API.122//libFireBird.a(DialogMsgBoxInit.o)
                0x00000000000036c4                DialogMsgBoxInit
 .text          0x00000000000037a0      0x100 D:/DATA/Alex/Topfield/TAPs/API.122//libFireBird.a(DialogMsgBoxTitleSet.o)
                0x00000000000037a0                DialogMsgBoxTitleSet
 .text          0x00000000000038a0       0xa8 D:/DATA/Alex/Topfield/TAPs/API.122//libFireBird.a(DialogProfileCheck.o)
                0x00000000000038a0                DialogProfileCheck
 .text          0x0000000000003948      0x168 D:/DATA/Alex/Topfield/TAPs/API.122//libFireBird.a(DialogProfileLoadMy.o)
                0x0000000000003948                DialogProfileLoadMy
 .text          0x0000000000003ab0      0x100 D:/DATA/Alex/Topfield/TAPs/API.122//libFireBird.a(DialogWindowCursorSet.o)
                0x0000000000003ab0                DialogWindowCursorSet
 .text          0x0000000000003bb0      0x29c D:/DATA/Alex/Topfield/TAPs/API.122//libFireBird.a(DialogWindowExit.o)
                0x0000000000003bb0                DialogWindowExit
 .text          0x0000000000003e4c      0x35c D:/DATA/Alex/Topfield/TAPs/API.122//libFireBird.a(DialogWindowHide.o)
                0x0000000000003e4c                DialogWindowHide
 .text          0x00000000000041a8       0xa4 D:/DATA/Alex/Topfield/TAPs/API.122//libFireBird.a(DialogWindowInfoDeleteAll.o)
                0x00000000000041a8                DialogWindowInfoDeleteAll
 .text          0x000000000000424c      0x2d8 D:/DATA/Alex/Topfield/TAPs/API.122//libFireBird.a(DialogWindowInit.o)
                0x000000000000424c                DialogWindowInit
 .text          0x0000000000004524      0x16c D:/DATA/Alex/Topfield/TAPs/API.122//libFireBird.a(DialogWindowItemAdd.o)
                0x0000000000004524                DialogWindowItemAdd
 .text          0x0000000000004690       0xe4 D:/DATA/Alex/Topfield/TAPs/API.122//libFireBird.a(DialogWindowItemChangeFlags.o)
                0x0000000000004690                DialogWindowItemChangeFlags
 .text          0x0000000000004774      0x104 D:/DATA/Alex/Topfield/TAPs/API.122//libFireBird.a(DialogWindowItemChangeIcon.o)
                0x0000000000004774                DialogWindowItemChangeIcon
 .text          0x0000000000004878      0x154 D:/DATA/Alex/Topfield/TAPs/API.122//libFireBird.a(DialogWindowItemChangeParameter.o)
                0x0000000000004878                DialogWindowItemChangeParameter
 .text          0x00000000000049cc      0x158 D:/DATA/Alex/Topfield/TAPs/API.122//libFireBird.a(DialogWindowItemChangeValue.o)
                0x00000000000049cc                DialogWindowItemChangeValue
 .text          0x0000000000004b24       0xd4 D:/DATA/Alex/Topfield/TAPs/API.122//libFireBird.a(DialogWindowItemDeleteAll.o)
                0x0000000000004b24                DialogWindowItemDeleteAll
 .text          0x0000000000004bf8      0x588 D:/DATA/Alex/Topfield/TAPs/API.122//libFireBird.a(DialogWindowReInit.o)
                0x0000000000004bf8                DialogWindowReInit
 .text          0x0000000000005180      0x77c D:/DATA/Alex/Topfield/TAPs/API.122//libFireBird.a(DialogWindowRefresh.o)
                0x0000000000005180                DialogWindowRefresh
 .text          0x00000000000058fc      0x188 D:/DATA/Alex/Topfield/TAPs/API.122//libFireBird.a(DialogWindowScrollDown.o)
                0x00000000000058fc                DialogWindowScrollDown
 .text          0x0000000000005a84      0x1b0 D:/DATA/Alex/Topfield/TAPs/API.122//libFireBird.a(DialogWindowScrollDownPage.o)
                0x0000000000005a84                DialogWindowScrollDownPage
 .text          0x0000000000005c34      0x190 D:/DATA/Alex/Topfield/TAPs/API.122//libFireBird.a(DialogWindowScrollUp.o)
                0x0000000000005c34                DialogWindowScrollUp
 .text          0x0000000000005dc4      0x180 D:/DATA/Alex/Topfield/TAPs/API.122//libFireBird.a(DialogWindowScrollUpPage.o)
                0x0000000000005dc4                DialogWindowScrollUpPage
 .text          0x0000000000005f44      0x380 D:/DATA/Alex/Topfield/TAPs/API.122//libFireBird.a(DialogWindowShow.o)
                0x0000000000005f44                DialogWindowShow
 .text          0x00000000000062c4      0x110 D:/DATA/Alex/Topfield/TAPs/API.122//libFireBird.a(DialogWindowTabulatorSet.o)
                0x00000000000062c4                DialogWindowTabulatorSet
 .text          0x00000000000063d4      0x134 D:/DATA/Alex/Topfield/TAPs/API.122//libFireBird.a(DialogWindowTitleChange.o)
                0x00000000000063d4                DialogWindowTitleChange
 .text          0x0000000000006508       0xac D:/DATA/Alex/Topfield/TAPs/API.122//libFireBird.a(DialogWindowTypeChange.o)
                0x0000000000006508                DialogWindowTypeChange
 .text          0x00000000000065b4      0x2b0 D:/DATA/Alex/Topfield/TAPs/API.122//libFireBird.a(DrawMsgBoxButtons.o)
                0x00000000000065b4                DrawMsgBoxButtons
 .text          0x0000000000006864      0x5ec D:/DATA/Alex/Topfield/TAPs/API.122//libFireBird.a(DrawMsgBoxTitle.o)
                0x0000000000006864                DrawMsgBoxTitle
 .text          0x0000000000006e50      0x350 D:/DATA/Alex/Topfield/TAPs/API.122//libFireBird.a(DrawWindowBorder.o)
                0x0000000000006e50                DrawWindowBorder
 .text          0x00000000000071a0      0x4e0 D:/DATA/Alex/Topfield/TAPs/API.122//libFireBird.a(DrawWindowInfo.o)
                0x00000000000071a0                DrawWindowInfo
 .text          0x0000000000007680      0x7b4 D:/DATA/Alex/Topfield/TAPs/API.122//libFireBird.a(DrawWindowLines.o)
                0x0000000000007680                DrawWindowLines
 .text          0x0000000000007e34      0x3b0 D:/DATA/Alex/Topfield/TAPs/API.122//libFireBird.a(DrawWindowScrollBar.o)
                0x0000000000007e34                DrawWindowScrollBar
 .text          0x00000000000081e4      0x3e8 D:/DATA/Alex/Topfield/TAPs/API.122//libFireBird.a(DrawWindowTitle.o)
                0x00000000000081e4                DrawWindowTitle
 .text          0x00000000000085cc      0x18c D:/DATA/Alex/Topfield/TAPs/API.122//libFireBird.a(HasEnoughItemMemory.o)
                0x00000000000085cc                HasEnoughItemMemory
 .text          0x0000000000008758       0xb8 D:/DATA/Alex/Topfield/TAPs/API.122//libFireBird.a(OSDLinesForeDirty.o)
                0x0000000000008758                OSDLinesForeDirty
 .text          0x0000000000008810      0x1a4 D:/DATA/Alex/Topfield/TAPs/API.122//libFireBird.a(ProfileInit.o)
                0x0000000000008810                ProfileInit
 .text          0x00000000000089b4      0xa1c D:/DATA/Alex/Topfield/TAPs/API.122//libFireBird.a(ProfileLoad.o)
                0x00000000000089b4                ProfileLoad
 .text          0x00000000000093d0       0xc0 D:/DATA/Alex/Topfield/TAPs/API.122//libFireBird.a(ProfileMayReload.o)
                0x00000000000093d0                ProfileMayReload
 .text          0x0000000000009490       0xb0 D:/DATA/Alex/Topfield/TAPs/API.122//libFireBird.a(WindowDirty.o)
                0x0000000000009490                WindowDirty
 .text          0x0000000000009540      0x154 D:/DATA/Alex/Topfield/TAPs/API.122//libFireBird.a(HDD_ChangeDir.o)
                0x0000000000009540                HDD_ChangeDir
 .text          0x0000000000009694       0xbc D:/DATA/Alex/Topfield/TAPs/API.122//libFireBird.a(INICloseFile.o)
                0x0000000000009694                INICloseFile
 .text          0x0000000000009750      0x274 D:/DATA/Alex/Topfield/TAPs/API.122//libFireBird.a(INIGetARGB.o)
                0x0000000000009750                INIGetARGB
 .text          0x00000000000099c4      0x160 D:/DATA/Alex/Topfield/TAPs/API.122//libFireBird.a(INIGetInt.o)
                0x00000000000099c4                INIGetInt
 .text          0x0000000000009b24      0x274 D:/DATA/Alex/Topfield/TAPs/API.122//libFireBird.a(INIOpenFile.o)
                0x0000000000009b24                INIOpenFile
 .text          0x0000000000009d98       0xac D:/DATA/Alex/Topfield/TAPs/API.122//libFireBird.a(HDD_TAP_GetCurrentDirCluster.o)
                0x0000000000009d98                HDD_TAP_GetCurrentDirCluster
 .text          0x0000000000009e44      0x264 D:/DATA/Alex/Topfield/TAPs/API.122//libFireBird.a(HDD_TAP_GetInfo.o)
                0x0000000000009e44                HDD_TAP_GetInfo
 .text          0x000000000000a0a8      0x1b8 D:/DATA/Alex/Topfield/TAPs/API.122//libFireBird.a(HDD_TAP_SetCurrentDirCluster.o)
                0x000000000000a0a8                HDD_TAP_SetCurrentDirCluster
 .text          0x000000000000a260      0x178 D:/DATA/Alex/Topfield/TAPs/API.122//libFireBird.a(DrawOSDLine.o)
                0x000000000000a260                DrawOSDLine
 .text          0x000000000000a3d8       0x9c D:/DATA/Alex/Topfield/TAPs/API.122//libFireBird.a(FreeOSDRegion.o)
                0x000000000000a3d8                FreeOSDRegion
 .text          0x000000000000a474      0x1c4 D:/DATA/Alex/Topfield/TAPs/API.122//libFireBird.a(GetOSDMapAddress.o)
                0x000000000000a474                GetOSDMapAddress
 .text          0x000000000000a638       0x58 D:/DATA/Alex/Topfield/TAPs/API.122//libFireBird.a(GetOSDRegionHeight.o)
                0x000000000000a638                GetOSDRegionHeight
 .text          0x000000000000a690       0x58 D:/DATA/Alex/Topfield/TAPs/API.122//libFireBird.a(GetOSDRegionWidth.o)
                0x000000000000a690                GetOSDRegionWidth
 .text          0x000000000000a6e8      0x1d0 D:/DATA/Alex/Topfield/TAPs/API.122//libFireBird.a(OSDCopy.o)
                0x000000000000a6e8                OSDCopy
 .text          0x000000000000a8b8      0x300 D:/DATA/Alex/Topfield/TAPs/API.122//libFireBird.a(TAP_Osd_PutFreeColorGd.o)
                0x000000000000a8b8                TAP_Osd_PutFreeColorGd
 .text          0x000000000000abb8       0x80 D:/DATA/Alex/Topfield/TAPs/API.122//libFireBird.a(isOSDRegionAlive.o)
                0x000000000000abb8                isOSDRegionAlive
 .text          0x000000000000ac38      0xa38 D:/DATA/Alex/Topfield/TAPs/API.122//libFireBird.a(BuildWindowBorder.o)
                0x000000000000ac38                BuildWindowBorder
 .text          0x000000000000b670      0x6f0 D:/DATA/Alex/Topfield/TAPs/API.122//libFireBird.a(BuildWindowInfo.o)
                0x000000000000b670                BuildWindowInfo
 .text          0x000000000000bd60      0x31c D:/DATA/Alex/Topfield/TAPs/API.122//libFireBird.a(BuildWindowLine.o)
                0x000000000000bd60                BuildWindowLine
 .text          0x000000000000c07c      0x308 D:/DATA/Alex/Topfield/TAPs/API.122//libFireBird.a(BuildWindowLineSelected.o)
                0x000000000000c07c                BuildWindowLineSelected
 .text          0x000000000000c384      0x2ac D:/DATA/Alex/Topfield/TAPs/API.122//libFireBird.a(BuildWindowScrollBar.o)
                0x000000000000c384                BuildWindowScrollBar
 .text          0x000000000000c630      0x2c4 D:/DATA/Alex/Topfield/TAPs/API.122//libFireBird.a(BuildWindowTitle.o)
                0x000000000000c630                BuildWindowTitle
 .text          0x000000000000c8f4       0x68 D:/DATA/Alex/Topfield/TAPs/API.122//libFireBird.a(CalcPrepare.o)
                0x000000000000c8f4                CalcPrepare
 .text          0x000000000000c95c      0x4d0 D:/DATA/Alex/Topfield/TAPs/API.122//libFireBird.a(CalcTopIndex.o)
                0x000000000000c95c                CalcTopIndex
 .text          0x000000000000ce2c       0xc8 D:/DATA/Alex/Topfield/TAPs/API.122//libFireBird.a(CheckSelectable.o)
                0x000000000000ce2c                CheckSelectable
 .text          0x000000000000cef4      0xb50 D:/DATA/Alex/Topfield/TAPs/API.122//libFireBird.a(DialogMsgBoxShow.o)
                0x000000000000cef4                DialogMsgBoxShow
 .text          0x000000000000da44       0x44 D:/DATA/Alex/Topfield/TAPs/API.122//libFireBird.a(DialogProfileLoad.o)
                0x000000000000da44                DialogProfileLoad
 .text          0x000000000000da88      0x64c D:/DATA/Alex/Topfield/TAPs/API.122//libFireBird.a(DialogProfileSave.o)
                0x000000000000da88                DialogProfileSave
 .text          0x000000000000e0d4      0xb0c D:/DATA/Alex/Topfield/TAPs/API.122//libFireBird.a(DrawWindowLine.o)
                0x000000000000e0d4                DrawWindowLine
 .text          0x000000000000ebe0       0xf0 D:/DATA/Alex/Topfield/TAPs/API.122//libFireBird.a(ProfileDirty.o)
                0x000000000000ebe0                ProfileDirty
 .text          0x000000000000ecd0      0x104 D:/DATA/Alex/Topfield/TAPs/API.122//libFireBird.a(ChangeDirRoot.o)
                0x000000000000ecd0                ChangeDirRoot
 .text          0x000000000000edd4       0x98 D:/DATA/Alex/Topfield/TAPs/API.122//libFireBird.a(HDD_GetClusterSize.o)
                0x000000000000edd4                HDD_GetClusterSize
 .text          0x000000000000ee6c       0xb4 D:/DATA/Alex/Topfield/TAPs/API.122//libFireBird.a(HDD_ReadSectorDMA.o)
                0x000000000000ee6c                HDD_ReadSectorDMA
 .text          0x000000000000ef20      0x158 D:/DATA/Alex/Topfield/TAPs/API.122//libFireBird.a(INIFindStartEnd.o)
                0x000000000000ef20                INIFindStartEnd
 .text          0x000000000000f078      0x160 D:/DATA/Alex/Topfield/TAPs/API.122//libFireBird.a(INISaveFile.o)
                0x000000000000f078                INISaveFile
 .text          0x000000000000f1d8       0xb0 D:/DATA/Alex/Topfield/TAPs/API.122//libFireBird.a(INISetARGB.o)
                0x000000000000f1d8                INISetARGB
 .text          0x000000000000f288       0x80 D:/DATA/Alex/Topfield/TAPs/API.122//libFireBird.a(INISetInt.o)
                0x000000000000f288                INISetInt
 .text          0x000000000000f308      0x430 D:/DATA/Alex/Topfield/TAPs/API.122//libFireBird.a(INISetString.o)
                0x000000000000f308                INISetString
 .text          0x000000000000f738      0x534 D:/DATA/Alex/Topfield/TAPs/API.122//libFireBird.a(InitTAPex.o)
                0x000000000000f738                InitTAPex
 .text          0x000000000000fc6c      0x154 D:/DATA/Alex/Topfield/TAPs/API.122//libFireBird.a(stricstr.o)
                0x000000000000fc6c                stricstr
 .text          0x000000000000fdc0      0x4a0 D:/DATA/Alex/Topfield/TAPs/API.122//libFireBird.a(FlashInitialize.o)
                0x000000000000fdc0                FlashInitialize
 .text          0x0000000000010260       0x9c D:/DATA/Alex/Topfield/TAPs/API.122//libFireBird.a(HDD_TouchFile.o)
                0x0000000000010260                HDD_TouchFile
 .text          0x00000000000102fc      0x19c D:/DATA/Alex/Topfield/TAPs/API.122//libFireBird.a(HDD_TruncateFile.o)
                0x00000000000102fc                HDD_TruncateFile
 .text          0x0000000000010498      0x238 D:/DATA/Alex/Topfield/TAPs/API.122//libFireBird.a(FindInstructionSequence.o)
                0x0000000000010498                FindInstructionSequence
 .text          0x00000000000106d0       0x7c D:/DATA/Alex/Topfield/TAPs/API.122//libFireBird.a(HDD_SetFileDateTime.o)
                0x00000000000106d0                HDD_SetFileDateTime
 .text          0x000000000001074c       0xd0 C:/sw/prgm/gccForTAP/usr/local/lib//libc.a(memcpy.o)
                0x000000000001074c                memcpy
 .text          0x000000000001081c      0x138 C:/sw/prgm/gccForTAP/usr/local/lib//libc.a(memmove.o)
                0x000000000001081c                memmove
 .text          0x0000000000010954       0xc0 C:/sw/prgm/gccForTAP/usr/local/lib//libc.a(memset.o)
                0x0000000000010954                memset
 .text          0x0000000000010a14       0xfc C:/sw/prgm/gccForTAP/usr/local/lib//libc.a(strcasecmp.o)
                0x0000000000010a14                strcasecmp
 .text          0x0000000000010b10       0xd8 C:/sw/prgm/gccForTAP/usr/local/lib//libc.a(strcat.o)
                0x0000000000010b10                strcat
 .text          0x0000000000010be8      0x11c C:/sw/prgm/gccForTAP/usr/local/lib//libc.a(strchr.o)
                0x0000000000010be8                strchr
 .text          0x0000000000010d04       0xcc C:/sw/prgm/gccForTAP/usr/local/lib//libc.a(strcmp.o)
                0x0000000000010d04                strcmp
 .text          0x0000000000010dd0       0xac C:/sw/prgm/gccForTAP/usr/local/lib//libc.a(strcpy.o)
                0x0000000000010dd0                strcpy
 .text          0x0000000000010e7c       0x94 C:/sw/prgm/gccForTAP/usr/local/lib//libc.a(strlen.o)
                0x0000000000010e7c                strlen
 .text          0x0000000000010f10      0x120 C:/sw/prgm/gccForTAP/usr/local/lib//libc.a(strncasecmp.o)
                0x0000000000010f10                strncasecmp
 .text          0x0000000000011030      0x108 C:/sw/prgm/gccForTAP/usr/local/lib//libc.a(strncmp.o)
                0x0000000000011030                strncmp
 .text          0x0000000000011138       0xf0 C:/sw/prgm/gccForTAP/usr/local/lib//libc.a(strncpy.o)
                0x0000000000011138                strncpy
 .text          0x0000000000011228       0x9c C:/sw/prgm/gccForTAP/usr/local/lib//libc.a(strpbrk.o)
                0x0000000000011228                strpbrk
 .text          0x00000000000112c4       0xb4 C:/sw/prgm/gccForTAP/usr/local/lib//libc.a(strrchr.o)
                0x00000000000112c4                strrchr
 .text          0x0000000000011378       0x94 C:/sw/prgm/gccForTAP/usr/local/lib//libc.a(strstr.o)
                0x0000000000011378                strstr
 .text          0x000000000001140c      0x25c C:/sw/prgm/gccForTAP/usr/local/lib//libc.a(strtoul.o)
                0x0000000000011608                strtoul
                0x000000000001140c                _strtoul_r
 .text          0x0000000000011668      0xd5c D:/DATA/Alex/Topfield/TAPs/API.122//libtap.a(init.o)
                0x0000000000011744                __errno
                0x0000000000011668                abort
                0x0000000000011670                TAP_Osd_PutGd
                0x000000000001174c                _initData
                0x00000000000116f8                __builtin_new

.text_end       0x00000000000123c4        0x4
 .text_end      0x00000000000123c4        0x4 D:/DATA/Alex/Topfield/TAPs/API.122//libtap.a(init.o)
                0x00000000000123c4                _tap_textEnd

.rodata         0x00000000000123c8      0xc12
 *(.rodata)
 .rodata        0x00000000000123c8       0x13 FileSelectorDemo.o
 *fill*         0x00000000000123db 0x41519c00000001 00
 .rodata        0x00000000000123dc        0x1 D:/DATA/Alex/Topfield/TAPs/API.122//libFireBird.a(ShowMessageWindow.o)
 *fill*         0x00000000000123dd 0x41519c00000003 00
 .rodata        0x00000000000123e0      0x16c D:/DATA/Alex/Topfield/TAPs/API.122//libFireBird.a(FileSelector.o)
 .rodata        0x000000000001254c       0x22 D:/DATA/Alex/Topfield/TAPs/API.122//libFireBird.a(tapapifix.o)
 *fill*         0x000000000001256e 0x41519c00000002 00
 .rodata        0x0000000000012570      0x1e4 D:/DATA/Alex/Topfield/TAPs/API.122//libFireBird.a(DialogEvent.o)
 .rodata        0x0000000000012754       0x1a D:/DATA/Alex/Topfield/TAPs/API.122//libFireBird.a(DialogProfileLoadMy.o)
 *fill*         0x000000000001276e 0x41519c00000002 00
 .rodata        0x0000000000012770       0x22 D:/DATA/Alex/Topfield/TAPs/API.122//libFireBird.a(ProfileInit.o)
 *fill*         0x0000000000012792 0x41519c00000002 00
 .rodata        0x0000000000012794      0x195 D:/DATA/Alex/Topfield/TAPs/API.122//libFireBird.a(ProfileLoad.o)
 *fill*         0x0000000000012929 0x41519c00000003 00
 .rodata        0x000000000001292c        0x2 D:/DATA/Alex/Topfield/TAPs/API.122//libFireBird.a(HDD_ChangeDir.o)
 *fill*         0x000000000001292e 0x41519c00000002 00
 .rodata        0x0000000000012930        0x2 D:/DATA/Alex/Topfield/TAPs/API.122//libFireBird.a(INIGetARGB.o)
 *fill*         0x0000000000012932 0x41519c00000002 00
 .rodata        0x0000000000012934        0x2 D:/DATA/Alex/Topfield/TAPs/API.122//libFireBird.a(INIGetInt.o)
 *fill*         0x0000000000012936 0x41519c00000002 00
 .rodata        0x0000000000012938      0x196 D:/DATA/Alex/Topfield/TAPs/API.122//libFireBird.a(DialogProfileSave.o)
 *fill*         0x0000000000012ace 0x41519c00000002 00
 .rodata        0x0000000000012ad0       0x18 D:/DATA/Alex/Topfield/TAPs/API.122//libFireBird.a(DrawWindowLine.o)
 .rodata        0x0000000000012ae8        0xf D:/DATA/Alex/Topfield/TAPs/API.122//libFireBird.a(ChangeDirRoot.o)
 *fill*         0x0000000000012af7 0x41519c00000001 00
 .rodata        0x0000000000012af8       0x18 D:/DATA/Alex/Topfield/TAPs/API.122//libFireBird.a(INISetARGB.o)
 .rodata        0x0000000000012b10        0x3 D:/DATA/Alex/Topfield/TAPs/API.122//libFireBird.a(INISetInt.o)
 *fill*         0x0000000000012b13 0x41519c00000001 00
 .rodata        0x0000000000012b14        0x7 D:/DATA/Alex/Topfield/TAPs/API.122//libFireBird.a(INISetString.o)
 *fill*         0x0000000000012b1b 0x41519c00000001 00
 .rodata        0x0000000000012b1c      0x2b5 D:/DATA/Alex/Topfield/TAPs/API.122//libFireBird.a(InitTAPex.o)
 *fill*         0x0000000000012dd1 0x41519c00000003 00
 .rodata        0x0000000000012dd4       0x5d D:/DATA/Alex/Topfield/TAPs/API.122//libFireBird.a(FlashInitialize.o)
 *fill*         0x0000000000012e31 0x41519c00000003 00
 .rodata        0x0000000000012e34      0x180 C:/sw/prgm/gccForTAP/usr/local/lib//libc.a(ctype_.o)
                0x0000000000012eb3                _ctype_
 .rodata        0x0000000000012fb4       0x26 D:/DATA/Alex/Topfield/TAPs/API.122//libtap.a(init.o)
 *(.rodata.*)
 *(.gnu.linkonce.r*)

.rel.dyn

.data           0x0000000000012fda     0x20f2
                0x0000000000012fda                _fdata = .
 *(.data)
 *fill*         0x0000000000012fda        0x2 00
 .data          0x0000000000012fdc        0x8 FileSelectorDemo.o
 .data          0x0000000000012fe4        0x4 D:/DATA/Alex/Topfield/TAPs/API.122//libFireBird.a(ShowMessageWindow.o)
                0x0000000000012fe4                fbl_rgn
 .data          0x0000000000012fe8       0x88 D:/DATA/Alex/Topfield/TAPs/API.122//libFireBird.a(FileSelector.o)
                0x0000000000012fe8                _FileSelectorDir_Cpm
                0x0000000000013068                FileSelector_initialized
                0x000000000001306c                Window
                0x0000000000013058                _FileSelectorDir_Gd
 .data          0x0000000000013070       0x20 D:/DATA/Alex/Topfield/TAPs/API.122//libFireBird.a(tapapifix.o)
                0x0000000000013074                real_TAP_Hdd_GetRecInfo
                0x0000000000013070                real_TAP_Hdd_GetPlayInfo
                0x0000000000013084                real_TAP_Channel_SetAudioTrack
                0x000000000001307c                real_TAP_Hdd_Fseek
                0x0000000000013080                real_TAP_Hdd_ChangeDir
                0x000000000001308c                TAPAPIFixInitiated
                0x0000000000013088                real_TAP_Hdd_Delete
                0x0000000000013078                real_TAP_Hdd_Flen
 .data          0x0000000000013090        0x8 D:/DATA/Alex/Topfield/TAPs/API.122//libFireBird.a(InitAudioPointers.o)
                0x0000000000013094                RECShadow
                0x0000000000013090                pAudioTracks
 .data          0x0000000000013098        0x4 D:/DATA/Alex/Topfield/TAPs/API.122//libFireBird.a(DialogMsgBoxInit.o)
                0x0000000000013098                FBDialogMsgBox
 .data          0x000000000001309c      0x670 D:/DATA/Alex/Topfield/TAPs/API.122//libFireBird.a(DialogWindowInit.o)
                0x0000000000013270                _Scroll_Cursor_Cpm
                0x0000000000013708                FBDialogWindow
                0x00000000000131fc                _Items_NoLinesNoIcons_Line_E_Cpm
                0x00000000000132d8                _Scroll_End_Gd
                0x000000000001334c                _InfoS_E_Gd
                0x0000000000013260                _Scroll_Back_Gd
                0x00000000000134f4                _Icon_Checkbox_Unchecked_Gd
                0x00000000000133ac                _Icon_Checkbox_Checked_Cpm
                0x00000000000132a8                _Scroll_End_Cpm
                0x00000000000131cc                _Items_NoLinesNoIcons_Line_C_Cpm
                0x000000000001331c                _InfoS_E_Cpm
                0x00000000000130e4                _Items_NoIcons_IconButton_Gd
                0x0000000000013120                _Items_NoIcons_Line_C_Gd
                0x000000000001361c                _Icon_Wait_Gd
                0x000000000001330c                _InfoS_C_Gd
                0x00000000000134b4                _Icon_Checkbox_Unchecked_Cpm
                0x00000000000136f8                _Icon_OK_Gd
                0x0000000000013230                _Items_NoLinesNoIcons_Line_E_Gd
                0x0000000000013504                _Icon_Exclamation_Cpm
                0x00000000000134a4                _Icon_Checkbox_Checked_Gd
                0x00000000000131bc                _Items_NoLinesNoIcons_IconButton_Gd
                0x00000000000130f4                _Items_NoIcons_Line_C_Cpm
                0x000000000001309c                _Items_NoIcons_IconButton_Cpm
                0x000000000001317c                _Items_NoIcons_Line_E_Gd
                0x0000000000013580                _Icon_Exclamation_Gd
                0x000000000001335c                _InfoS_W_Cpm
                0x0000000000013130                _Items_NoIcons_Line_E_Cpm
                0x000000000001318c                _Items_NoLinesNoIcons_IconButton_Cpm
                0x0000000000013240                _Scroll_Back_Cpm
                0x0000000000013590                _Icon_Wait_Cpm
                0x0000000000013298                _Scroll_Cursor_Gd
                0x00000000000132e8                _InfoS_C_Cpm
                0x000000000001362c                _Icon_OK_Cpm
                0x000000000001339c                _InfoS_W_Gd
                0x00000000000131ec                _Items_NoLinesNoIcons_Line_C_Gd
 .data          0x000000000001370c      0xa9c D:/DATA/Alex/Topfield/TAPs/API.122//libFireBird.a(DialogWindowReInit.o)
                0x0000000000013f9c                _Items_Line_E_Cpm
                0x0000000000013e2c                _Title_E_Gd
                0x0000000000013ff8                _InfoN_C_Cpm
                0x00000000000140a0                _InfoN_E_Gd
                0x0000000000013c78                _Border_SW_Cpm
                0x0000000000014164                _Info_W_Cpm
                0x0000000000013d50                _Title_C_Cpm
                0x0000000000013a9c                _Border_Info_E_Cpm
                0x0000000000013860                _Border_NE_Gd
                0x0000000000014154                _Info_C_Gd
                0x0000000000013a00                _Border_InfoN_E_Cpm
                0x0000000000013a8c                _Border_InfoN_W_Gd
                0x0000000000013f8c                _Items_Line_C_Gd
                0x000000000001402c                _InfoN_C_Gd
                0x00000000000140b0                _InfoN_W_Cpm
                0x0000000000013f50                _Items_IconButton_Gd
                0x0000000000013d98                _Title_E_Cpm
                0x00000000000139a4                _Border_Items_E_Gd
                0x0000000000013ed4                _Title_W_Gd
                0x0000000000013964                _Border_Items_E_Cpm
                0x0000000000013c68                _Border_SE_Gd
                0x00000000000139f0                _Border_Items_W_Gd
                0x0000000000013ae8                _Border_Info_W_Cpm
                0x0000000000013fe8                _Items_Line_E_Gd
                0x0000000000013b30                _Border_S_Cpm
                0x0000000000013870                _Border_NW_Cpm
                0x0000000000013748                _Border_N_Gd
                0x000000000001370c                _Border_N_Cpm
                0x0000000000014124                _InfoN_W_Gd
                0x0000000000013a3c                _Border_InfoN_E_Gd
                0x0000000000013758                _Border_NE_Cpm
                0x000000000001403c                _InfoN_E_Cpm
                0x0000000000013a4c                _Border_InfoN_W_Cpm
                0x0000000000014134                _Info_C_Cpm
                0x0000000000013d40                _Border_SW_Gd
                0x0000000000013b80                _Border_SE_Cpm
                0x0000000000013b70                _Border_S_Gd
                0x0000000000014198                _Info_W_Gd
                0x0000000000013954                _Border_NW_Gd
                0x0000000000013b20                _Border_Info_W_Gd
                0x0000000000013f60                _Items_Line_C_Cpm
                0x00000000000139b4                _Border_Items_W_Cpm
                0x0000000000013d88                _Title_C_Gd
                0x0000000000013ad8                _Border_Info_E_Gd
                0x0000000000013ee4                _Items_IconButton_Cpm
                0x0000000000013e3c                _Title_W_Cpm
 .data          0x00000000000141a8        0x4 D:/DATA/Alex/Topfield/TAPs/API.122//libFireBird.a(DrawWindowScrollBar.o)
 .data          0x00000000000141ac        0x4 D:/DATA/Alex/Topfield/TAPs/API.122//libFireBird.a(ProfileInit.o)
                0x00000000000141ac                FBDialogProfile
 .data          0x00000000000141b0        0xc D:/DATA/Alex/Topfield/TAPs/API.122//libFireBird.a(INIOpenFile.o)
                0x00000000000141b8                BufferSize
                0x00000000000141b4                INICommentBuffer
                0x00000000000141b0                INIBuffer
 .data          0x00000000000141bc        0x4 D:/DATA/Alex/Topfield/TAPs/API.122//libFireBird.a(GetOSDMapAddress.o)
 .data          0x00000000000141c0      0xe30 D:/DATA/Alex/Topfield/TAPs/API.122//libFireBird.a(DialogMsgBoxShow.o)
                0x0000000000014678                _MsgBox_C_Border_Cpm
                0x00000000000144a8                _MsgBox_W_Border_Gd
                0x0000000000014b94                _MsgBox_E_Text_Gd
                0x000000000001471c                _MsgBox_C_Text_Cpm
                0x0000000000014ac0                _MsgBox_E_Text_Cpm
                0x0000000000014ba4                _MsgBox_In_Cpm
                0x0000000000014828                _MsgBox_E_Title_Gd
                0x000000000001478c                _MsgBox_C_Text_Gd
                0x00000000000145a8                _MsgBox_W_Text_Gd
                0x000000000001470c                _MsgBox_C_Border_Gd
                0x0000000000014fe0                _MsgBox_Out_Gd
                0x0000000000014ab0                _MsgBox_E_Border_Gd
                0x0000000000014838                _MsgBox_E_SubTitle_Cpm
                0x000000000001479c                _MsgBox_E_Title_Cpm
                0x0000000000014668                _MsgBox_C_SubTitle_Gd
                0x0000000000014618                _MsgBox_C_SubTitle_Cpm
                0x0000000000014608                _MsgBox_C_Title_Gd
                0x00000000000148cc                _MsgBox_E_Border_Cpm
                0x00000000000142c4                _MsgBox_W_SubTitle_Gd
                0x0000000000014264                _MsgBox_W_SubTitle_Cpm
                0x00000000000148bc                _MsgBox_E_SubTitle_Gd
                0x00000000000144b8                _MsgBox_W_Text_Cpm
                0x00000000000141c0                _MsgBox_W_Title_Cpm
                0x0000000000014d98                _MsgBox_Out_Cpm
                0x0000000000014254                _MsgBox_W_Title_Gd
                0x00000000000145b8                _MsgBox_C_Title_Cpm
                0x0000000000014d88                _MsgBox_In_Gd
                0x00000000000142d4                _MsgBox_W_Border_Cpm
 .data          0x0000000000014ff0        0x4 D:/DATA/Alex/Topfield/TAPs/API.122//libFireBird.a(HDD_GetClusterSize.o)
                0x0000000000014ff0                ClusterSize
 .data          0x0000000000014ff4        0x4 D:/DATA/Alex/Topfield/TAPs/API.122//libFireBird.a(HDD_ReadSectorDMA.o)
                0x0000000000014ff4                TAP_Hdd_ReadSectorDMA
 .data          0x0000000000014ff8        0x8 D:/DATA/Alex/Topfield/TAPs/API.122//libFireBird.a(InitTAPex.o)
                0x0000000000014ffc                LibInitialized
                0x0000000000014ff8                __fblib_version__
 .data          0x0000000000015000       0xc4 D:/DATA/Alex/Topfield/TAPs/API.122//libFireBird.a(FlashInitialize.o)
                0x0000000000015040                FlashBlockOffsetT
                0x0000000000015000                FlashBlockOffsetS
                0x00000000000150c0                FlashOffset
                0x0000000000015080                FlashBlockOffsetC
 .data          0x00000000000150c4        0x4 C:/sw/prgm/gccForTAP/usr/local/lib//libc.a(ctype_.o)
                0x00000000000150c4                __ctype_ptr
 .data          0x00000000000150c8        0x4 D:/DATA/Alex/Topfield/TAPs/API.122//libFireBird.a(strtoul.o)
                0x00000000000150c8                _impure_ptr
 *(.data.*)
 *(.gnu.linkonce.d*)

.ctors
 *(SORT(.ctors.*))
 *(.ctors)

.dtors
 *(SORT(.dtors.*))
 *(.dtors)
                0x00000000000150cc                _gp = .
                0x00000000000150cc                _GLOBAL_OFFSET_TABLE_ = .

.got            0x00000000000150cc      0x810
 *(.ref_start)
 .ref_start     0x00000000000150cc        0x4 D:/DATA/Alex/Topfield/TAPs/API.122//libtap.a(init.o)
                0x00000000000150cc                _tap_gotStart
 *(*.got*)
 .got           0x00000000000150d0      0x800 FileSelectorDemo.o
 *(*.xdata*)
 *(.ctors)
 *(.dtors)
 *(.fixup_start)
 .fixup_start   0x00000000000158d0        0x4 D:/DATA/Alex/Topfield/TAPs/API.122//libtap.a(init.o)
                0x00000000000158d0                _tap_fixupStart
 *(.fixup)
 *(.dynamic)
 *(.fixup_end)
 .fixup_end     0x00000000000158d4        0x4 D:/DATA/Alex/Topfield/TAPs/API.122//libtap.a(init.o)
                0x00000000000158d4                _tap_fixupEnd
 *(.ref_end)
 .ref_end       0x00000000000158d8        0x4 D:/DATA/Alex/Topfield/TAPs/API.122//libtap.a(init.o)
                0x00000000000158d8                _tap_gotEnd

.rosdata
 *(.rosdata)

.sdata
 *(.sdata)
 *(.sdata.*)
 *(.gnu.linkonce.s.*)
                0x00000000000158dc                _edata = .
                0x00000000000158dc                PROVIDE (edata, .)
                0x00000000000158dc                __bss_start = .
                0x00000000000158dc                _fbss = .

.sbss           0x00000000000158dc      0x38c
 *(.dynsbss)
 *(.sbss)
 *(.sbss.*)
 *(.scommon)
 .scommon       0x00000000000158dc        0x8 D:/DATA/Alex/Topfield/TAPs/API.122//libFireBird.a(FileSelector.o)
                                          0x0 (size before relaxing)
                0x00000000000158dc                FileSelectorRegion
                0x00000000000158e0                FileSelectorFlags
 .scommon       0x00000000000158e4       0x44 D:/DATA/Alex/Topfield/TAPs/API.122//libFireBird.a(DialogWindowInit.o)
                                          0x0 (size before relaxing)
                0x00000000000158e4                Scroll_End_Gd
                0x00000000000158e8                InfoS_W_Gd
                0x00000000000158ec                Items_NoLinesNoIcons_Line_C_Gd
                0x00000000000158f0                Items_NoLinesNoIcons_IconButton_Gd
                0x00000000000158f4                Items_NoIcons_IconButton_Gd
                0x00000000000158f8                Icon_Checkbox_Checked_Gd
                0x00000000000158fc                Items_NoLinesNoIcons_Line_E_Gd
                0x0000000000015900                Items_NoIcons_Line_E_Gd
                0x0000000000015904                Scroll_Cursor_Gd
                0x0000000000015908                InfoS_C_Gd
                0x000000000001590c                Scroll_Back_Gd
                0x0000000000015910                Icon_Wait_Gd
                0x0000000000015914                Items_NoIcons_Line_C_Gd
                0x0000000000015918                Icon_OK_Gd
                0x000000000001591c                Icon_Checkbox_Unchecked_Gd
                0x0000000000015920                InfoS_E_Gd
                0x0000000000015924                Icon_Exclamation_Gd
 .scommon       0x0000000000015928       0x5c D:/DATA/Alex/Topfield/TAPs/API.122//libFireBird.a(DialogWindowReInit.o)
                                          0x0 (size before relaxing)
                0x0000000000015928                Border_Info_E_Gd
                0x000000000001592c                Title_E_Gd
                0x0000000000015930                Border_InfoN_E_Gd
                0x0000000000015934                Border_Items_E_Gd
                0x0000000000015938                Title_W_Gd
                0x000000000001593c                InfoN_E_Gd
                0x0000000000015940                Border_Info_W_Gd
                0x0000000000015944                Border_NE_Gd
                0x0000000000015948                Info_W_Gd
                0x000000000001594c                InfoN_W_Gd
                0x0000000000015950                Info_C_Gd
                0x0000000000015954                Border_N_Gd
                0x0000000000015958                Items_Line_C_Gd
                0x000000000001595c                Title_C_Gd
                0x0000000000015960                Border_SW_Gd
                0x0000000000015964                Border_S_Gd
                0x0000000000015968                Border_InfoN_W_Gd
                0x000000000001596c                InfoN_C_Gd
                0x0000000000015970                Items_IconButton_Gd
                0x0000000000015974                Border_NW_Gd
                0x0000000000015978                Border_SE_Gd
                0x000000000001597c                Border_Items_W_Gd
                0x0000000000015980                Items_Line_E_Gd
 .scommon       0x0000000000015984        0x8 D:/DATA/Alex/Topfield/TAPs/API.122//libFireBird.a(CalcPrepare.o)
                                          0x0 (size before relaxing)
                0x0000000000015984                PrevTopItem
                0x0000000000015988                PrevSelItem
 .scommon       0x000000000001598c       0x38 D:/DATA/Alex/Topfield/TAPs/API.122//libFireBird.a(DialogMsgBoxShow.o)
                                          0x0 (size before relaxing)
                0x000000000001598c                MsgBox_E_Title_Gd
                0x0000000000015990                MsgBox_C_Border_Gd
                0x0000000000015994                MsgBox_E_Text_Gd
                0x0000000000015998                MsgBox_Out_Gd
                0x000000000001599c                MsgBox_C_Title_Gd
                0x00000000000159a0                MsgBox_In_Gd
                0x00000000000159a4                MsgBox_E_Border_Gd
                0x00000000000159a8                MsgBox_W_SubTitle_Gd
                0x00000000000159ac                MsgBox_E_SubTitle_Gd
                0x00000000000159b0                MsgBox_W_Title_Gd
                0x00000000000159b4                MsgBox_C_Text_Gd
                0x00000000000159b8                MsgBox_W_Border_Gd
                0x00000000000159bc                MsgBox_C_SubTitle_Gd
                0x00000000000159c0                MsgBox_W_Text_Gd
 .scommon       0x00000000000159c4       0x64 D:/DATA/Alex/Topfield/TAPs/API.122//libFireBird.a(InitTAPex.o)
                                          0x0 (size before relaxing)
                0x00000000000159c4                FlashMemory_Settings
                0x00000000000159c8                pScalerSettingsUnk1
                0x00000000000159cc                FlashMemory_Defaults
                0x00000000000159d0                TAPgp
                0x00000000000159d4                FWgp
                0x00000000000159d8                TAP_IndexAddress
                0x00000000000159dc                BIOSAddress
                0x00000000000159e0                pWD3
                0x00000000000159e4                pWD4
                0x00000000000159e8                pFWWDBackup
                0x00000000000159ec                ApplID
                0x00000000000159f0                EventDispatcherAddress
                0x00000000000159f4                TAP_TableAddress
                0x00000000000159f8                pScalerSettingsPIP
                0x00000000000159fc                pWD2
                0x0000000000015a00                FlashMemory_Base
                0x0000000000015a04                pScalerSettingsMain
                0x0000000000015a08                pFWWD
                0x0000000000015a0c                pWD1
                0x0000000000015a10                Hardware_bff00000
                0x0000000000015a14                TAP_TableIndex
                0x0000000000015a18                FlashMemory_Firmware
                0x0000000000015a1c                pWD5
                0x0000000000015a20                pScalerSettingsUnk2
                0x0000000000015a24                SysID
 .scommon       0x0000000000015a28        0x4 D:/DATA/Alex/Topfield/TAPs/API.122//libFireBird.a(FlashInitialize.o)
                                          0x0 (size before relaxing)
                0x0000000000015a28                FlashType
 .scommon       0x0000000000015a2c      0x23c D:/DATA/Alex/Topfield/TAPs/API.122//libtap.a(init.o)
                                          0x0 (size before relaxing)
                0x0000000000015a2c                TAP_ControlEit
                0x0000000000015a30                TAP_Usb_Write
                0x0000000000015a34                TAP_Timer_Modify
                0x0000000000015a38                TAP_Hdd_StopRecord
                0x0000000000015a3c                TAP_GetState
                0x0000000000015a40                TAP_Win_SetAvtice
                0x0000000000015a44                TAP_Channel_Start
                0x0000000000015a48                TAP_Osd_SaveBox
                0x0000000000015a4c                TAP_Vfd_GetStatus
                0x0000000000015a50                TAP_WriteSystemVar
                0x0000000000015a54                TAP_Osd_DrawString
                0x0000000000015a58                TAP_Osd_PutGd__
                0x0000000000015a5c                TAP_Osd_Draw3dBoxFill
                0x0000000000015a60                TAP_Hdd_SetBookmark
                0x0000000000015a64                TAP_Channel_SetSubtitleTrack
                0x0000000000015a68                TAP_Win_AddItem
                0x0000000000015a6c                TAP_Hdd_Rename
                0x0000000000015a70                TAP_Timer_GetTotalNum
                0x0000000000015a74                TAP_Osd_Zoom
                0x0000000000015a78                TAP_Vfd_Control
                0x0000000000015a7c                TAP_Win_Action
                0x0000000000015a80                TAP_Usb_Cancel
                0x0000000000015a84                TAP_GetSystemProc
                0x0000000000015a88                TAP_GetSystemVar
                0x0000000000015a8c                TAP_Hdd_Flen
                0x0000000000015a90                TAP_MakeMjd
                0x0000000000015a94                TAP_GetCurrentEvent
                0x0000000000015a98                TAP_SetBaudRate
                0x0000000000015a9c                TAP_Win_SetColor
                0x0000000000015aa0                TAP_Channel_GetAudioTrackName
                0x0000000000015aa4                TAP_Channel_GetInfo
                0x0000000000015aa8                TAP_Win_Create
                0x0000000000015aac                TAP_Channel_Move
                0x0000000000015ab0                TAP_Osd_GetBaseInfo
                0x0000000000015ab4                TAP_Exit
                0x0000000000015ab8                TAP_Channel_GetCurrent
                0x0000000000015abc                TAP_Usb_PacketRead
                0x0000000000015ac0                TAP_Hdd_GetHddID
                0x0000000000015ac4                TAP_SetInfoboxTime
                0x0000000000015ac8                TAP_GenerateEvent
                0x0000000000015acc                TAP_Delay
                0x0000000000015ad0                TAP_Win_GetSelection
                0x0000000000015ad4                TAP_Hdd_PlayTs
                0x0000000000015ad8                TAP_Vfd_SendData
                0x0000000000015adc                TAP_Channel_Scale
                0x0000000000015ae0                TAP_Print
                0x0000000000015ae4                TAP_Hdd_Fseek
                0x0000000000015ae8                TAP_Hdd_FreeSize
                0x0000000000015aec                TAP_Osd_GetPixel
                0x0000000000015af0                TAP_Hdd_FindNext
                0x0000000000015af4                TAP_Win_SetDefaultColor
                0x0000000000015af8                TAP_ExitNormal
                0x0000000000015afc                TAP_PutByte
                0x0000000000015b00                TAP_Hdd_ChangeDir
                0x0000000000015b04                TAP_Osd_SetLut
                0x0000000000015b08                TAP_Win_SetTitle
                0x0000000000015b0c                TAP_SetSoundLevel
                0x0000000000015b10                TAP_SetSystemVar
                0x0000000000015b14                TAP_EnterNormal
                0x0000000000015b18                TAP_Win_SetDrawItemFunc
                0x0000000000015b1c                TAP_Channel_Stop
                0x0000000000015b20                TAP_PutEvent
                0x0000000000015b24                TAP_Usb_PacketWrite
                0x0000000000015b28                TAP_Usb_Read
                0x0000000000015b2c                TAP_Hdd_TotalSize
                0x0000000000015b30                TAP_Hdd_Fwrite
                0x0000000000015b34                TAP_Channel_SetAudioTrack
                0x0000000000015b38                TAP_Osd_GetW
                0x0000000000015b3c                TAP_PrintSys
                0x0000000000015b40                TAP_EPG_GetExtInfo
                0x0000000000015b44                TAP_SetBk
                0x0000000000015b48                TAP_Channel_GetTotalAudioTrack
                0x0000000000015b4c                TAP_Win_SetSelection
                0x0000000000015b50                TAP_Hdd_ChangePlaybackPos
                0x0000000000015b54                TAP_EPG_UpdateEvent
                0x0000000000015b58                TAP_Osd_PutBox
                0x0000000000015b5c                TAP_Osd_Create
                0x0000000000015b60                TAP_Hdd_Fclose
                0x0000000000015b64                TAP_Win_Delete
                0x0000000000015b68                TAP_Hdd_Create
                0x0000000000015b6c                TAP_Osd_Move
                0x0000000000015b70                TAP_Hdd_FindFirst
                0x0000000000015b74                TAP_Cos
                0x0000000000015b78                TAP_GetSignalQuality
                0x0000000000015b7c                TAP_Win_Draw
                0x0000000000015b80                TAP_EPG_DeleteEvent
                0x0000000000015b84                TAP_GetTime
                0x0000000000015b88                TAP_CaptureScreen
                0x0000000000015b8c                TAP_Hdd_Exist
                0x0000000000015b90                TAP_Hdd_Delete
                0x0000000000015b94                TAP_Win_SetFont
                0x0000000000015b98                TAP_Channel_IsStarted
                0x0000000000015b9c                TAP_MemFree
                0x0000000000015ba0                TAP_GetCh
                0x0000000000015ba4                TAP_PlayPCM
                0x0000000000015ba8                TAP_Hdd_Ftell
                0x0000000000015bac                TAP_Channel_GetSubtitleTrackName
                0x0000000000015bb0                TAP_Timer_GetInfo
                0x0000000000015bb4                TAP_Timer_Delete
                0x0000000000015bb8                TAP_Osd_SetTransparency
                0x0000000000015bbc                TAP_Hdd_StartRecord
                0x0000000000015bc0                _tap_startAddr
                0x0000000000015bc4                TAP_KbHit
                0x0000000000015bc8                TAP_Osd_PutS
                0x0000000000015bcc                TAP_Channel_IsPlayable
                0x0000000000015bd0                TAP_Channel_GetFirstInfo
                0x0000000000015bd4                TAP_MemInfo
                0x0000000000015bd8                TAP_Channel_GetNextInfo
                0x0000000000015bdc                TAP_SPrint
                0x0000000000015be0                TAP_Osd_RestoreBox
                0x0000000000015be4                TAP_Osd_Ctrl
                0x0000000000015be8                TAP_GetSignalLevel
                0x0000000000015bec                TAP_Osd_DrawPixmap
                0x0000000000015bf0                TAP_SystemProc
                0x0000000000015bf4                _appl_version
                0x0000000000015bf8                TAP_PutCh
                0x0000000000015bfc                TAP_Hdd_GetRecInfo
                0x0000000000015c00                TAP_Hdd_Fread
                0x0000000000015c04                TAP_Osd_Delete
                0x0000000000015c08                TAP_Hdd_Fopen
                0x0000000000015c0c                TAP_Timer_Add
                0x0000000000015c10                TAP_Osd_FillBox
                0x0000000000015c14                TAP_Channel_GetTotalNum
                0x0000000000015c18                TAP_GetEvent
                0x0000000000015c1c                TAP_Hdd_GotoBookmark
                0x0000000000015c20                TAP_Hdd_StopMp3
                0x0000000000015c24                TAP_Channel_GetCurrentSubTV
                0x0000000000015c28                TAP_Osd_DrawRectangle
                0x0000000000015c2c                TAP_ExtractMjd
                0x0000000000015c30                TAP_Osd_PutStringAf
                0x0000000000015c34                TAP_Osd_Draw3dBox
                0x0000000000015c38                TAP_SysOsdControl
                0x0000000000015c3c                TAP_MemAlloc
                0x0000000000015c40                TAP_Osd_PutPixel
                0x0000000000015c44                TAP_Channel_GetTotalSubtitleTrack
                0x0000000000015c48                TAP_Hdd_PlayMp3
                0x0000000000015c4c                TAP_Hdd_StopTs
                0x0000000000015c50                TAP_Osd_GetBox
                0x0000000000015c54                TAP_Sin
                0x0000000000015c58                TAP_Osd_PutString
                0x0000000000015c5c                TAP_Osd_Copy
                0x0000000000015c60                TAP_Hdd_GetPlayInfo
                0x0000000000015c64                TAP_GetTick

.bss            0x0000000000015c70     0x6cb0
 *(.dynbss)
 *(.bss)
 .bss           0x0000000000015c70       0x64 FileSelectorDemo.o
 *fill*         0x0000000000015cd4 0x41519c00000004 00
 .bss           0x0000000000015cd8      0x2b4 D:/DATA/Alex/Topfield/TAPs/API.122//libFireBird.a(tapapifix.o)
 *fill*         0x0000000000015f8c 0x41519c00000004 00
 .bss           0x0000000000015f90        0xc D:/DATA/Alex/Topfield/TAPs/API.122//libFireBird.a(INISetARGB.o)
 *(.bss.*)
 *(COMMON)
 *fill*         0x0000000000015f9c        0x4 00
 COMMON         0x0000000000015fa0     0x63c0 D:/DATA/Alex/Topfield/TAPs/API.122//libFireBird.a(FileSelector.o)
                                          0x0 (size before relaxing)
                0x0000000000015fa0                DialogProfile
                0x0000000000015ff0                FileSelectorWindow
                0x000000000001c010                DialogWindow
                0x000000000001c310                FileSelectorFilter
 COMMON         0x000000000001c360      0x200 D:/DATA/Alex/Topfield/TAPs/API.122//libFireBird.a(HDD_GetClusterSize.o)
                                          0x0 (size before relaxing)
                0x000000000001c360                HDDIOBuffer
 COMMON         0x000000000001c560       0x40 D:/DATA/Alex/Topfield/TAPs/API.122//libFireBird.a(FlashInitialize.o)
                                          0x0 (size before relaxing)
                0x000000000001c560                FlashBlockOffset
 COMMON         0x000000000001c5a0      0x380 D:/DATA/Alex/Topfield/TAPs/API.122//libFireBird.a(strtoul.o)
                                          0x0 (size before relaxing)
                0x000000000001c5a0                impure_data
                0x000000000001c920                . = ALIGN (0x4)

.stab
 *(.stab)

.debug
 *(.debug)
                0x000000000001c920                _end = .
                0x000000000001c920                PROVIDE (end, .)
LOAD FileSelectorDemo.o
LOAD D:/DATA/Alex/Topfield/TAPs/API.122//libFireBird.a
LOAD C:/sw/prgm/gccForTAP/usr/local/lib//libc.a
LOAD D:/DATA/Alex/Topfield/TAPs/API.122//libtap.a
LOAD C:/sw/prgm/gccForTAP/usr/local/lib/gcc-lib/mips/2.95.3/soft-float//libgcc.a
LOAD D:/DATA/Alex/Topfield/TAPs/API.122//libFireBird.a
OUTPUT(FileSelectorDemo.elf elf32-bigmips)

.reginfo        0x0000000000000000       0x18
 .reginfo       0x0000000000000000       0x18 FileSelectorDemo.o

.mdebug         0x0000000000000000     0xb7e4
 .mdebug        0x0000000000000000      0x400 FileSelectorDemo.o
 .mdebug        0x0000000000000400      0x210 D:/DATA/Alex/Topfield/TAPs/API.122//libFireBird.a(ShowMessageWin.o)
 .mdebug        0x0000000000000610      0x2f8 D:/DATA/Alex/Topfield/TAPs/API.122//libFireBird.a(ShowMessageWindow.o)
 .mdebug        0x0000000000000908      0xa08 D:/DATA/Alex/Topfield/TAPs/API.122//libFireBird.a(FileSelector.o)
 .mdebug        0x0000000000001310      0x228 D:/DATA/Alex/Topfield/TAPs/API.122//libFireBird.a(MakeValidFileName.o)
 .mdebug        0x0000000000001538      0x1c8 D:/DATA/Alex/Topfield/TAPs/API.122//libFireBird.a(isLegalChar.o)
 .mdebug        0x0000000000001700      0xa48 D:/DATA/Alex/Topfield/TAPs/API.122//libFireBird.a(tapapifix.o)
 .mdebug        0x0000000000002148      0x220 D:/DATA/Alex/Topfield/TAPs/API.122//libFireBird.a(EndMessageWin.o)
 .mdebug        0x0000000000002368      0x280 D:/DATA/Alex/Topfield/TAPs/API.122//libFireBird.a(InitAudioPointers.o)
 .mdebug        0x00000000000025e8      0x344 D:/DATA/Alex/Topfield/TAPs/API.122//libFireBird.a(DialogEvent.o)
 .mdebug        0x000000000000292c      0x2f4 D:/DATA/Alex/Topfield/TAPs/API.122//libFireBird.a(DialogMsgBoxExit.o)
 .mdebug        0x0000000000002c20      0x28c D:/DATA/Alex/Topfield/TAPs/API.122//libFireBird.a(DialogMsgBoxInit.o)
 .mdebug        0x0000000000002eac      0x258 D:/DATA/Alex/Topfield/TAPs/API.122//libFireBird.a(DialogMsgBoxTitleSet.o)
 .mdebug        0x0000000000003104      0x258 D:/DATA/Alex/Topfield/TAPs/API.122//libFireBird.a(DialogProfileCheck.o)
 .mdebug        0x000000000000335c      0x314 D:/DATA/Alex/Topfield/TAPs/API.122//libFireBird.a(DialogProfileLoadMy.o)
 .mdebug        0x0000000000003670      0x27c D:/DATA/Alex/Topfield/TAPs/API.122//libFireBird.a(DialogWindowCursorSet.o)
 .mdebug        0x00000000000038ec      0x298 D:/DATA/Alex/Topfield/TAPs/API.122//libFireBird.a(DialogWindowExit.o)
 .mdebug        0x0000000000003b84      0x374 D:/DATA/Alex/Topfield/TAPs/API.122//libFireBird.a(DialogWindowHide.o)
 .mdebug        0x0000000000003ef8      0x248 D:/DATA/Alex/Topfield/TAPs/API.122//libFireBird.a(DialogWindowInfoDeleteAll.o)
 .mdebug        0x0000000000004140      0xabc D:/DATA/Alex/Topfield/TAPs/API.122//libFireBird.a(DialogWindowInit.o)
 .mdebug        0x0000000000004bfc      0x2f0 D:/DATA/Alex/Topfield/TAPs/API.122//libFireBird.a(DialogWindowItemAdd.o)
 .mdebug        0x0000000000004eec      0x230 D:/DATA/Alex/Topfield/TAPs/API.122//libFireBird.a(DialogWindowItemChangeFlags.o)
 .mdebug        0x000000000000511c      0x230 D:/DATA/Alex/Topfield/TAPs/API.122//libFireBird.a(DialogWindowItemChangeIcon.o)
 .mdebug        0x000000000000534c      0x254 D:/DATA/Alex/Topfield/TAPs/API.122//libFireBird.a(DialogWindowItemChangeParameter.o)
 .mdebug        0x00000000000055a0      0x248 D:/DATA/Alex/Topfield/TAPs/API.122//libFireBird.a(DialogWindowItemChangeValue.o)
 .mdebug        0x00000000000057e8      0x244 D:/DATA/Alex/Topfield/TAPs/API.122//libFireBird.a(DialogWindowItemDeleteAll.o)
 .mdebug        0x0000000000005a2c      0xa6c D:/DATA/Alex/Topfield/TAPs/API.122//libFireBird.a(DialogWindowReInit.o)
 .mdebug        0x0000000000006498      0x2dc D:/DATA/Alex/Topfield/TAPs/API.122//libFireBird.a(DialogWindowRefresh.o)
 .mdebug        0x0000000000006774      0x2a0 D:/DATA/Alex/Topfield/TAPs/API.122//libFireBird.a(DialogWindowScrollDown.o)
 .mdebug        0x0000000000006a14      0x2cc D:/DATA/Alex/Topfield/TAPs/API.122//libFireBird.a(DialogWindowScrollDownPage.o)
 .mdebug        0x0000000000006ce0      0x29c D:/DATA/Alex/Topfield/TAPs/API.122//libFireBird.a(DialogWindowScrollUp.o)
 .mdebug        0x0000000000006f7c      0x2c8 D:/DATA/Alex/Topfield/TAPs/API.122//libFireBird.a(DialogWindowScrollUpPage.o)
 .mdebug        0x0000000000007244      0x350 D:/DATA/Alex/Topfield/TAPs/API.122//libFireBird.a(DialogWindowShow.o)
 .mdebug        0x0000000000007594      0x258 D:/DATA/Alex/Topfield/TAPs/API.122//libFireBird.a(DialogWindowTabulatorSet.o)
 .mdebug        0x00000000000077ec      0x23c D:/DATA/Alex/Topfield/TAPs/API.122//libFireBird.a(DialogWindowTitleChange.o)
 .mdebug        0x0000000000007a28      0x224 D:/DATA/Alex/Topfield/TAPs/API.122//libFireBird.a(DialogWindowTypeChange.o)
 .mdebug        0x0000000000007c4c      0x2f8 D:/DATA/Alex/Topfield/TAPs/API.122//libFireBird.a(DrawMsgBoxButtons.o)
 .mdebug        0x0000000000007f44      0x394 D:/DATA/Alex/Topfield/TAPs/API.122//libFireBird.a(DrawMsgBoxTitle.o)
 .mdebug        0x00000000000082d8      0x2b8 D:/DATA/Alex/Topfield/TAPs/API.122//libFireBird.a(DrawWindowBorder.o)
 .mdebug        0x0000000000008590      0x334 D:/DATA/Alex/Topfield/TAPs/API.122//libFireBird.a(DrawWindowInfo.o)
 .mdebug        0x00000000000088c4      0x44c D:/DATA/Alex/Topfield/TAPs/API.122//libFireBird.a(DrawWindowLines.o)
 .mdebug        0x0000000000008d10      0x3e4 D:/DATA/Alex/Topfield/TAPs/API.122//libFireBird.a(DrawWindowScrollBar.o)
 .mdebug        0x00000000000090f4      0x2cc D:/DATA/Alex/Topfield/TAPs/API.122//libFireBird.a(DrawWindowTitle.o)
 .mdebug        0x00000000000093c0      0x280 D:/DATA/Alex/Topfield/TAPs/API.122//libFireBird.a(HasEnoughItemMemory.o)
 .mdebug        0x0000000000009640      0x214 D:/DATA/Alex/Topfield/TAPs/API.122//libFireBird.a(OSDLinesForeDirty.o)
 .mdebug        0x0000000000009854      0x2f8 D:/DATA/Alex/Topfield/TAPs/API.122//libFireBird.a(ProfileInit.o)
 .mdebug        0x0000000000009b4c      0x2e4 D:/DATA/Alex/Topfield/TAPs/API.122//libFireBird.a(ProfileLoad.o)
 .mdebug        0x0000000000009e30      0x234 D:/DATA/Alex/Topfield/TAPs/API.122//libFireBird.a(ProfileMayReload.o)
 .mdebug        0x000000000000a064      0x200 D:/DATA/Alex/Topfield/TAPs/API.122//libFireBird.a(WindowDirty.o)
 .mdebug        0x000000000000a264      0x2a4 D:/DATA/Alex/Topfield/TAPs/API.122//libFireBird.a(HDD_ChangeDir.o)
 .mdebug        0x000000000000a508      0x258 D:/DATA/Alex/Topfield/TAPs/API.122//libFireBird.a(INICloseFile.o)
 .mdebug        0x000000000000a760      0x260 D:/DATA/Alex/Topfield/TAPs/API.122//libFireBird.a(INIGetARGB.o)
 .mdebug        0x000000000000a9c0      0x25c D:/DATA/Alex/Topfield/TAPs/API.122//libFireBird.a(INIGetInt.o)
 .mdebug        0x000000000000ac1c      0x320 D:/DATA/Alex/Topfield/TAPs/API.122//libFireBird.a(INIOpenFile.o)
 .mdebug        0x000000000000af3c      0x290 D:/DATA/Alex/Topfield/TAPs/API.122//libFireBird.a(HDD_TAP_GetCurrentDirCluster.o)
 .mdebug        0x000000000000b1cc      0x278 D:/DATA/Alex/Topfield/TAPs/API.122//libFireBird.a(HDD_TAP_GetInfo.o)
 .mdebug        0x000000000000b444      0x2d4 D:/DATA/Alex/Topfield/TAPs/API.122//libFireBird.a(HDD_TAP_SetCurrentDirCluster.o)
 .mdebug        0x000000000000b718      0x204 D:/DATA/Alex/Topfield/TAPs/API.122//libFireBird.a(DrawOSDLine.o)
 .mdebug        0x000000000000b91c      0x23c D:/DATA/Alex/Topfield/TAPs/API.122//libFireBird.a(FreeOSDRegion.o)
 .mdebug        0x000000000000bb58      0x284 D:/DATA/Alex/Topfield/TAPs/API.122//libFireBird.a(GetOSDMapAddress.o)
 .mdebug        0x000000000000bddc      0x21c D:/DATA/Alex/Topfield/TAPs/API.122//libFireBird.a(GetOSDRegionHeight.o)
 .mdebug        0x000000000000bff8      0x214 D:/DATA/Alex/Topfield/TAPs/API.122//libFireBird.a(GetOSDRegionWidth.o)
 .mdebug        0x000000000000c20c      0x1f4 D:/DATA/Alex/Topfield/TAPs/API.122//libFireBird.a(OSDCopy.o)
 .mdebug        0x000000000000c400      0x2dc D:/DATA/Alex/Topfield/TAPs/API.122//libFireBird.a(TAP_Osd_PutFreeColorGd.o)
 .mdebug        0x000000000000c6dc      0x238 D:/DATA/Alex/Topfield/TAPs/API.122//libFireBird.a(isOSDRegionAlive.o)
 .mdebug        0x000000000000c914      0x428 D:/DATA/Alex/Topfield/TAPs/API.122//libFireBird.a(BuildWindowBorder.o)
 .mdebug        0x000000000000cd3c      0x384 D:/DATA/Alex/Topfield/TAPs/API.122//libFireBird.a(BuildWindowInfo.o)
 .mdebug        0x000000000000d0c0      0x41c D:/DATA/Alex/Topfield/TAPs/API.122//libFireBird.a(BuildWindowLine.o)
 .mdebug        0x000000000000d4dc      0x434 D:/DATA/Alex/Topfield/TAPs/API.122//libFireBird.a(BuildWindowLineSelected.o)
 .mdebug        0x000000000000d910      0x33c D:/DATA/Alex/Topfield/TAPs/API.122//libFireBird.a(BuildWindowScrollBar.o)
 .mdebug        0x000000000000dc4c      0x304 D:/DATA/Alex/Topfield/TAPs/API.122//libFireBird.a(BuildWindowTitle.o)
 .mdebug        0x000000000000df50      0x238 D:/DATA/Alex/Topfield/TAPs/API.122//libFireBird.a(CalcPrepare.o)
 .mdebug        0x000000000000e188      0x260 D:/DATA/Alex/Topfield/TAPs/API.122//libFireBird.a(CalcTopIndex.o)
 .mdebug        0x000000000000e3e8      0x20c D:/DATA/Alex/Topfield/TAPs/API.122//libFireBird.a(CheckSelectable.o)
 .mdebug        0x000000000000e5f4      0x92c D:/DATA/Alex/Topfield/TAPs/API.122//libFireBird.a(DialogMsgBoxShow.o)
 .mdebug        0x000000000000ef20      0x210 D:/DATA/Alex/Topfield/TAPs/API.122//libFireBird.a(DialogProfileLoad.o)
 .mdebug        0x000000000000f130      0x2f4 D:/DATA/Alex/Topfield/TAPs/API.122//libFireBird.a(DialogProfileSave.o)
 .mdebug        0x000000000000f424      0x464 D:/DATA/Alex/Topfield/TAPs/API.122//libFireBird.a(DrawWindowLine.o)
 .mdebug        0x000000000000f888      0x208 D:/DATA/Alex/Topfield/TAPs/API.122//libFireBird.a(ProfileDirty.o)
 .mdebug        0x000000000000fa90      0x260 D:/DATA/Alex/Topfield/TAPs/API.122//libFireBird.a(ChangeDirRoot.o)
 .mdebug        0x000000000000fcf0      0x254 D:/DATA/Alex/Topfield/TAPs/API.122//libFireBird.a(HDD_GetClusterSize.o)
 .mdebug        0x000000000000ff44      0x23c D:/DATA/Alex/Topfield/TAPs/API.122//libFireBird.a(HDD_ReadSectorDMA.o)
 .mdebug        0x0000000000010180      0x238 D:/DATA/Alex/Topfield/TAPs/API.122//libFireBird.a(INIFindStartEnd.o)
 .mdebug        0x00000000000103b8      0x2e8 D:/DATA/Alex/Topfield/TAPs/API.122//libFireBird.a(INISaveFile.o)
 .mdebug        0x00000000000106a0      0x240 D:/DATA/Alex/Topfield/TAPs/API.122//libFireBird.a(INISetARGB.o)
 .mdebug        0x00000000000108e0      0x214 D:/DATA/Alex/Topfield/TAPs/API.122//libFireBird.a(INISetInt.o)
 .mdebug        0x0000000000010af4      0x2e8 D:/DATA/Alex/Topfield/TAPs/API.122//libFireBird.a(INISetString.o)
 .mdebug        0x0000000000010ddc      0x578 D:/DATA/Alex/Topfield/TAPs/API.122//libFireBird.a(InitTAPex.o)
 .mdebug        0x0000000000011354      0x240 D:/DATA/Alex/Topfield/TAPs/API.122//libFireBird.a(stricstr.o)
 .mdebug        0x0000000000011594      0x320 D:/DATA/Alex/Topfield/TAPs/API.122//libFireBird.a(FlashInitialize.o)
 .mdebug        0x00000000000118b4      0x228 D:/DATA/Alex/Topfield/TAPs/API.122//libFireBird.a(HDD_TouchFile.o)
 .mdebug        0x0000000000011adc      0x234 D:/DATA/Alex/Topfield/TAPs/API.122//libFireBird.a(HDD_TruncateFile.o)
 .mdebug        0x0000000000011d10      0x234 D:/DATA/Alex/Topfield/TAPs/API.122//libFireBird.a(FindInstructionSequence.o)
 .mdebug        0x0000000000011f44      0x1e0 D:/DATA/Alex/Topfield/TAPs/API.122//libFireBird.a(HDD_SetFileDateTime.o)
 .mdebug        0x0000000000012124      0x1ac C:/sw/prgm/gccForTAP/usr/local/lib//libc.a(ctype_.o)
 .mdebug        0x00000000000122d0      0x1bc C:/sw/prgm/gccForTAP/usr/local/lib//libc.a(memcpy.o)
 .mdebug        0x000000000001248c      0x1bc C:/sw/prgm/gccForTAP/usr/local/lib//libc.a(memmove.o)
 .mdebug        0x0000000000012648      0x1bc C:/sw/prgm/gccForTAP/usr/local/lib//libc.a(memset.o)
 .mdebug        0x0000000000012804      0x1f8 C:/sw/prgm/gccForTAP/usr/local/lib//libc.a(strcasecmp.o)
 .mdebug        0x00000000000129fc      0x1ec C:/sw/prgm/gccForTAP/usr/local/lib//libc.a(strcat.o)
 .mdebug        0x0000000000012be8      0x1bc C:/sw/prgm/gccForTAP/usr/local/lib//libc.a(strchr.o)
 .mdebug        0x0000000000012da4      0x1bc C:/sw/prgm/gccForTAP/usr/local/lib//libc.a(strcmp.o)
 .mdebug        0x0000000000012f60      0x1bc C:/sw/prgm/gccForTAP/usr/local/lib//libc.a(strcpy.o)
 .mdebug        0x000000000001311c      0x1bc C:/sw/prgm/gccForTAP/usr/local/lib//libc.a(strlen.o)
 .mdebug        0x00000000000132d8      0x1fc C:/sw/prgm/gccForTAP/usr/local/lib//libc.a(strncasecmp.o)
 .mdebug        0x00000000000134d4      0x1bc C:/sw/prgm/gccForTAP/usr/local/lib//libc.a(strncmp.o)
 .mdebug        0x0000000000013690      0x1bc C:/sw/prgm/gccForTAP/usr/local/lib//libc.a(strncpy.o)
 .mdebug        0x000000000001384c      0x1bc C:/sw/prgm/gccForTAP/usr/local/lib//libc.a(strpbrk.o)
 .mdebug        0x0000000000013a08      0x1ec C:/sw/prgm/gccForTAP/usr/local/lib//libc.a(strrchr.o)
 .mdebug        0x0000000000013bf4      0x1bc C:/sw/prgm/gccForTAP/usr/local/lib//libc.a(strstr.o)
 .mdebug        0x0000000000013db0      0x284 C:/sw/prgm/gccForTAP/usr/local/lib//libc.a(strtoul.o)
 .mdebug        0x0000000000014034     0x176c D:/DATA/Alex/Topfield/TAPs/API.122//libtap.a(init.o)
 .mdebug        0x00000000000157a0      0x180 D:/DATA/Alex/Topfield/TAPs/API.122//libFireBird.a(strtoul.o)

Cross Reference Table

Symbol                                            File
ApplID                                            D:/DATA/Alex/Topfield/TAPs/API.122//libFireBird.a(InitTAPex.o)
BIOSAddress                                       D:/DATA/Alex/Topfield/TAPs/API.122//libFireBird.a(InitTAPex.o)
Border_InfoN_E_Gd                                 D:/DATA/Alex/Topfield/TAPs/API.122//libFireBird.a(BuildWindowBorder.o)
                                                  D:/DATA/Alex/Topfield/TAPs/API.122//libFireBird.a(DialogWindowReInit.o)
Border_InfoN_W_Gd                                 D:/DATA/Alex/Topfield/TAPs/API.122//libFireBird.a(BuildWindowBorder.o)
                                                  D:/DATA/Alex/Topfield/TAPs/API.122//libFireBird.a(DialogWindowReInit.o)
Border_Info_E_Gd                                  D:/DATA/Alex/Topfield/TAPs/API.122//libFireBird.a(BuildWindowBorder.o)
                                                  D:/DATA/Alex/Topfield/TAPs/API.122//libFireBird.a(DialogWindowReInit.o)
Border_Info_W_Gd                                  D:/DATA/Alex/Topfield/TAPs/API.122//libFireBird.a(BuildWindowBorder.o)
                                                  D:/DATA/Alex/Topfield/TAPs/API.122//libFireBird.a(DialogWindowReInit.o)
Border_Items_E_Gd                                 D:/DATA/Alex/Topfield/TAPs/API.122//libFireBird.a(BuildWindowBorder.o)
                                                  D:/DATA/Alex/Topfield/TAPs/API.122//libFireBird.a(DrawWindowScrollBar.o)
                                                  D:/DATA/Alex/Topfield/TAPs/API.122//libFireBird.a(DrawWindowLines.o)
                                                  D:/DATA/Alex/Topfield/TAPs/API.122//libFireBird.a(DialogWindowReInit.o)
Border_Items_W_Gd                                 D:/DATA/Alex/Topfield/TAPs/API.122//libFireBird.a(BuildWindowBorder.o)
                                                  D:/DATA/Alex/Topfield/TAPs/API.122//libFireBird.a(DrawWindowScrollBar.o)
                                                  D:/DATA/Alex/Topfield/TAPs/API.122//libFireBird.a(DrawWindowLines.o)
                                                  D:/DATA/Alex/Topfield/TAPs/API.122//libFireBird.a(DialogWindowReInit.o)
Border_NE_Gd                                      D:/DATA/Alex/Topfield/TAPs/API.122//libFireBird.a(BuildWindowBorder.o)
                                                  D:/DATA/Alex/Topfield/TAPs/API.122//libFireBird.a(DialogWindowReInit.o)
Border_NW_Gd                                      D:/DATA/Alex/Topfield/TAPs/API.122//libFireBird.a(BuildWindowBorder.o)
                                                  D:/DATA/Alex/Topfield/TAPs/API.122//libFireBird.a(DialogWindowReInit.o)
Border_N_Gd                                       D:/DATA/Alex/Topfield/TAPs/API.122//libFireBird.a(BuildWindowBorder.o)
                                                  D:/DATA/Alex/Topfield/TAPs/API.122//libFireBird.a(DialogWindowReInit.o)
Border_SE_Gd                                      D:/DATA/Alex/Topfield/TAPs/API.122//libFireBird.a(BuildWindowBorder.o)
                                                  D:/DATA/Alex/Topfield/TAPs/API.122//libFireBird.a(DialogWindowReInit.o)
Border_SW_Gd                                      D:/DATA/Alex/Topfield/TAPs/API.122//libFireBird.a(BuildWindowBorder.o)
                                                  D:/DATA/Alex/Topfield/TAPs/API.122//libFireBird.a(DialogWindowReInit.o)
Border_S_Gd                                       D:/DATA/Alex/Topfield/TAPs/API.122//libFireBird.a(BuildWindowBorder.o)
                                                  D:/DATA/Alex/Topfield/TAPs/API.122//libFireBird.a(DialogWindowReInit.o)
BufferSize                                        D:/DATA/Alex/Topfield/TAPs/API.122//libFireBird.a(INIOpenFile.o)
                                                  D:/DATA/Alex/Topfield/TAPs/API.122//libFireBird.a(INISetString.o)
                                                  D:/DATA/Alex/Topfield/TAPs/API.122//libFireBird.a(INISaveFile.o)
                                                  D:/DATA/Alex/Topfield/TAPs/API.122//libFireBird.a(DialogProfileSave.o)
                                                  D:/DATA/Alex/Topfield/TAPs/API.122//libFireBird.a(INICloseFile.o)
                                                  D:/DATA/Alex/Topfield/TAPs/API.122//libFireBird.a(ProfileLoad.o)
BuildWindowBorder                                 D:/DATA/Alex/Topfield/TAPs/API.122//libFireBird.a(BuildWindowBorder.o)
                                                  D:/DATA/Alex/Topfield/TAPs/API.122//libFireBird.a(DrawWindowBorder.o)
BuildWindowInfo                                   D:/DATA/Alex/Topfield/TAPs/API.122//libFireBird.a(BuildWindowInfo.o)
                                                  D:/DATA/Alex/Topfield/TAPs/API.122//libFireBird.a(DrawWindowInfo.o)
BuildWindowLine                                   D:/DATA/Alex/Topfield/TAPs/API.122//libFireBird.a(BuildWindowLine.o)
                                                  D:/DATA/Alex/Topfield/TAPs/API.122//libFireBird.a(DrawWindowLines.o)
BuildWindowLineSelected                           D:/DATA/Alex/Topfield/TAPs/API.122//libFireBird.a(BuildWindowLineSelected.o)
                                                  D:/DATA/Alex/Topfield/TAPs/API.122//libFireBird.a(DrawWindowLines.o)
BuildWindowScrollBar                              D:/DATA/Alex/Topfield/TAPs/API.122//libFireBird.a(BuildWindowScrollBar.o)
                                                  D:/DATA/Alex/Topfield/TAPs/API.122//libFireBird.a(DrawWindowScrollBar.o)
BuildWindowTitle                                  D:/DATA/Alex/Topfield/TAPs/API.122//libFireBird.a(BuildWindowTitle.o)
                                                  D:/DATA/Alex/Topfield/TAPs/API.122//libFireBird.a(DrawWindowTitle.o)
CalcPrepare                                       D:/DATA/Alex/Topfield/TAPs/API.122//libFireBird.a(CalcPrepare.o)
                                                  D:/DATA/Alex/Topfield/TAPs/API.122//libFireBird.a(DialogWindowScrollUpPage.o)
                                                  D:/DATA/Alex/Topfield/TAPs/API.122//libFireBird.a(DialogWindowScrollUp.o)
                                                  D:/DATA/Alex/Topfield/TAPs/API.122//libFireBird.a(DialogWindowScrollDownPage.o)
                                                  D:/DATA/Alex/Topfield/TAPs/API.122//libFireBird.a(DialogWindowScrollDown.o)
                                                  D:/DATA/Alex/Topfield/TAPs/API.122//libFireBird.a(DialogWindowCursorSet.o)
CalcTopIndex                                      D:/DATA/Alex/Topfield/TAPs/API.122//libFireBird.a(CalcTopIndex.o)
                                                  D:/DATA/Alex/Topfield/TAPs/API.122//libFireBird.a(DialogWindowScrollUpPage.o)
                                                  D:/DATA/Alex/Topfield/TAPs/API.122//libFireBird.a(DialogWindowScrollUp.o)
                                                  D:/DATA/Alex/Topfield/TAPs/API.122//libFireBird.a(DialogWindowScrollDownPage.o)
                                                  D:/DATA/Alex/Topfield/TAPs/API.122//libFireBird.a(DialogWindowScrollDown.o)
                                                  D:/DATA/Alex/Topfield/TAPs/API.122//libFireBird.a(DialogWindowCursorSet.o)
ChangeDirRoot                                     D:/DATA/Alex/Topfield/TAPs/API.122//libFireBird.a(ChangeDirRoot.o)
                                                  D:/DATA/Alex/Topfield/TAPs/API.122//libFireBird.a(HDD_ChangeDir.o)
CheckSelectable                                   D:/DATA/Alex/Topfield/TAPs/API.122//libFireBird.a(CheckSelectable.o)
                                                  D:/DATA/Alex/Topfield/TAPs/API.122//libFireBird.a(DialogWindowScrollUpPage.o)
                                                  D:/DATA/Alex/Topfield/TAPs/API.122//libFireBird.a(DialogWindowScrollDownPage.o)
ClusterSize                                       D:/DATA/Alex/Topfield/TAPs/API.122//libFireBird.a(HDD_GetClusterSize.o)
DialogEvent                                       D:/DATA/Alex/Topfield/TAPs/API.122//libFireBird.a(DialogEvent.o)
                                                  D:/DATA/Alex/Topfield/TAPs/API.122//libFireBird.a(FileSelector.o)
DialogMsgBoxExit                                  D:/DATA/Alex/Topfield/TAPs/API.122//libFireBird.a(DialogMsgBoxExit.o)
                                                  D:/DATA/Alex/Topfield/TAPs/API.122//libFireBird.a(DialogEvent.o)
DialogMsgBoxInit                                  D:/DATA/Alex/Topfield/TAPs/API.122//libFireBird.a(DialogMsgBoxInit.o)
DialogMsgBoxShow                                  D:/DATA/Alex/Topfield/TAPs/API.122//libFireBird.a(DialogMsgBoxShow.o)
DialogMsgBoxTitleSet                              D:/DATA/Alex/Topfield/TAPs/API.122//libFireBird.a(DialogMsgBoxTitleSet.o)
                                                  D:/DATA/Alex/Topfield/TAPs/API.122//libFireBird.a(DialogMsgBoxInit.o)
DialogProfile                                     D:/DATA/Alex/Topfield/TAPs/API.122//libFireBird.a(FileSelector.o)
DialogProfileCheck                                D:/DATA/Alex/Topfield/TAPs/API.122//libFireBird.a(DialogProfileCheck.o)
                                                  D:/DATA/Alex/Topfield/TAPs/API.122//libFireBird.a(FileSelector.o)
DialogProfileLoad                                 D:/DATA/Alex/Topfield/TAPs/API.122//libFireBird.a(DialogProfileLoad.o)
                                                  D:/DATA/Alex/Topfield/TAPs/API.122//libFireBird.a(ProfileInit.o)
DialogProfileLoadMy                               D:/DATA/Alex/Topfield/TAPs/API.122//libFireBird.a(DialogProfileLoadMy.o)
                                                  D:/DATA/Alex/Topfield/TAPs/API.122//libFireBird.a(DialogProfileCheck.o)
                                                  D:/DATA/Alex/Topfield/TAPs/API.122//libFireBird.a(FileSelector.o)
DialogProfileSave                                 D:/DATA/Alex/Topfield/TAPs/API.122//libFireBird.a(DialogProfileSave.o)
                                                  D:/DATA/Alex/Topfield/TAPs/API.122//libFireBird.a(ProfileInit.o)
DialogWindow                                      D:/DATA/Alex/Topfield/TAPs/API.122//libFireBird.a(FileSelector.o)
DialogWindowCursorSet                             D:/DATA/Alex/Topfield/TAPs/API.122//libFireBird.a(DialogWindowCursorSet.o)
                                                  D:/DATA/Alex/Topfield/TAPs/API.122//libFireBird.a(DialogEvent.o)
DialogWindowExit                                  D:/DATA/Alex/Topfield/TAPs/API.122//libFireBird.a(DialogWindowExit.o)
                                                  D:/DATA/Alex/Topfield/TAPs/API.122//libFireBird.a(FileSelector.o)
DialogWindowHide                                  D:/DATA/Alex/Topfield/TAPs/API.122//libFireBird.a(DialogWindowHide.o)
                                                  D:/DATA/Alex/Topfield/TAPs/API.122//libFireBird.a(DialogWindowExit.o)
DialogWindowInfoDeleteAll                         D:/DATA/Alex/Topfield/TAPs/API.122//libFireBird.a(DialogWindowInfoDeleteAll.o)
                                                  D:/DATA/Alex/Topfield/TAPs/API.122//libFireBird.a(DialogWindowExit.o)
DialogWindowInit                                  D:/DATA/Alex/Topfield/TAPs/API.122//libFireBird.a(DialogWindowInit.o)
                                                  D:/DATA/Alex/Topfield/TAPs/API.122//libFireBird.a(FileSelector.o)
DialogWindowItemAdd                               D:/DATA/Alex/Topfield/TAPs/API.122//libFireBird.a(DialogWindowItemAdd.o)
                                                  D:/DATA/Alex/Topfield/TAPs/API.122//libFireBird.a(FileSelector.o)
DialogWindowItemChangeFlags                       D:/DATA/Alex/Topfield/TAPs/API.122//libFireBird.a(DialogWindowItemChangeFlags.o)
                                                  D:/DATA/Alex/Topfield/TAPs/API.122//libFireBird.a(DialogWindowItemAdd.o)
DialogWindowItemChangeIcon                        D:/DATA/Alex/Topfield/TAPs/API.122//libFireBird.a(DialogWindowItemChangeIcon.o)
                                                  D:/DATA/Alex/Topfield/TAPs/API.122//libFireBird.a(DialogWindowItemAdd.o)
DialogWindowItemChangeParameter                   D:/DATA/Alex/Topfield/TAPs/API.122//libFireBird.a(DialogWindowItemChangeParameter.o)
                                                  D:/DATA/Alex/Topfield/TAPs/API.122//libFireBird.a(DialogWindowItemAdd.o)
DialogWindowItemChangeValue                       D:/DATA/Alex/Topfield/TAPs/API.122//libFireBird.a(DialogWindowItemChangeValue.o)
                                                  D:/DATA/Alex/Topfield/TAPs/API.122//libFireBird.a(DialogWindowItemAdd.o)
DialogWindowItemDeleteAll                         D:/DATA/Alex/Topfield/TAPs/API.122//libFireBird.a(DialogWindowItemDeleteAll.o)
                                                  D:/DATA/Alex/Topfield/TAPs/API.122//libFireBird.a(FileSelector.o)
DialogWindowReInit                                D:/DATA/Alex/Topfield/TAPs/API.122//libFireBird.a(DialogWindowReInit.o)
                                                  D:/DATA/Alex/Topfield/TAPs/API.122//libFireBird.a(DialogWindowInit.o)
                                                  D:/DATA/Alex/Topfield/TAPs/API.122//libFireBird.a(FileSelector.o)
DialogWindowRefresh                               D:/DATA/Alex/Topfield/TAPs/API.122//libFireBird.a(DialogWindowRefresh.o)
                                                  D:/DATA/Alex/Topfield/TAPs/API.122//libFireBird.a(DialogWindowShow.o)
                                                  D:/DATA/Alex/Topfield/TAPs/API.122//libFireBird.a(DialogWindowScrollUpPage.o)
                                                  D:/DATA/Alex/Topfield/TAPs/API.122//libFireBird.a(DialogWindowScrollUp.o)
                                                  D:/DATA/Alex/Topfield/TAPs/API.122//libFireBird.a(DialogWindowScrollDownPage.o)
                                                  D:/DATA/Alex/Topfield/TAPs/API.122//libFireBird.a(DialogWindowScrollDown.o)
                                                  D:/DATA/Alex/Topfield/TAPs/API.122//libFireBird.a(DialogWindowCursorSet.o)
                                                  D:/DATA/Alex/Topfield/TAPs/API.122//libFireBird.a(FileSelector.o)
DialogWindowScrollDown                            D:/DATA/Alex/Topfield/TAPs/API.122//libFireBird.a(DialogWindowScrollDown.o)
                                                  D:/DATA/Alex/Topfield/TAPs/API.122//libFireBird.a(DialogEvent.o)
DialogWindowScrollDownPage                        D:/DATA/Alex/Topfield/TAPs/API.122//libFireBird.a(DialogWindowScrollDownPage.o)
                                                  D:/DATA/Alex/Topfield/TAPs/API.122//libFireBird.a(DialogEvent.o)
DialogWindowScrollUp                              D:/DATA/Alex/Topfield/TAPs/API.122//libFireBird.a(DialogWindowScrollUp.o)
                                                  D:/DATA/Alex/Topfield/TAPs/API.122//libFireBird.a(DialogEvent.o)
DialogWindowScrollUpPage                          D:/DATA/Alex/Topfield/TAPs/API.122//libFireBird.a(DialogWindowScrollUpPage.o)
                                                  D:/DATA/Alex/Topfield/TAPs/API.122//libFireBird.a(DialogEvent.o)
DialogWindowShow                                  D:/DATA/Alex/Topfield/TAPs/API.122//libFireBird.a(DialogWindowShow.o)
                                                  D:/DATA/Alex/Topfield/TAPs/API.122//libFireBird.a(FileSelector.o)
DialogWindowTabulatorSet                          D:/DATA/Alex/Topfield/TAPs/API.122//libFireBird.a(DialogWindowTabulatorSet.o)
                                                  D:/DATA/Alex/Topfield/TAPs/API.122//libFireBird.a(DialogWindowInit.o)
DialogWindowTitleChange                           D:/DATA/Alex/Topfield/TAPs/API.122//libFireBird.a(DialogWindowTitleChange.o)
                                                  D:/DATA/Alex/Topfield/TAPs/API.122//libFireBird.a(DialogWindowInit.o)
DialogWindowTypeChange                            D:/DATA/Alex/Topfield/TAPs/API.122//libFireBird.a(DialogWindowTypeChange.o)
                                                  D:/DATA/Alex/Topfield/TAPs/API.122//libFireBird.a(DialogWindowInit.o)
DrawMsgBoxButtons                                 D:/DATA/Alex/Topfield/TAPs/API.122//libFireBird.a(DrawMsgBoxButtons.o)
                                                  D:/DATA/Alex/Topfield/TAPs/API.122//libFireBird.a(DialogMsgBoxShow.o)
                                                  D:/DATA/Alex/Topfield/TAPs/API.122//libFireBird.a(DialogEvent.o)
DrawMsgBoxTitle                                   D:/DATA/Alex/Topfield/TAPs/API.122//libFireBird.a(DrawMsgBoxTitle.o)
                                                  D:/DATA/Alex/Topfield/TAPs/API.122//libFireBird.a(DialogMsgBoxShow.o)
                                                  D:/DATA/Alex/Topfield/TAPs/API.122//libFireBird.a(DialogMsgBoxTitleSet.o)
DrawOSDLine                                       D:/DATA/Alex/Topfield/TAPs/API.122//libFireBird.a(DrawOSDLine.o)
                                                  D:/DATA/Alex/Topfield/TAPs/API.122//libFireBird.a(DrawWindowLine.o)
                                                  D:/DATA/Alex/Topfield/TAPs/API.122//libFireBird.a(DrawWindowLines.o)
DrawWindowBorder                                  D:/DATA/Alex/Topfield/TAPs/API.122//libFireBird.a(DrawWindowBorder.o)
                                                  D:/DATA/Alex/Topfield/TAPs/API.122//libFireBird.a(DialogWindowRefresh.o)
DrawWindowInfo                                    D:/DATA/Alex/Topfield/TAPs/API.122//libFireBird.a(DrawWindowInfo.o)
                                                  D:/DATA/Alex/Topfield/TAPs/API.122//libFireBird.a(DialogWindowRefresh.o)
DrawWindowLine                                    D:/DATA/Alex/Topfield/TAPs/API.122//libFireBird.a(DrawWindowLine.o)
                                                  D:/DATA/Alex/Topfield/TAPs/API.122//libFireBird.a(DrawWindowLines.o)
DrawWindowLines                                   D:/DATA/Alex/Topfield/TAPs/API.122//libFireBird.a(DrawWindowLines.o)
                                                  D:/DATA/Alex/Topfield/TAPs/API.122//libFireBird.a(DialogWindowRefresh.o)
DrawWindowScrollBar                               D:/DATA/Alex/Topfield/TAPs/API.122//libFireBird.a(DrawWindowScrollBar.o)
                                                  D:/DATA/Alex/Topfield/TAPs/API.122//libFireBird.a(DrawWindowLines.o)
DrawWindowTitle                                   D:/DATA/Alex/Topfield/TAPs/API.122//libFireBird.a(DrawWindowTitle.o)
                                                  D:/DATA/Alex/Topfield/TAPs/API.122//libFireBird.a(DialogWindowRefresh.o)
EndMessageWin                                     D:/DATA/Alex/Topfield/TAPs/API.122//libFireBird.a(EndMessageWin.o)
                                                  D:/DATA/Alex/Topfield/TAPs/API.122//libFireBird.a(ShowMessageWindow.o)
EventDispatcherAddress                            D:/DATA/Alex/Topfield/TAPs/API.122//libFireBird.a(InitTAPex.o)
FBDialogMsgBox                                    D:/DATA/Alex/Topfield/TAPs/API.122//libFireBird.a(DialogMsgBoxInit.o)
                                                  D:/DATA/Alex/Topfield/TAPs/API.122//libFireBird.a(DialogMsgBoxShow.o)
                                                  D:/DATA/Alex/Topfield/TAPs/API.122//libFireBird.a(DrawMsgBoxTitle.o)
                                                  D:/DATA/Alex/Topfield/TAPs/API.122//libFireBird.a(DrawMsgBoxButtons.o)
                                                  D:/DATA/Alex/Topfield/TAPs/API.122//libFireBird.a(DialogMsgBoxTitleSet.o)
                                                  D:/DATA/Alex/Topfield/TAPs/API.122//libFireBird.a(DialogMsgBoxExit.o)
                                                  D:/DATA/Alex/Topfield/TAPs/API.122//libFireBird.a(DialogEvent.o)
FBDialogProfile                                   D:/DATA/Alex/Topfield/TAPs/API.122//libFireBird.a(ProfileInit.o)
                                                  D:/DATA/Alex/Topfield/TAPs/API.122//libFireBird.a(ProfileDirty.o)
                                                  D:/DATA/Alex/Topfield/TAPs/API.122//libFireBird.a(DrawWindowLine.o)
                                                  D:/DATA/Alex/Topfield/TAPs/API.122//libFireBird.a(DialogProfileSave.o)
                                                  D:/DATA/Alex/Topfield/TAPs/API.122//libFireBird.a(DialogMsgBoxShow.o)
                                                  D:/DATA/Alex/Topfield/TAPs/API.122//libFireBird.a(CalcTopIndex.o)
                                                  D:/DATA/Alex/Topfield/TAPs/API.122//libFireBird.a(BuildWindowTitle.o)
                                                  D:/DATA/Alex/Topfield/TAPs/API.122//libFireBird.a(BuildWindowScrollBar.o)
                                                  D:/DATA/Alex/Topfield/TAPs/API.122//libFireBird.a(BuildWindowLineSelected.o)
                                                  D:/DATA/Alex/Topfield/TAPs/API.122//libFireBird.a(BuildWindowLine.o)
                                                  D:/DATA/Alex/Topfield/TAPs/API.122//libFireBird.a(BuildWindowInfo.o)
                                                  D:/DATA/Alex/Topfield/TAPs/API.122//libFireBird.a(BuildWindowBorder.o)
                                                  D:/DATA/Alex/Topfield/TAPs/API.122//libFireBird.a(ProfileMayReload.o)
                                                  D:/DATA/Alex/Topfield/TAPs/API.122//libFireBird.a(ProfileLoad.o)
                                                  D:/DATA/Alex/Topfield/TAPs/API.122//libFireBird.a(DrawWindowTitle.o)
                                                  D:/DATA/Alex/Topfield/TAPs/API.122//libFireBird.a(DrawWindowScrollBar.o)
                                                  D:/DATA/Alex/Topfield/TAPs/API.122//libFireBird.a(DrawWindowLines.o)