Archive member included because of file (symbol)

D:/DATA/Alex/Topfield/TAPs/API.122//libFireBird.a(DialogEvent.o)
                              DialogDemo.o (DialogEvent)
D:/DATA/Alex/Topfield/TAPs/API.122//libFireBird.a(DialogMsgBoxExit.o)
                              D:/DATA/Alex/Topfield/TAPs/API.122//libFireBird.a(DialogEvent.o) (DialogMsgBoxExit)
D:/DATA/Alex/Topfield/TAPs/API.122//libFireBird.a(DialogMsgBoxInit.o)
                              D:/DATA/Alex/Topfield/TAPs/API.122//libFireBird.a(DialogEvent.o) (FBDialogMsgBox)
D:/DATA/Alex/Topfield/TAPs/API.122//libFireBird.a(DialogMsgBoxTitleSet.o)
                              D:/DATA/Alex/Topfield/TAPs/API.122//libFireBird.a(DialogMsgBoxInit.o) (DialogMsgBoxTitleSet)
D:/DATA/Alex/Topfield/TAPs/API.122//libFireBird.a(DialogProfileCheck.o)
                              DialogDemo.o (DialogProfileCheck)
D:/DATA/Alex/Topfield/TAPs/API.122//libFireBird.a(DialogProfileLoadMy.o)
                              DialogDemo.o (DialogProfileLoadMy)
D:/DATA/Alex/Topfield/TAPs/API.122//libFireBird.a(DialogWindowCursorSet.o)
                              D:/DATA/Alex/Topfield/TAPs/API.122//libFireBird.a(DialogEvent.o) (DialogWindowCursorSet)
D:/DATA/Alex/Topfield/TAPs/API.122//libFireBird.a(DialogWindowExit.o)
                              DialogDemo.o (DialogWindowExit)
D:/DATA/Alex/Topfield/TAPs/API.122//libFireBird.a(DialogWindowHide.o)
                              D:/DATA/Alex/Topfield/TAPs/API.122//libFireBird.a(DialogWindowExit.o) (DialogWindowHide)
D:/DATA/Alex/Topfield/TAPs/API.122//libFireBird.a(DialogWindowInfoAddS.o)
                              DialogDemo.o (DialogWindowInfoAddS)
D:/DATA/Alex/Topfield/TAPs/API.122//libFireBird.a(DialogWindowInfoDeleteAll.o)
                              D:/DATA/Alex/Topfield/TAPs/API.122//libFireBird.a(DialogWindowExit.o) (DialogWindowInfoDeleteAll)
D:/DATA/Alex/Topfield/TAPs/API.122//libFireBird.a(DialogWindowInit.o)
                              D:/DATA/Alex/Topfield/TAPs/API.122//libFireBird.a(DialogEvent.o) (FBDialogWindow)
D:/DATA/Alex/Topfield/TAPs/API.122//libFireBird.a(DialogWindowItemAdd.o)
                              DialogDemo.o (DialogWindowItemAdd)
D:/DATA/Alex/Topfield/TAPs/API.122//libFireBird.a(DialogWindowItemChangeFlags.o)
                              D:/DATA/Alex/Topfield/TAPs/API.122//libFireBird.a(DialogWindowItemAdd.o) (DialogWindowItemChangeFlags)
D:/DATA/Alex/Topfield/TAPs/API.122//libFireBird.a(DialogWindowItemChangeIcon.o)
                              D:/DATA/Alex/Topfield/TAPs/API.122//libFireBird.a(DialogWindowItemAdd.o) (DialogWindowItemChangeIcon)
D:/DATA/Alex/Topfield/TAPs/API.122//libFireBird.a(DialogWindowItemChangeParameter.o)
                              D:/DATA/Alex/Topfield/TAPs/API.122//libFireBird.a(DialogWindowItemAdd.o) (DialogWindowItemChangeParameter)
D:/DATA/Alex/Topfield/TAPs/API.122//libFireBird.a(DialogWindowItemChangeValue.o)
                              D:/DATA/Alex/Topfield/TAPs/API.122//libFireBird.a(DialogWindowItemAdd.o) (DialogWindowItemChangeValue)
D:/DATA/Alex/Topfield/TAPs/API.122//libFireBird.a(DialogWindowReInit.o)
                              DialogDemo.o (DialogWindowReInit)
D:/DATA/Alex/Topfield/TAPs/API.122//libFireBird.a(DialogWindowRefresh.o)
                              D:/DATA/Alex/Topfield/TAPs/API.122//libFireBird.a(DialogWindowCursorSet.o) (DialogWindowRefresh)
D:/DATA/Alex/Topfield/TAPs/API.122//libFireBird.a(DialogWindowScrollDown.o)
                              D:/DATA/Alex/Topfield/TAPs/API.122//libFireBird.a(DialogEvent.o) (DialogWindowScrollDown)
D:/DATA/Alex/Topfield/TAPs/API.122//libFireBird.a(DialogWindowScrollDownPage.o)
                              D:/DATA/Alex/Topfield/TAPs/API.122//libFireBird.a(DialogEvent.o) (DialogWindowScrollDownPage)
D:/DATA/Alex/Topfield/TAPs/API.122//libFireBird.a(DialogWindowScrollUp.o)
                              D:/DATA/Alex/Topfield/TAPs/API.122//libFireBird.a(DialogEvent.o) (DialogWindowScrollUp)
D:/DATA/Alex/Topfield/TAPs/API.122//libFireBird.a(DialogWindowScrollUpPage.o)
                              D:/DATA/Alex/Topfield/TAPs/API.122//libFireBird.a(DialogEvent.o) (DialogWindowScrollUpPage)
D:/DATA/Alex/Topfield/TAPs/API.122//libFireBird.a(DialogWindowShow.o)
                              DialogDemo.o (DialogWindowShow)
D:/DATA/Alex/Topfield/TAPs/API.122//libFireBird.a(DialogWindowTabulatorSet.o)
                              D:/DATA/Alex/Topfield/TAPs/API.122//libFireBird.a(DialogWindowInit.o) (DialogWindowTabulatorSet)
D:/DATA/Alex/Topfield/TAPs/API.122//libFireBird.a(DialogWindowTitleChange.o)
                              D:/DATA/Alex/Topfield/TAPs/API.122//libFireBird.a(DialogWindowInit.o) (DialogWindowTitleChange)
D:/DATA/Alex/Topfield/TAPs/API.122//libFireBird.a(DialogWindowTypeChange.o)
                              D:/DATA/Alex/Topfield/TAPs/API.122//libFireBird.a(DialogWindowInit.o) (DialogWindowTypeChange)
[...]
Memory Configuration

Name             Origin             Length             Attributes
*default*        0x0000000000000000 0xffffffffffffffff

Linker script and memory map


._tap_init_data
                0x0000000000000000      0x600
 *(._tap_header)
 ._tap_header   0x0000000000000000       0x20 D:/DATA/Alex/Topfield/TAPs/API.122//libtap.a(init.o)
                0x0000000000000000                __tap_Header__
                0x0000000000000020                . = 0x20
 *(._tap_id)
 ._tap_id       0x0000000000000020        0x4 DialogDemo.o
                0x0000000000000020                __tap_ud__
 *(._tap_ext_header)
                0x0000000000000040                . = 0x40
 *fill*         0x0000000000000024 0x10000001c 00
 *(._tap_program_name)
 ._tap_program_name
                0x0000000000000040       0x40 DialogDemo.o
                0x0000000000000040                __tap_program_name__
                0x0000000000000080                . = 0x80
 *(._tap_author_name)
 ._tap_author_name
                0x0000000000000080       0x40 DialogDemo.o
                0x0000000000000080                __tap_author_name__
                0x00000000000000c0                . = 0xc0
 *(._tap_description)
 ._tap_description
                0x00000000000000c0       0x80 DialogDemo.o
                0x00000000000000c0                __tap_description__
                0x0000000000000140                . = 0x140
 *(._tap_etcinfo)
 ._tap_etcinfo  0x0000000000000140       0x40 DialogDemo.o
                0x0000000000000140                __tap_etc_str__
                0x0000000000000200                . = 0x200
 *fill*         0x0000000000000180 0x100000080 00
 *(._tap_init_data)
 ._tap_init_data
                0x0000000000000200      0x400 D:/DATA/Alex/Topfield/TAPs/API.122//libtap.a(init.o)
                0x0000000000000200                __startPoint

.text           0x0000000000000600     0xfe00
 *(.text)
 .text          0x0000000000000600      0x2f4 DialogDemo.o
                0x0000000000000600                TAP_EventHandler
                0x00000000000008ec                TAP_Main
 .text          0x00000000000008f4      0x3f4 D:/DATA/Alex/Topfield/TAPs/API.122//libFireBird.a(DialogEvent.o)
                0x00000000000008f4                DialogEvent
 .text          0x0000000000000ce8      0x1c8 D:/DATA/Alex/Topfield/TAPs/API.122//libFireBird.a(DialogMsgBoxExit.o)
                0x0000000000000ce8                DialogMsgBoxExit
 .text          0x0000000000000eb0       0xdc D:/DATA/Alex/Topfield/TAPs/API.122//libFireBird.a(DialogMsgBoxInit.o)
                0x0000000000000eb0                DialogMsgBoxInit
 .text          0x0000000000000f8c      0x100 D:/DATA/Alex/Topfield/TAPs/API.122//libFireBird.a(DialogMsgBoxTitleSet.o)
                0x0000000000000f8c                DialogMsgBoxTitleSet
 .text          0x000000000000108c       0xa8 D:/DATA/Alex/Topfield/TAPs/API.122//libFireBird.a(DialogProfileCheck.o)
                0x000000000000108c                DialogProfileCheck
 .text          0x0000000000001134      0x168 D:/DATA/Alex/Topfield/TAPs/API.122//libFireBird.a(DialogProfileLoadMy.o)
                0x0000000000001134                DialogProfileLoadMy
 .text          0x000000000000129c      0x100 D:/DATA/Alex/Topfield/TAPs/API.122//libFireBird.a(DialogWindowCursorSet.o)
                0x000000000000129c                DialogWindowCursorSet
 .text          0x000000000000139c      0x29c D:/DATA/Alex/Topfield/TAPs/API.122//libFireBird.a(DialogWindowExit.o)
                0x000000000000139c                DialogWindowExit
 .text          0x0000000000001638      0x35c D:/DATA/Alex/Topfield/TAPs/API.122//libFireBird.a(DialogWindowHide.o)
                0x0000000000001638                DialogWindowHide
 .text          0x0000000000001994      0x1b4 D:/DATA/Alex/Topfield/TAPs/API.122//libFireBird.a(DialogWindowInfoAddS.o)
                0x0000000000001994                DialogWindowInfoAddS
 .text          0x0000000000001b48       0xa4 D:/DATA/Alex/Topfield/TAPs/API.122//libFireBird.a(DialogWindowInfoDeleteAll.o)
                0x0000000000001b48                DialogWindowInfoDeleteAll
 .text          0x0000000000001bec      0x2d8 D:/DATA/Alex/Topfield/TAPs/API.122//libFireBird.a(DialogWindowInit.o)
                0x0000000000001bec                DialogWindowInit
 .text          0x0000000000001ec4      0x16c D:/DATA/Alex/Topfield/TAPs/API.122//libFireBird.a(DialogWindowItemAdd.o)
                0x0000000000001ec4                DialogWindowItemAdd
 .text          0x0000000000002030       0xe4 D:/DATA/Alex/Topfield/TAPs/API.122//libFireBird.a(DialogWindowItemChangeFlags.o)
                0x0000000000002030                DialogWindowItemChangeFlags
 .text          0x0000000000002114      0x104 D:/DATA/Alex/Topfield/TAPs/API.122//libFireBird.a(DialogWindowItemChangeIcon.o)
                0x0000000000002114                DialogWindowItemChangeIcon
 .text          0x0000000000002218      0x154 D:/DATA/Alex/Topfield/TAPs/API.122//libFireBird.a(DialogWindowItemChangeParameter.o)
                0x0000000000002218                DialogWindowItemChangeParameter
 .text          0x000000000000236c      0x158 D:/DATA/Alex/Topfield/TAPs/API.122//libFireBird.a(DialogWindowItemChangeValue.o)
                0x000000000000236c                DialogWindowItemChangeValue
 .text          0x00000000000024c4      0x588 D:/DATA/Alex/Topfield/TAPs/API.122//libFireBird.a(DialogWindowReInit.o)
                0x00000000000024c4                DialogWindowReInit
 .text          0x0000000000002a4c      0x77c D:/DATA/Alex/Topfield/TAPs/API.122//libFireBird.a(DialogWindowRefresh.o)
                0x0000000000002a4c                DialogWindowRefresh
 .text          0x00000000000031c8      0x188 D:/DATA/Alex/Topfield/TAPs/API.122//libFireBird.a(DialogWindowScrollDown.o)
                0x00000000000031c8                DialogWindowScrollDown
 .text          0x0000000000003350      0x1b0 D:/DATA/Alex/Topfield/TAPs/API.122//libFireBird.a(DialogWindowScrollDownPage.o)
                0x0000000000003350                DialogWindowScrollDownPage
 .text          0x0000000000003500      0x190 D:/DATA/Alex/Topfield/TAPs/API.122//libFireBird.a(DialogWindowScrollUp.o)
                0x0000000000003500                DialogWindowScrollUp
 .text          0x0000000000003690      0x180 D:/DATA/Alex/Topfield/TAPs/API.122//libFireBird.a(DialogWindowScrollUpPage.o)
                0x0000000000003690                DialogWindowScrollUpPage
 .text          0x0000000000003810      0x380 D:/DATA/Alex/Topfield/TAPs/API.122//libFireBird.a(DialogWindowShow.o)
                0x0000000000003810                DialogWindowShow
 .text          0x0000000000003b90      0x110 D:/DATA/Alex/Topfield/TAPs/API.122//libFireBird.a(DialogWindowTabulatorSet.o)
                0x0000000000003b90                DialogWindowTabulatorSet
 .text          0x0000000000003ca0      0x134 D:/DATA/Alex/Topfield/TAPs/API.122//libFireBird.a(DialogWindowTitleChange.o)
                0x0000000000003ca0                DialogWindowTitleChange
 .text          0x0000000000003dd4       0xac D:/DATA/Alex/Topfield/TAPs/API.122//libFireBird.a(DialogWindowTypeChange.o)
                0x0000000000003dd4                DialogWindowTypeChange
 .text          0x0000000000003e80      0x2b0 D:/DATA/Alex/Topfield/TAPs/API.122//libFireBird.a(DrawMsgBoxButtons.o)
                0x0000000000003e80                DrawMsgBoxButtons
 .text          0x0000000000004130      0x5ec D:/DATA/Alex/Topfield/TAPs/API.122//libFireBird.a(DrawMsgBoxTitle.o)
                0x0000000000004130                DrawMsgBoxTitle
 .text          0x000000000000471c      0x350 D:/DATA/Alex/Topfield/TAPs/API.122//libFireBird.a(DrawWindowBorder.o)
                0x000000000000471c                DrawWindowBorder
 .text          0x0000000000004a6c      0x4e0 D:/DATA/Alex/Topfield/TAPs/API.122//libFireBird.a(DrawWindowInfo.o)
                0x0000000000004a6c                DrawWindowInfo
 .text          0x0000000000004f4c      0x7b4 D:/DATA/Alex/Topfield/TAPs/API.122//libFireBird.a(DrawWindowLines.o)
                0x0000000000004f4c                DrawWindowLines
 .text          0x0000000000005700      0x3b0 D:/DATA/Alex/Topfield/TAPs/API.122//libFireBird.a(DrawWindowScrollBar.o)
                0x0000000000005700                DrawWindowScrollBar
 .text          0x0000000000005ab0      0x3e8 D:/DATA/Alex/Topfield/TAPs/API.122//libFireBird.a(DrawWindowTitle.o)
                0x0000000000005ab0                DrawWindowTitle
 .text          0x0000000000005e98      0x18c D:/DATA/Alex/Topfield/TAPs/API.122//libFireBird.a(HasEnoughItemMemory.o)
                0x0000000000005e98                HasEnoughItemMemory
 .text          0x0000000000006024       0xb8 D:/DATA/Alex/Topfield/TAPs/API.122//libFireBird.a(OSDLinesForeDirty.o)
                0x0000000000006024                OSDLinesForeDirty
 .text          0x00000000000060dc      0x1a4 D:/DATA/Alex/Topfield/TAPs/API.122//libFireBird.a(ProfileInit.o)
                0x00000000000060dc                ProfileInit
 .text          0x0000000000006280      0xa1c D:/DATA/Alex/Topfield/TAPs/API.122//libFireBird.a(ProfileLoad.o)
                0x0000000000006280                ProfileLoad
 .text          0x0000000000006c9c       0xc0 D:/DATA/Alex/Topfield/TAPs/API.122//libFireBird.a(ProfileMayReload.o)
                0x0000000000006c9c                ProfileMayReload
 .text          0x0000000000006d5c       0xb0 D:/DATA/Alex/Topfield/TAPs/API.122//libFireBird.a(WindowDirty.o)
                0x0000000000006d5c                WindowDirty
 .text          0x0000000000006e0c      0x154 D:/DATA/Alex/Topfield/TAPs/API.122//libFireBird.a(HDD_ChangeDir.o)
                0x0000000000006e0c                HDD_ChangeDir
 .text          0x0000000000006f60       0xbc D:/DATA/Alex/Topfield/TAPs/API.122//libFireBird.a(INICloseFile.o)
                0x0000000000006f60                INICloseFile
 .text          0x000000000000701c      0x274 D:/DATA/Alex/Topfield/TAPs/API.122//libFireBird.a(INIGetARGB.o)
                0x000000000000701c                INIGetARGB
 .text          0x0000000000007290      0x160 D:/DATA/Alex/Topfield/TAPs/API.122//libFireBird.a(INIGetInt.o)
                0x0000000000007290                INIGetInt
 .text          0x00000000000073f0      0x274 D:/DATA/Alex/Topfield/TAPs/API.122//libFireBird.a(INIOpenFile.o)
                0x00000000000073f0                INIOpenFile
 .text          0x0000000000007664       0xac D:/DATA/Alex/Topfield/TAPs/API.122//libFireBird.a(HDD_TAP_GetCurrentDirCluster.o)
                0x0000000000007664                HDD_TAP_GetCurrentDirCluster
 .text          0x0000000000007710      0x264 D:/DATA/Alex/Topfield/TAPs/API.122//libFireBird.a(HDD_TAP_GetInfo.o)
                0x0000000000007710                HDD_TAP_GetInfo
 .text          0x0000000000007974      0x1b8 D:/DATA/Alex/Topfield/TAPs/API.122//libFireBird.a(HDD_TAP_SetCurrentDirCluster.o)
                0x0000000000007974                HDD_TAP_SetCurrentDirCluster
 .text          0x0000000000007b2c      0x870 D:/DATA/Alex/Topfield/TAPs/API.122//libFireBird.a(tapapifix.o)
                0x0000000000008074                Fixed_TAP_Channel_SetAudioTrack
                0x0000000000007cf4                Fixed_TAP_Hdd_Flen
                0x0000000000007b2c                Fixed_TAP_Hdd_GetPlayInfo
                0x0000000000007e48                Fixed_TAP_Hdd_ChangeDir
                0x0000000000008144                Fixed_TAP_Hdd_Delete
                0x0000000000008224                InitTAPAPIFix
                0x0000000000007c08                Fixed_TAP_Hdd_GetRecInfo
                0x0000000000007d98                Fixed_TAP_Hdd_Fseek
 .text          0x000000000000839c      0x178 D:/DATA/Alex/Topfield/TAPs/API.122//libFireBird.a(DrawOSDLine.o)
                0x000000000000839c                DrawOSDLine
 .text          0x0000000000008514       0x9c D:/DATA/Alex/Topfield/TAPs/API.122//libFireBird.a(FreeOSDRegion.o)
                0x0000000000008514                FreeOSDRegion
 .text          0x00000000000085b0      0x1c4 D:/DATA/Alex/Topfield/TAPs/API.122//libFireBird.a(GetOSDMapAddress.o)
                0x00000000000085b0                GetOSDMapAddress
 .text          0x0000000000008774       0x58 D:/DATA/Alex/Topfield/TAPs/API.122//libFireBird.a(GetOSDRegionHeight.o)
                0x0000000000008774                GetOSDRegionHeight
 .text          0x00000000000087cc       0x58 D:/DATA/Alex/Topfield/TAPs/API.122//libFireBird.a(GetOSDRegionWidth.o)
                0x00000000000087cc                GetOSDRegionWidth
 .text          0x0000000000008824      0x24c D:/DATA/Alex/Topfield/TAPs/API.122//libFireBird.a(InitAudioPointers.o)
                0x0000000000008824                InitAudioPointers
 .text          0x0000000000008a70      0x1d0 D:/DATA/Alex/Topfield/TAPs/API.122//libFireBird.a(OSDCopy.o)
                0x0000000000008a70                OSDCopy
 .text          0x0000000000008c40      0x300 D:/DATA/Alex/Topfield/TAPs/API.122//libFireBird.a(TAP_Osd_PutFreeColorGd.o)
                0x0000000000008c40                TAP_Osd_PutFreeColorGd
 .text          0x0000000000008f40       0x80 D:/DATA/Alex/Topfield/TAPs/API.122//libFireBird.a(isOSDRegionAlive.o)
                0x0000000000008f40                isOSDRegionAlive
 .text          0x0000000000008fc0      0xa38 D:/DATA/Alex/Topfield/TAPs/API.122//libFireBird.a(BuildWindowBorder.o)
                0x0000000000008fc0                BuildWindowBorder
 .text          0x00000000000099f8      0x6f0 D:/DATA/Alex/Topfield/TAPs/API.122//libFireBird.a(BuildWindowInfo.o)
                0x00000000000099f8                BuildWindowInfo
 .text          0x000000000000a0e8      0x31c D:/DATA/Alex/Topfield/TAPs/API.122//libFireBird.a(BuildWindowLine.o)
                0x000000000000a0e8                BuildWindowLine
 .text          0x000000000000a404      0x308 D:/DATA/Alex/Topfield/TAPs/API.122//libFireBird.a(BuildWindowLineSelected.o)
                0x000000000000a404                BuildWindowLineSelected
 .text          0x000000000000a70c      0x2ac D:/DATA/Alex/Topfield/TAPs/API.122//libFireBird.a(BuildWindowScrollBar.o)
                0x000000000000a70c                BuildWindowScrollBar
 .text          0x000000000000a9b8      0x2c4 D:/DATA/Alex/Topfield/TAPs/API.122//libFireBird.a(BuildWindowTitle.o)
                0x000000000000a9b8                BuildWindowTitle
 .text          0x000000000000ac7c       0x68 D:/DATA/Alex/Topfield/TAPs/API.122//libFireBird.a(CalcPrepare.o)
                0x000000000000ac7c                CalcPrepare
 .text          0x000000000000ace4      0x4d0 D:/DATA/Alex/Topfield/TAPs/API.122//libFireBird.a(CalcTopIndex.o)
                0x000000000000ace4                CalcTopIndex
 .text          0x000000000000b1b4       0xc8 D:/DATA/Alex/Topfield/TAPs/API.122//libFireBird.a(CheckSelectable.o)
                0x000000000000b1b4                CheckSelectable
 .text          0x000000000000b27c      0xb50 D:/DATA/Alex/Topfield/TAPs/API.122//libFireBird.a(DialogMsgBoxShow.o)
                0x000000000000b27c                DialogMsgBoxShow
 .text          0x000000000000bdcc       0x44 D:/DATA/Alex/Topfield/TAPs/API.122//libFireBird.a(DialogProfileLoad.o)
                0x000000000000bdcc                DialogProfileLoad
 .text          0x000000000000be10      0x64c D:/DATA/Alex/Topfield/TAPs/API.122//libFireBird.a(DialogProfileSave.o)
                0x000000000000be10                DialogProfileSave
 .text          0x000000000000c45c      0xb0c D:/DATA/Alex/Topfield/TAPs/API.122//libFireBird.a(DrawWindowLine.o)
                0x000000000000c45c                DrawWindowLine
 .text          0x000000000000cf68       0xf0 D:/DATA/Alex/Topfield/TAPs/API.122//libFireBird.a(ProfileDirty.o)
                0x000000000000cf68                ProfileDirty
 .text          0x000000000000d058      0x104 D:/DATA/Alex/Topfield/TAPs/API.122//libFireBird.a(ChangeDirRoot.o)
                0x000000000000d058                ChangeDirRoot
 .text          0x000000000000d15c       0x98 D:/DATA/Alex/Topfield/TAPs/API.122//libFireBird.a(HDD_GetClusterSize.o)
                0x000000000000d15c                HDD_GetClusterSize
 .text          0x000000000000d1f4       0xb4 D:/DATA/Alex/Topfield/TAPs/API.122//libFireBird.a(HDD_ReadSectorDMA.o)
                0x000000000000d1f4                HDD_ReadSectorDMA
 .text          0x000000000000d2a8      0x158 D:/DATA/Alex/Topfield/TAPs/API.122//libFireBird.a(INIFindStartEnd.o)
                0x000000000000d2a8                INIFindStartEnd
 .text          0x000000000000d400      0x160 D:/DATA/Alex/Topfield/TAPs/API.122//libFireBird.a(INISaveFile.o)
                0x000000000000d400                INISaveFile
 .text          0x000000000000d560       0xb0 D:/DATA/Alex/Topfield/TAPs/API.122//libFireBird.a(INISetARGB.o)
                0x000000000000d560                INISetARGB
 .text          0x000000000000d610       0x80 D:/DATA/Alex/Topfield/TAPs/API.122//libFireBird.a(INISetInt.o)
                0x000000000000d610                INISetInt
 .text          0x000000000000d690      0x430 D:/DATA/Alex/Topfield/TAPs/API.122//libFireBird.a(INISetString.o)
                0x000000000000d690                INISetString
 .text          0x000000000000dac0      0x534 D:/DATA/Alex/Topfield/TAPs/API.122//libFireBird.a(InitTAPex.o)
                0x000000000000dac0                InitTAPex
 .text          0x000000000000dff4      0x154 D:/DATA/Alex/Topfield/TAPs/API.122//libFireBird.a(stricstr.o)
                0x000000000000dff4                stricstr
 .text          0x000000000000e148      0x4a0 D:/DATA/Alex/Topfield/TAPs/API.122//libFireBird.a(FlashInitialize.o)
                0x000000000000e148                FlashInitialize
 .text          0x000000000000e5e8       0x9c D:/DATA/Alex/Topfield/TAPs/API.122//libFireBird.a(HDD_TouchFile.o)
                0x000000000000e5e8                HDD_TouchFile
 .text          0x000000000000e684      0x19c D:/DATA/Alex/Topfield/TAPs/API.122//libFireBird.a(HDD_TruncateFile.o)
                0x000000000000e684                HDD_TruncateFile
 .text          0x000000000000e820      0x238 D:/DATA/Alex/Topfield/TAPs/API.122//libFireBird.a(FindInstructionSequence.o)
                0x000000000000e820                FindInstructionSequence
 .text          0x000000000000ea58       0x7c D:/DATA/Alex/Topfield/TAPs/API.122//libFireBird.a(HDD_SetFileDateTime.o)
                0x000000000000ea58                HDD_SetFileDateTime
 .text          0x000000000000ead4       0xd0 C:/sw/prgm/gccForTAP/usr/local/lib//libc.a(memcpy.o)
                0x000000000000ead4                memcpy
 .text          0x000000000000eba4      0x138 C:/sw/prgm/gccForTAP/usr/local/lib//libc.a(memmove.o)
                0x000000000000eba4                memmove
 .text          0x000000000000ecdc       0xc0 C:/sw/prgm/gccForTAP/usr/local/lib//libc.a(memset.o)
                0x000000000000ecdc                memset
 .text          0x000000000000ed9c       0xd8 C:/sw/prgm/gccForTAP/usr/local/lib//libc.a(strcat.o)
                0x000000000000ed9c                strcat
 .text          0x000000000000ee74      0x11c C:/sw/prgm/gccForTAP/usr/local/lib//libc.a(strchr.o)
                0x000000000000ee74                strchr
 .text          0x000000000000ef90       0xcc C:/sw/prgm/gccForTAP/usr/local/lib//libc.a(strcmp.o)
                0x000000000000ef90                strcmp
 .text          0x000000000000f05c       0xac C:/sw/prgm/gccForTAP/usr/local/lib//libc.a(strcpy.o)
                0x000000000000f05c                strcpy
 .text          0x000000000000f108       0x94 C:/sw/prgm/gccForTAP/usr/local/lib//libc.a(strlen.o)
                0x000000000000f108                strlen
 .text          0x000000000000f19c      0x120 C:/sw/prgm/gccForTAP/usr/local/lib//libc.a(strncasecmp.o)
                0x000000000000f19c                strncasecmp
 .text          0x000000000000f2bc       0xf0 C:/sw/prgm/gccForTAP/usr/local/lib//libc.a(strncpy.o)
                0x000000000000f2bc                strncpy
 .text          0x000000000000f3ac       0x9c C:/sw/prgm/gccForTAP/usr/local/lib//libc.a(strpbrk.o)
                0x000000000000f3ac                strpbrk
 .text          0x000000000000f448      0x25c C:/sw/prgm/gccForTAP/usr/local/lib//libc.a(strtoul.o)
                0x000000000000f644                strtoul
                0x000000000000f448                _strtoul_r
 .text          0x000000000000f6a4      0xd5c D:/DATA/Alex/Topfield/TAPs/API.122//libtap.a(init.o)
                0x000000000000f780                __errno
                0x000000000000f6a4                abort
                0x000000000000f6ac                TAP_Osd_PutGd
                0x000000000000f788                _initData
                0x000000000000f734                __builtin_new

.text_end       0x0000000000010400        0x4
 .text_end      0x0000000000010400        0x4 D:/DATA/Alex/Topfield/TAPs/API.122//libtap.a(init.o)
                0x0000000000010400                _tap_textEnd

.rodata         0x0000000000010404      0xabe
 *(.rodata)
 .rodata        0x0000000000010404       0x26 DialogDemo.o
 *fill*         0x000000000001042a 0x41519c00000006 00
 .rodata        0x0000000000010430      0x1e4 D:/DATA/Alex/Topfield/TAPs/API.122//libFireBird.a(DialogEvent.o)
 .rodata        0x0000000000010614       0x1a D:/DATA/Alex/Topfield/TAPs/API.122//libFireBird.a(DialogProfileLoadMy.o)
 *fill*         0x000000000001062e 0x41519c00000002 00
 .rodata        0x0000000000010630       0x22 D:/DATA/Alex/Topfield/TAPs/API.122//libFireBird.a(ProfileInit.o)
 *fill*         0x0000000000010652 0x41519c00000002 00
 .rodata        0x0000000000010654      0x195 D:/DATA/Alex/Topfield/TAPs/API.122//libFireBird.a(ProfileLoad.o)
 *fill*         0x00000000000107e9 0x41519c00000003 00
 .rodata        0x00000000000107ec        0x2 D:/DATA/Alex/Topfield/TAPs/API.122//libFireBird.a(HDD_ChangeDir.o)
 *fill*         0x00000000000107ee 0x41519c00000002 00
 .rodata        0x00000000000107f0        0x2 D:/DATA/Alex/Topfield/TAPs/API.122//libFireBird.a(INIGetARGB.o)
 *fill*         0x00000000000107f2 0x41519c00000002 00
 .rodata        0x00000000000107f4        0x2 D:/DATA/Alex/Topfield/TAPs/API.122//libFireBird.a(INIGetInt.o)
 *fill*         0x00000000000107f6 0x41519c00000002 00
 .rodata        0x00000000000107f8       0x22 D:/DATA/Alex/Topfield/TAPs/API.122//libFireBird.a(tapapifix.o)
 *fill*         0x000000000001081a 0x41519c00000002 00
 .rodata        0x000000000001081c      0x196 D:/DATA/Alex/Topfield/TAPs/API.122//libFireBird.a(DialogProfileSave.o)
 *fill*         0x00000000000109b2 0x41519c00000006 00
 .rodata        0x00000000000109b8       0x18 D:/DATA/Alex/Topfield/TAPs/API.122//libFireBird.a(DrawWindowLine.o)
 .rodata        0x00000000000109d0        0xf D:/DATA/Alex/Topfield/TAPs/API.122//libFireBird.a(ChangeDirRoot.o)
 *fill*         0x00000000000109df 0x41519c00000001 00
 .rodata        0x00000000000109e0       0x18 D:/DATA/Alex/Topfield/TAPs/API.122//libFireBird.a(INISetARGB.o)
 .rodata        0x00000000000109f8        0x3 D:/DATA/Alex/Topfield/TAPs/API.122//libFireBird.a(INISetInt.o)
 *fill*         0x00000000000109fb 0x41519c00000001 00
 .rodata        0x00000000000109fc        0x7 D:/DATA/Alex/Topfield/TAPs/API.122//libFireBird.a(INISetString.o)
 *fill*         0x0000000000010a03 0x41519c00000001 00
 .rodata        0x0000000000010a04      0x2b5 D:/DATA/Alex/Topfield/TAPs/API.122//libFireBird.a(InitTAPex.o)
 *fill*         0x0000000000010cb9 0x41519c00000003 00
 .rodata        0x0000000000010cbc       0x5d D:/DATA/Alex/Topfield/TAPs/API.122//libFireBird.a(FlashInitialize.o)
 *fill*         0x0000000000010d19 0x41519c00000003 00
 .rodata        0x0000000000010d1c      0x180 C:/sw/prgm/gccForTAP/usr/local/lib//libc.a(ctype_.o)
                0x0000000000010d9b                _ctype_
 .rodata        0x0000000000010e9c       0x26 D:/DATA/Alex/Topfield/TAPs/API.122//libtap.a(init.o)
 *(.rodata.*)
 *(.gnu.linkonce.r*)

.rel.dyn

.data           0x0000000000010ec2     0x2062
                0x0000000000010ec2                _fdata = .
 *(.data)
 *fill*         0x0000000000010ec2        0x2 00
 .data          0x0000000000010ec4        0x4 DialogDemo.o
 .data          0x0000000000010ec8        0x4 D:/DATA/Alex/Topfield/TAPs/API.122//libFireBird.a(DialogMsgBoxInit.o)
                0x0000000000010ec8                FBDialogMsgBox
 .data          0x0000000000010ecc      0x670 D:/DATA/Alex/Topfield/TAPs/API.122//libFireBird.a(DialogWindowInit.o)
                0x00000000000110a0                _Scroll_Cursor_Cpm
                0x0000000000011538                FBDialogWindow
                0x000000000001102c                _Items_NoLinesNoIcons_Line_E_Cpm
                0x0000000000011108                _Scroll_End_Gd
                0x000000000001117c                _InfoS_E_Gd
                0x0000000000011090                _Scroll_Back_Gd
                0x0000000000011324                _Icon_Checkbox_Unchecked_Gd
                0x00000000000111dc                _Icon_Checkbox_Checked_Cpm
                0x00000000000110d8                _Scroll_End_Cpm
                0x0000000000010ffc                _Items_NoLinesNoIcons_Line_C_Cpm
                0x000000000001114c                _InfoS_E_Cpm
                0x0000000000010f14                _Items_NoIcons_IconButton_Gd
                0x0000000000010f50                _Items_NoIcons_Line_C_Gd
                0x000000000001144c                _Icon_Wait_Gd
                0x000000000001113c                _InfoS_C_Gd
                0x00000000000112e4                _Icon_Checkbox_Unchecked_Cpm
                0x0000000000011528                _Icon_OK_Gd
                0x0000000000011060                _Items_NoLinesNoIcons_Line_E_Gd
                0x0000000000011334                _Icon_Exclamation_Cpm
                0x00000000000112d4                _Icon_Checkbox_Checked_Gd
                0x0000000000010fec                _Items_NoLinesNoIcons_IconButton_Gd
                0x0000000000010f24                _Items_NoIcons_Line_C_Cpm
                0x0000000000010ecc                _Items_NoIcons_IconButton_Cpm
                0x0000000000010fac                _Items_NoIcons_Line_E_Gd
                0x00000000000113b0                _Icon_Exclamation_Gd
                0x000000000001118c                _InfoS_W_Cpm
                0x0000000000010f60                _Items_NoIcons_Line_E_Cpm
                0x0000000000010fbc                _Items_NoLinesNoIcons_IconButton_Cpm
                0x0000000000011070                _Scroll_Back_Cpm
                0x00000000000113c0                _Icon_Wait_Cpm
                0x00000000000110c8                _Scroll_Cursor_Gd
                0x0000000000011118                _InfoS_C_Cpm
                0x000000000001145c                _Icon_OK_Cpm
                0x00000000000111cc                _InfoS_W_Gd
                0x000000000001101c                _Items_NoLinesNoIcons_Line_C_Gd
 .data          0x000000000001153c      0xa9c D:/DATA/Alex/Topfield/TAPs/API.122//libFireBird.a(DialogWindowReInit.o)
                0x0000000000011dcc                _Items_Line_E_Cpm
                0x0000000000011c5c                _Title_E_Gd
                0x0000000000011e28                _InfoN_C_Cpm
                0x0000000000011ed0                _InfoN_E_Gd
                0x0000000000011aa8                _Border_SW_Cpm
                0x0000000000011f94                _Info_W_Cpm
                0x0000000000011b80                _Title_C_Cpm
                0x00000000000118cc                _Border_Info_E_Cpm
                0x0000000000011690                _Border_NE_Gd
                0x0000000000011f84                _Info_C_Gd
                0x0000000000011830                _Border_InfoN_E_Cpm
                0x00000000000118bc                _Border_InfoN_W_Gd
                0x0000000000011dbc                _Items_Line_C_Gd
                0x0000000000011e5c                _InfoN_C_Gd
                0x0000000000011ee0                _InfoN_W_Cpm
                0x0000000000011d80                _Items_IconButton_Gd
                0x0000000000011bc8                _Title_E_Cpm
                0x00000000000117d4                _Border_Items_E_Gd
                0x0000000000011d04                _Title_W_Gd
                0x0000000000011794                _Border_Items_E_Cpm
                0x0000000000011a98                _Border_SE_Gd
                0x0000000000011820                _Border_Items_W_Gd
                0x0000000000011918                _Border_Info_W_Cpm
                0x0000000000011e18                _Items_Line_E_Gd
                0x0000000000011960                _Border_S_Cpm
                0x00000000000116a0                _Border_NW_Cpm
                0x0000000000011578                _Border_N_Gd
                0x000000000001153c                _Border_N_Cpm
                0x0000000000011f54                _InfoN_W_Gd
                0x000000000001186c                _Border_InfoN_E_Gd
                0x0000000000011588                _Border_NE_Cpm
                0x0000000000011e6c                _InfoN_E_Cpm
                0x000000000001187c                _Border_InfoN_W_Cpm
                0x0000000000011f64                _Info_C_Cpm
                0x0000000000011b70                _Border_SW_Gd
                0x00000000000119b0                _Border_SE_Cpm
                0x00000000000119a0                _Border_S_Gd
                0x0000000000011fc8                _Info_W_Gd
                0x0000000000011784                _Border_NW_Gd
                0x0000000000011950                _Border_Info_W_Gd
                0x0000000000011d90                _Items_Line_C_Cpm
                0x00000000000117e4                _Border_Items_W_Cpm
                0x0000000000011bb8                _Title_C_Gd
                0x0000000000011908                _Border_Info_E_Gd
                0x0000000000011d14                _Items_IconButton_Cpm
                0x0000000000011c6c                _Title_W_Cpm
 .data          0x0000000000011fd8        0x4 D:/DATA/Alex/Topfield/TAPs/API.122//libFireBird.a(DrawWindowScrollBar.o)
 .data          0x0000000000011fdc        0x4 D:/DATA/Alex/Topfield/TAPs/API.122//libFireBird.a(ProfileInit.o)
                0x0000000000011fdc                FBDialogProfile
 .data          0x0000000000011fe0        0xc D:/DATA/Alex/Topfield/TAPs/API.122//libFireBird.a(INIOpenFile.o)
                0x0000000000011fe8                BufferSize
                0x0000000000011fe4                INICommentBuffer
                0x0000000000011fe0                INIBuffer
 .data          0x0000000000011fec       0x20 D:/DATA/Alex/Topfield/TAPs/API.122//libFireBird.a(tapapifix.o)
                0x0000000000011ff0                real_TAP_Hdd_GetRecInfo
                0x0000000000011fec                real_TAP_Hdd_GetPlayInfo
                0x0000000000012000                real_TAP_Channel_SetAudioTrack
                0x0000000000011ff8                real_TAP_Hdd_Fseek
                0x0000000000011ffc                real_TAP_Hdd_ChangeDir
                0x0000000000012008                TAPAPIFixInitiated
                0x0000000000012004                real_TAP_Hdd_Delete
                0x0000000000011ff4                real_TAP_Hdd_Flen
 .data          0x000000000001200c        0x4 D:/DATA/Alex/Topfield/TAPs/API.122//libFireBird.a(GetOSDMapAddress.o)
 .data          0x0000000000012010        0x8 D:/DATA/Alex/Topfield/TAPs/API.122//libFireBird.a(InitAudioPointers.o)
                0x0000000000012014                RECShadow
                0x0000000000012010                pAudioTracks
 .data          0x0000000000012018      0xe30 D:/DATA/Alex/Topfield/TAPs/API.122//libFireBird.a(DialogMsgBoxShow.o)
                0x00000000000124d0                _MsgBox_C_Border_Cpm
                0x0000000000012300                _MsgBox_W_Border_Gd
                0x00000000000129ec                _MsgBox_E_Text_Gd
                0x0000000000012574                _MsgBox_C_Text_Cpm
                0x0000000000012918                _MsgBox_E_Text_Cpm
                0x00000000000129fc                _MsgBox_In_Cpm
                0x0000000000012680                _MsgBox_E_Title_Gd
                0x00000000000125e4                _MsgBox_C_Text_Gd
                0x0000000000012400                _MsgBox_W_Text_Gd
                0x0000000000012564                _MsgBox_C_Border_Gd
                0x0000000000012e38                _MsgBox_Out_Gd
                0x0000000000012908                _MsgBox_E_Border_Gd
                0x0000000000012690                _MsgBox_E_SubTitle_Cpm
                0x00000000000125f4                _MsgBox_E_Title_Cpm
                0x00000000000124c0                _MsgBox_C_SubTitle_Gd
                0x0000000000012470                _MsgBox_C_SubTitle_Cpm
                0x0000000000012460                _MsgBox_C_Title_Gd
                0x0000000000012724                _MsgBox_E_Border_Cpm
                0x000000000001211c                _MsgBox_W_SubTitle_Gd
                0x00000000000120bc                _MsgBox_W_SubTitle_Cpm
                0x0000000000012714                _MsgBox_E_SubTitle_Gd
                0x0000000000012310                _MsgBox_W_Text_Cpm
                0x0000000000012018                _MsgBox_W_Title_Cpm
                0x0000000000012bf0                _MsgBox_Out_Cpm
                0x00000000000120ac                _MsgBox_W_Title_Gd
                0x0000000000012410                _MsgBox_C_Title_Cpm
                0x0000000000012be0                _MsgBox_In_Gd
                0x000000000001212c                _MsgBox_W_Border_Cpm
 .data          0x0000000000012e48        0x4 D:/DATA/Alex/Topfield/TAPs/API.122//libFireBird.a(HDD_GetClusterSize.o)
                0x0000000000012e48                ClusterSize
 .data          0x0000000000012e4c        0x4 D:/DATA/Alex/Topfield/TAPs/API.122//libFireBird.a(HDD_ReadSectorDMA.o)
                0x0000000000012e4c                TAP_Hdd_ReadSectorDMA
 .data          0x0000000000012e50        0x8 D:/DATA/Alex/Topfield/TAPs/API.122//libFireBird.a(InitTAPex.o)
                0x0000000000012e54                LibInitialized
                0x0000000000012e50                __fblib_version__
 .data          0x0000000000012e58       0xc4 D:/DATA/Alex/Topfield/TAPs/API.122//libFireBird.a(FlashInitialize.o)
                0x0000000000012e98                FlashBlockOffsetT
                0x0000000000012e58                FlashBlockOffsetS
                0x0000000000012f18                FlashOffset
                0x0000000000012ed8                FlashBlockOffsetC
 .data          0x0000000000012f1c        0x4 C:/sw/prgm/gccForTAP/usr/local/lib//libc.a(ctype_.o)
                0x0000000000012f1c                __ctype_ptr
 .data          0x0000000000012f20        0x4 D:/DATA/Alex/Topfield/TAPs/API.122//libFireBird.a(strtoul.o)
                0x0000000000012f20                _impure_ptr
 *(.data.*)
 *(.gnu.linkonce.d*)

.ctors
 *(SORT(.ctors.*))
 *(.ctors)

.dtors
 *(SORT(.dtors.*))
 *(.dtors)
                0x0000000000012f24                _gp = .
                0x0000000000012f24                _GLOBAL_OFFSET_TABLE_ = .

.got            0x0000000000012f24      0x7bc
 *(.ref_start)
 .ref_start     0x0000000000012f24        0x4 D:/DATA/Alex/Topfield/TAPs/API.122//libtap.a(init.o)
                0x0000000000012f24                _tap_gotStart
 *(*.got*)
 *fill*         0x0000000000012f28        0x8 00
 .got           0x0000000000012f30      0x7a4 DialogDemo.o
 *(*.xdata*)
 *(.ctors)
 *(.dtors)
 *(.fixup_start)
 .fixup_start   0x00000000000136d4        0x4 D:/DATA/Alex/Topfield/TAPs/API.122//libtap.a(init.o)
                0x00000000000136d4                _tap_fixupStart
 *(.fixup)
 *(.dynamic)
 *(.fixup_end)
 .fixup_end     0x00000000000136d8        0x4 D:/DATA/Alex/Topfield/TAPs/API.122//libtap.a(init.o)
                0x00000000000136d8                _tap_fixupEnd
 *(.ref_end)
 .ref_end       0x00000000000136dc        0x4 D:/DATA/Alex/Topfield/TAPs/API.122//libtap.a(init.o)
                0x00000000000136dc                _tap_gotEnd

.rosdata
 *(.rosdata)

.sdata
 *(.sdata)
 *(.sdata.*)
 *(.gnu.linkonce.s.*)
                0x00000000000136e0                _edata = .
                0x00000000000136e0                PROVIDE (edata, .)
                0x00000000000136e0                __bss_start = .
                0x00000000000136e0                _fbss = .

.sbss           0x00000000000136e0      0x384
 *(.dynsbss)
 *(.sbss)
 *(.sbss.*)
 *(.scommon)
 .scommon       0x00000000000136e0       0x44 D:/DATA/Alex/Topfield/TAPs/API.122//libFireBird.a(DialogWindowInit.o)
                                          0x0 (size before relaxing)
                0x00000000000136e0                Scroll_End_Gd
                0x00000000000136e4                InfoS_W_Gd
                0x00000000000136e8                Items_NoLinesNoIcons_Line_C_Gd
                0x00000000000136ec                Items_NoLinesNoIcons_IconButton_Gd
                0x00000000000136f0                Items_NoIcons_IconButton_Gd
                0x00000000000136f4                Icon_Checkbox_Checked_Gd
                0x00000000000136f8                Items_NoLinesNoIcons_Line_E_Gd
                0x00000000000136fc                Items_NoIcons_Line_E_Gd
                0x0000000000013700                Scroll_Cursor_Gd
                0x0000000000013704                InfoS_C_Gd
                0x0000000000013708                Scroll_Back_Gd
                0x000000000001370c                Icon_Wait_Gd
                0x0000000000013710                Items_NoIcons_Line_C_Gd
                0x0000000000013714                Icon_OK_Gd
                0x0000000000013718                Icon_Checkbox_Unchecked_Gd
                0x000000000001371c                InfoS_E_Gd
                0x0000000000013720                Icon_Exclamation_Gd
 .scommon       0x0000000000013724       0x5c D:/DATA/Alex/Topfield/TAPs/API.122//libFireBird.a(DialogWindowReInit.o)
                                          0x0 (size before relaxing)
                0x0000000000013724                Border_Info_E_Gd
                0x0000000000013728                Title_E_Gd
                0x000000000001372c                Border_InfoN_E_Gd
                0x0000000000013730                Border_Items_E_Gd
                0x0000000000013734                Title_W_Gd
                0x0000000000013738                InfoN_E_Gd
                0x000000000001373c                Border_Info_W_Gd
                0x0000000000013740                Border_NE_Gd
                0x0000000000013744                Info_W_Gd
                0x0000000000013748                InfoN_W_Gd
                0x000000000001374c                Info_C_Gd
                0x0000000000013750                Border_N_Gd
                0x0000000000013754                Items_Line_C_Gd
                0x0000000000013758                Title_C_Gd
                0x000000000001375c                Border_SW_Gd
                0x0000000000013760                Border_S_Gd
                0x0000000000013764                Border_InfoN_W_Gd
                0x0000000000013768                InfoN_C_Gd
                0x000000000001376c                Items_IconButton_Gd
                0x0000000000013770                Border_NW_Gd
                0x0000000000013774                Border_SE_Gd
                0x0000000000013778                Border_Items_W_Gd
                0x000000000001377c                Items_Line_E_Gd
 .scommon       0x0000000000013780        0x8 D:/DATA/Alex/Topfield/TAPs/API.122//libFireBird.a(CalcPrepare.o)
                                          0x0 (size before relaxing)
                0x0000000000013780                PrevTopItem
                0x0000000000013784                PrevSelItem
 .scommon       0x0000000000013788       0x38 D:/DATA/Alex/Topfield/TAPs/API.122//libFireBird.a(DialogMsgBoxShow.o)
                                          0x0 (size before relaxing)
                0x0000000000013788                MsgBox_E_Title_Gd
                0x000000000001378c                MsgBox_C_Border_Gd
                0x0000000000013790                MsgBox_E_Text_Gd
                0x0000000000013794                MsgBox_Out_Gd
                0x0000000000013798                MsgBox_C_Title_Gd
                0x000000000001379c                MsgBox_In_Gd
                0x00000000000137a0                MsgBox_E_Border_Gd
                0x00000000000137a4                MsgBox_W_SubTitle_Gd
                0x00000000000137a8                MsgBox_E_SubTitle_Gd
                0x00000000000137ac                MsgBox_W_Title_Gd
                0x00000000000137b0                MsgBox_C_Text_Gd
                0x00000000000137b4                MsgBox_W_Border_Gd
                0x00000000000137b8                MsgBox_C_SubTitle_Gd
                0x00000000000137bc                MsgBox_W_Text_Gd
 .scommon       0x00000000000137c0       0x64 D:/DATA/Alex/Topfield/TAPs/API.122//libFireBird.a(InitTAPex.o)
                                          0x0 (size before relaxing)
                0x00000000000137c0                FlashMemory_Settings
                0x00000000000137c4                pScalerSettingsUnk1
                0x00000000000137c8                FlashMemory_Defaults
                0x00000000000137cc                TAPgp
                0x00000000000137d0                FWgp
                0x00000000000137d4                TAP_IndexAddress
                0x00000000000137d8                BIOSAddress
                0x00000000000137dc                pWD3
                0x00000000000137e0                pWD4
                0x00000000000137e4                pFWWDBackup
                0x00000000000137e8                ApplID
                0x00000000000137ec                EventDispatcherAddress
                0x00000000000137f0                TAP_TableAddress
                0x00000000000137f4                pScalerSettingsPIP
                0x00000000000137f8                pWD2
                0x00000000000137fc                FlashMemory_Base
                0x0000000000013800                pScalerSettingsMain
                0x0000000000013804                pFWWD
                0x0000000000013808                pWD1
                0x000000000001380c                Hardware_bff00000
                0x0000000000013810                TAP_TableIndex
                0x0000000000013814                FlashMemory_Firmware
                0x0000000000013818                pWD5
                0x000000000001381c                pScalerSettingsUnk2
                0x0000000000013820                SysID
 .scommon       0x0000000000013824        0x4 D:/DATA/Alex/Topfield/TAPs/API.122//libFireBird.a(FlashInitialize.o)
                                          0x0 (size before relaxing)
                0x0000000000013824                FlashType
 .scommon       0x0000000000013828      0x23c D:/DATA/Alex/Topfield/TAPs/API.122//libtap.a(init.o)
                                          0x0 (size before relaxing)
                0x0000000000013828                TAP_ControlEit
                0x000000000001382c                TAP_Usb_Write
                0x0000000000013830                TAP_Timer_Modify
                0x0000000000013834                TAP_Hdd_StopRecord
                0x0000000000013838                TAP_GetState
                0x000000000001383c                TAP_Win_SetAvtice
                0x0000000000013840                TAP_Channel_Start
                0x0000000000013844                TAP_Osd_SaveBox
                0x0000000000013848                TAP_Vfd_GetStatus
                0x000000000001384c                TAP_WriteSystemVar
                0x0000000000013850                TAP_Osd_DrawString
                0x0000000000013854                TAP_Osd_PutGd__
                0x0000000000013858                TAP_Osd_Draw3dBoxFill
                0x000000000001385c                TAP_Hdd_SetBookmark
                0x0000000000013860                TAP_Channel_SetSubtitleTrack
                0x0000000000013864                TAP_Win_AddItem
                0x0000000000013868                TAP_Hdd_Rename
                0x000000000001386c                TAP_Timer_GetTotalNum
                0x0000000000013870                TAP_Osd_Zoom
                0x0000000000013874                TAP_Vfd_Control
                0x0000000000013878                TAP_Win_Action
                0x000000000001387c                TAP_Usb_Cancel
                0x0000000000013880                TAP_GetSystemProc
                0x0000000000013884                TAP_GetSystemVar
                0x0000000000013888                TAP_Hdd_Flen
                0x000000000001388c                TAP_MakeMjd
                0x0000000000013890                TAP_GetCurrentEvent
                0x0000000000013894                TAP_SetBaudRate
                0x0000000000013898                TAP_Win_SetColor
                0x000000000001389c                TAP_Channel_GetAudioTrackName
                0x00000000000138a0                TAP_Channel_GetInfo
                0x00000000000138a4                TAP_Win_Create
                0x00000000000138a8                TAP_Channel_Move
                0x00000000000138ac                TAP_Osd_GetBaseInfo
                0x00000000000138b0                TAP_Exit
                0x00000000000138b4                TAP_Channel_GetCurrent
                0x00000000000138b8                TAP_Usb_PacketRead
                0x00000000000138bc                TAP_Hdd_GetHddID
                0x00000000000138c0                TAP_SetInfoboxTime
                0x00000000000138c4                TAP_GenerateEvent
                0x00000000000138c8                TAP_Delay
                0x00000000000138cc                TAP_Win_GetSelection
                0x00000000000138d0                TAP_Hdd_PlayTs
                0x00000000000138d4                TAP_Vfd_SendData
                0x00000000000138d8                TAP_Channel_Scale
                0x00000000000138dc                TAP_Print
                0x00000000000138e0                TAP_Hdd_Fseek
                0x00000000000138e4                TAP_Hdd_FreeSize
                0x00000000000138e8                TAP_Osd_GetPixel
                0x00000000000138ec                TAP_Hdd_FindNext
                0x00000000000138f0                TAP_Win_SetDefaultColor
                0x00000000000138f4                TAP_ExitNormal
                0x00000000000138f8                TAP_PutByte
                0x00000000000138fc                TAP_Hdd_ChangeDir
                0x0000000000013900                TAP_Osd_SetLut
                0x0000000000013904                TAP_Win_SetTitle
                0x0000000000013908                TAP_SetSoundLevel
                0x000000000001390c                TAP_SetSystemVar
                0x0000000000013910                TAP_EnterNormal
                0x0000000000013914                TAP_Win_SetDrawItemFunc
                0x0000000000013918                TAP_Channel_Stop
                0x000000000001391c                TAP_PutEvent
                0x0000000000013920                TAP_Usb_PacketWrite
                0x0000000000013924                TAP_Usb_Read
                0x0000000000013928                TAP_Hdd_TotalSize
                0x000000000001392c                TAP_Hdd_Fwrite
                0x0000000000013930                TAP_Channel_SetAudioTrack
                0x0000000000013934                TAP_Osd_GetW
                0x0000000000013938                TAP_PrintSys
                0x000000000001393c                TAP_EPG_GetExtInfo
                0x0000000000013940                TAP_SetBk
                0x0000000000013944                TAP_Channel_GetTotalAudioTrack
                0x0000000000013948                TAP_Win_SetSelection
                0x000000000001394c                TAP_Hdd_ChangePlaybackPos
                0x0000000000013950                TAP_EPG_UpdateEvent
                0x0000000000013954                TAP_Osd_PutBox
                0x0000000000013958                TAP_Osd_Create
                0x000000000001395c                TAP_Hdd_Fclose
                0x0000000000013960                TAP_Win_Delete
                0x0000000000013964                TAP_Hdd_Create
                0x0000000000013968                TAP_Osd_Move
                0x000000000001396c                TAP_Hdd_FindFirst
                0x0000000000013970                TAP_Cos
                0x0000000000013974                TAP_GetSignalQuality
                0x0000000000013978                TAP_Win_Draw
                0x000000000001397c                TAP_EPG_DeleteEvent
                0x0000000000013980                TAP_GetTime
                0x0000000000013984                TAP_CaptureScreen
                0x0000000000013988                TAP_Hdd_Delete
                0x000000000001398c                TAP_Hdd_Exist
                0x0000000000013990                TAP_Win_SetFont
                0x0000000000013994                TAP_Channel_IsStarted
                0x0000000000013998                TAP_MemFree
                0x000000000001399c                TAP_GetCh
                0x00000000000139a0                TAP_PlayPCM
                0x00000000000139a4                TAP_Hdd_Ftell
                0x00000000000139a8                TAP_Channel_GetSubtitleTrackName
                0x00000000000139ac                TAP_Timer_GetInfo
                0x00000000000139b0                TAP_Timer_Delete
                0x00000000000139b4                TAP_Osd_SetTransparency
                0x00000000000139b8                TAP_Hdd_StartRecord
                0x00000000000139bc                _tap_startAddr
                0x00000000000139c0                TAP_KbHit
                0x00000000000139c4                TAP_Osd_PutS
                0x00000000000139c8                TAP_Channel_IsPlayable
                0x00000000000139cc                TAP_Channel_GetFirstInfo
                0x00000000000139d0                TAP_MemInfo
                0x00000000000139d4                TAP_Channel_GetNextInfo
                0x00000000000139d8                TAP_SPrint
                0x00000000000139dc                TAP_Osd_RestoreBox
                0x00000000000139e0                TAP_Osd_Ctrl
                0x00000000000139e4                TAP_GetSignalLevel
                0x00000000000139e8                TAP_Osd_DrawPixmap
                0x00000000000139ec                TAP_SystemProc
                0x00000000000139f0                _appl_version
                0x00000000000139f4                TAP_PutCh
                0x00000000000139f8                TAP_Hdd_GetRecInfo
                0x00000000000139fc                TAP_Hdd_Fread
                0x0000000000013a00                TAP_Osd_Delete
                0x0000000000013a04                TAP_Hdd_Fopen
                0x0000000000013a08                TAP_Timer_Add
                0x0000000000013a0c                TAP_Osd_FillBox
                0x0000000000013a10                TAP_Channel_GetTotalNum
                0x0000000000013a14                TAP_GetEvent
                0x0000000000013a18                TAP_Hdd_GotoBookmark
                0x0000000000013a1c                TAP_Hdd_StopMp3
                0x0000000000013a20                TAP_Channel_GetCurrentSubTV
                0x0000000000013a24                TAP_Osd_DrawRectangle
                0x0000000000013a28                TAP_ExtractMjd
                0x0000000000013a2c                TAP_Osd_PutStringAf
                0x0000000000013a30                TAP_Osd_Draw3dBox
                0x0000000000013a34                TAP_SysOsdControl
                0x0000000000013a38                TAP_MemAlloc
                0x0000000000013a3c                TAP_Osd_PutPixel
                0x0000000000013a40                TAP_Channel_GetTotalSubtitleTrack
                0x0000000000013a44                TAP_Hdd_PlayMp3
                0x0000000000013a48                TAP_Hdd_StopTs
                0x0000000000013a4c                TAP_Osd_GetBox
                0x0000000000013a50                TAP_Sin
                0x0000000000013a54                TAP_Osd_PutString
                0x0000000000013a58                TAP_Osd_Copy
                0x0000000000013a5c                TAP_Hdd_GetPlayInfo
                0x0000000000013a60                TAP_GetTick

.bss            0x0000000000013a70      0xbe0
 *(.dynbss)
 *(.bss)
 .bss           0x0000000000013a70      0x2b4 D:/DATA/Alex/Topfield/TAPs/API.122//libFireBird.a(tapapifix.o)
 *fill*         0x0000000000013d24 0x41519c00000004 00
 .bss           0x0000000000013d28        0xc D:/DATA/Alex/Topfield/TAPs/API.122//libFireBird.a(INISetARGB.o)
 *(.bss.*)
 *(COMMON)
 *fill*         0x0000000000013d34        0xc 00
 COMMON         0x0000000000013d40      0x344 DialogDemo.o
                                          0x0 (size before relaxing)
                0x0000000000013d40                DialogProfile
                0x0000000000013d90                DialogWindow
 *fill*         0x0000000000014084 0x41519c0000000c 00
 COMMON         0x0000000000014090      0x200 D:/DATA/Alex/Topfield/TAPs/API.122//libFireBird.a(HDD_GetClusterSize.o)
                                          0x0 (size before relaxing)
                0x0000000000014090                HDDIOBuffer
 COMMON         0x0000000000014290       0x40 D:/DATA/Alex/Topfield/TAPs/API.122//libFireBird.a(FlashInitialize.o)
                                          0x0 (size before relaxing)
                0x0000000000014290                FlashBlockOffset
 COMMON         0x00000000000142d0      0x380 D:/DATA/Alex/Topfield/TAPs/API.122//libFireBird.a(strtoul.o)
                                          0x0 (size before relaxing)
                0x00000000000142d0                impure_data
                0x0000000000014650                . = ALIGN (0x4)

.stab
 *(.stab)

.debug
 *(.debug)
                0x0000000000014650                _end = .
                0x0000000000014650                PROVIDE (end, .)
LOAD DialogDemo.o
LOAD D:/DATA/Alex/Topfield/TAPs/API.122//libFireBird.a
LOAD C:/sw/prgm/gccForTAP/usr/local/lib//libc.a
LOAD D:/DATA/Alex/Topfield/TAPs/API.122//libtap.a
LOAD C:/sw/prgm/gccForTAP/usr/local/lib/gcc-lib/mips/2.95.3/soft-float//libgcc.a
LOAD D:/DATA/Alex/Topfield/TAPs/API.122//libFireBird.a
OUTPUT(DialogDemo.elf elf32-bigmips)

.reginfo        0x0000000000000000       0x18
 .reginfo       0x0000000000000000       0x18 DialogDemo.o

.mdebug         0x0000000000000000     0xa9d8
 .mdebug        0x0000000000000000      0x4d0 DialogDemo.o
 .mdebug        0x00000000000004d0      0x344 D:/DATA/Alex/Topfield/TAPs/API.122//libFireBird.a(DialogEvent.o)
 .mdebug        0x0000000000000814      0x2f4 D:/DATA/Alex/Topfield/TAPs/API.122//libFireBird.a(DialogMsgBoxExit.o)
 .mdebug        0x0000000000000b08      0x28c D:/DATA/Alex/Topfield/TAPs/API.122//libFireBird.a(DialogMsgBoxInit.o)
 .mdebug        0x0000000000000d94      0x258 D:/DATA/Alex/Topfield/TAPs/API.122//libFireBird.a(DialogMsgBoxTitleSet.o)
 .mdebug        0x0000000000000fec      0x258 D:/DATA/Alex/Topfield/TAPs/API.122//libFireBird.a(DialogProfileCheck.o)
 .mdebug        0x0000000000001244      0x314 D:/DATA/Alex/Topfield/TAPs/API.122//libFireBird.a(DialogProfileLoadMy.o)
 .mdebug        0x0000000000001558      0x27c D:/DATA/Alex/Topfield/TAPs/API.122//libFireBird.a(DialogWindowCursorSet.o)
 .mdebug        0x00000000000017d4      0x298 D:/DATA/Alex/Topfield/TAPs/API.122//libFireBird.a(DialogWindowExit.o)
 .mdebug        0x0000000000001a6c      0x374 D:/DATA/Alex/Topfield/TAPs/API.122//libFireBird.a(DialogWindowHide.o)
 .mdebug        0x0000000000001de0      0x268 D:/DATA/Alex/Topfield/TAPs/API.122//libFireBird.a(DialogWindowInfoAddS.o)
 .mdebug        0x0000000000002048      0x248 D:/DATA/Alex/Topfield/TAPs/API.122//libFireBird.a(DialogWindowInfoDeleteAll.o)
 .mdebug        0x0000000000002290      0xabc D:/DATA/Alex/Topfield/TAPs/API.122//libFireBird.a(DialogWindowInit.o)
 .mdebug        0x0000000000002d4c      0x2f0 D:/DATA/Alex/Topfield/TAPs/API.122//libFireBird.a(DialogWindowItemAdd.o)
 .mdebug        0x000000000000303c      0x230 D:/DATA/Alex/Topfield/TAPs/API.122//libFireBird.a(DialogWindowItemChangeFlags.o)
 .mdebug        0x000000000000326c      0x230 D:/DATA/Alex/Topfield/TAPs/API.122//libFireBird.a(DialogWindowItemChangeIcon.o)
 .mdebug        0x000000000000349c      0x254 D:/DATA/Alex/Topfield/TAPs/API.122//libFireBird.a(DialogWindowItemChangeParameter.o)
 .mdebug        0x00000000000036f0      0x248 D:/DATA/Alex/Topfield/TAPs/API.122//libFireBird.a(DialogWindowItemChangeValue.o)
 .mdebug        0x0000000000003938      0xa6c D:/DATA/Alex/Topfield/TAPs/API.122//libFireBird.a(DialogWindowReInit.o)
 .mdebug        0x00000000000043a4      0x2dc D:/DATA/Alex/Topfield/TAPs/API.122//libFireBird.a(DialogWindowRefresh.o)
 .mdebug        0x0000000000004680      0x2a0 D:/DATA/Alex/Topfield/TAPs/API.122//libFireBird.a(DialogWindowScrollDown.o)
 .mdebug        0x0000000000004920      0x2cc D:/DATA/Alex/Topfield/TAPs/API.122//libFireBird.a(DialogWindowScrollDownPage.o)
 .mdebug        0x0000000000004bec      0x29c D:/DATA/Alex/Topfield/TAPs/API.122//libFireBird.a(DialogWindowScrollUp.o)
 .mdebug        0x0000000000004e88      0x2c8 D:/DATA/Alex/Topfield/TAPs/API.122//libFireBird.a(DialogWindowScrollUpPage.o)
 .mdebug        0x0000000000005150      0x350 D:/DATA/Alex/Topfield/TAPs/API.122//libFireBird.a(DialogWindowShow.o)
 .mdebug        0x00000000000054a0      0x258 D:/DATA/Alex/Topfield/TAPs/API.122//libFireBird.a(DialogWindowTabulatorSet.o)
 .mdebug        0x00000000000056f8      0x23c D:/DATA/Alex/Topfield/TAPs/API.122//libFireBird.a(DialogWindowTitleChange.o)
 .mdebug        0x0000000000005934      0x224 D:/DATA/Alex/Topfield/TAPs/API.122//libFireBird.a(DialogWindowTypeChange.o)
 .mdebug        0x0000000000005b58      0x2f8 D:/DATA/Alex/Topfield/TAPs/API.122//libFireBird.a(DrawMsgBoxButtons.o)
 .mdebug        0x0000000000005e50      0x394 D:/DATA/Alex/Topfield/TAPs/API.122//libFireBird.a(DrawMsgBoxTitle.o)
 .mdebug        0x00000000000061e4      0x2b8 D:/DATA/Alex/Topfield/TAPs/API.122//libFireBird.a(DrawWindowBorder.o)
 .mdebug        0x000000000000649c      0x334 D:/DATA/Alex/Topfield/TAPs/API.122//libFireBird.a(DrawWindowInfo.o)
 .mdebug        0x00000000000067d0      0x44c D:/DATA/Alex/Topfield/TAPs/API.122//libFireBird.a(DrawWindowLines.o)
 .mdebug        0x0000000000006c1c      0x3e4 D:/DATA/Alex/Topfield/TAPs/API.122//libFireBird.a(DrawWindowScrollBar.o)
 .mdebug        0x0000000000007000      0x2cc D:/DATA/Alex/Topfield/TAPs/API.122//libFireBird.a(DrawWindowTitle.o)
 .mdebug        0x00000000000072cc      0x280 D:/DATA/Alex/Topfield/TAPs/API.122//libFireBird.a(HasEnoughItemMemory.o)
 .mdebug        0x000000000000754c      0x214 D:/DATA/Alex/Topfield/TAPs/API.122//libFireBird.a(OSDLinesForeDirty.o)
 .mdebug        0x0000000000007760      0x2f8 D:/DATA/Alex/Topfield/TAPs/API.122//libFireBird.a(ProfileInit.o)
 .mdebug        0x0000000000007a58      0x2e4 D:/DATA/Alex/Topfield/TAPs/API.122//libFireBird.a(ProfileLoad.o)
 .mdebug        0x0000000000007d3c      0x234 D:/DATA/Alex/Topfield/TAPs/API.122//libFireBird.a(ProfileMayReload.o)
 .mdebug        0x0000000000007f70      0x200 D:/DATA/Alex/Topfield/TAPs/API.122//libFireBird.a(WindowDirty.o)
 .mdebug        0x0000000000008170      0x2a4 D:/DATA/Alex/Topfield/TAPs/API.122//libFireBird.a(HDD_ChangeDir.o)
 .mdebug        0x0000000000008414      0x258 D:/DATA/Alex/Topfield/TAPs/API.122//libFireBird.a(INICloseFile.o)
 .mdebug        0x000000000000866c      0x260 D:/DATA/Alex/Topfield/TAPs/API.122//libFireBird.a(INIGetARGB.o)
 .mdebug        0x00000000000088cc      0x25c D:/DATA/Alex/Topfield/TAPs/API.122//libFireBird.a(INIGetInt.o)
 .mdebug        0x0000000000008b28      0x320 D:/DATA/Alex/Topfield/TAPs/API.122//libFireBird.a(INIOpenFile.o)
 .mdebug        0x0000000000008e48      0x290 D:/DATA/Alex/Topfield/TAPs/API.122//libFireBird.a(HDD_TAP_GetCurrentDirCluster.o)
 .mdebug        0x00000000000090d8      0x278 D:/DATA/Alex/Topfield/TAPs/API.122//libFireBird.a(HDD_TAP_GetInfo.o)
 .mdebug        0x0000000000009350      0x2d4 D:/DATA/Alex/Topfield/TAPs/API.122//libFireBird.a(HDD_TAP_SetCurrentDirCluster.o)
 .mdebug        0x0000000000009624      0xa48 D:/DATA/Alex/Topfield/TAPs/API.122//libFireBird.a(tapapifix.o)
 .mdebug        0x000000000000a06c      0x204 D:/DATA/Alex/Topfield/TAPs/API.122//libFireBird.a(DrawOSDLine.o)
 .mdebug        0x000000000000a270      0x23c D:/DATA/Alex/Topfield/TAPs/API.122//libFireBird.a(FreeOSDRegion.o)
 .mdebug        0x000000000000a4ac      0x284 D:/DATA/Alex/Topfield/TAPs/API.122//libFireBird.a(GetOSDMapAddress.o)
 .mdebug        0x000000000000a730      0x21c D:/DATA/Alex/Topfield/TAPs/API.122//libFireBird.a(GetOSDRegionHeight.o)
 .mdebug        0x000000000000a94c      0x214 D:/DATA/Alex/Topfield/TAPs/API.122//libFireBird.a(GetOSDRegionWidth.o)
 .mdebug        0x000000000000ab60      0x280 D:/DATA/Alex/Topfield/TAPs/API.122//libFireBird.a(InitAudioPointers.o)
 .mdebug        0x000000000000ade0      0x1f4 D:/DATA/Alex/Topfield/TAPs/API.122//libFireBird.a(OSDCopy.o)
 .mdebug        0x000000000000afd4      0x2dc D:/DATA/Alex/Topfield/TAPs/API.122//libFireBird.a(TAP_Osd_PutFreeColorGd.o)
 .mdebug        0x000000000000b2b0      0x238 D:/DATA/Alex/Topfield/TAPs/API.122//libFireBird.a(isOSDRegionAlive.o)
 .mdebug        0x000000000000b4e8      0x428 D:/DATA/Alex/Topfield/TAPs/API.122//libFireBird.a(BuildWindowBorder.o)
 .mdebug        0x000000000000b910      0x384 D:/DATA/Alex/Topfield/TAPs/API.122//libFireBird.a(BuildWindowInfo.o)
 .mdebug        0x000000000000bc94      0x41c D:/DATA/Alex/Topfield/TAPs/API.122//libFireBird.a(BuildWindowLine.o)
 .mdebug        0x000000000000c0b0      0x434 D:/DATA/Alex/Topfield/TAPs/API.122//libFireBird.a(BuildWindowLineSelected.o)
 .mdebug        0x000000000000c4e4      0x33c D:/DATA/Alex/Topfield/TAPs/API.122//libFireBird.a(BuildWindowScrollBar.o)
 .mdebug        0x000000000000c820      0x304 D:/DATA/Alex/Topfield/TAPs/API.122//libFireBird.a(BuildWindowTitle.o)
 .mdebug        0x000000000000cb24      0x238 D:/DATA/Alex/Topfield/TAPs/API.122//libFireBird.a(CalcPrepare.o)
 .mdebug        0x000000000000cd5c      0x260 D:/DATA/Alex/Topfield/TAPs/API.122//libFireBird.a(CalcTopIndex.o)
 .mdebug        0x000000000000cfbc      0x20c D:/DATA/Alex/Topfield/TAPs/API.122//libFireBird.a(CheckSelectable.o)
 .mdebug        0x000000000000d1c8      0x92c D:/DATA/Alex/Topfield/TAPs/API.122//libFireBird.a(DialogMsgBoxShow.o)
 .mdebug        0x000000000000daf4      0x210 D:/DATA/Alex/Topfield/TAPs/API.122//libFireBird.a(DialogProfileLoad.o)
 .mdebug        0x000000000000dd04      0x2f4 D:/DATA/Alex/Topfield/TAPs/API.122//libFireBird.a(DialogProfileSave.o)
 .mdebug        0x000000000000dff8      0x464 D:/DATA/Alex/Topfield/TAPs/API.122//libFireBird.a(DrawWindowLine.o)
 .mdebug        0x000000000000e45c      0x208 D:/DATA/Alex/Topfield/TAPs/API.122//libFireBird.a(ProfileDirty.o)
 .mdebug        0x000000000000e664      0x260 D:/DATA/Alex/Topfield/TAPs/API.122//libFireBird.a(ChangeDirRoot.o)
 .mdebug        0x000000000000e8c4      0x254 D:/DATA/Alex/Topfield/TAPs/API.122//libFireBird.a(HDD_GetClusterSize.o)
 .mdebug        0x000000000000eb18      0x23c D:/DATA/Alex/Topfield/TAPs/API.122//libFireBird.a(HDD_ReadSectorDMA.o)
 .mdebug        0x000000000000ed54      0x238 D:/DATA/Alex/Topfield/TAPs/API.122//libFireBird.a(INIFindStartEnd.o)
 .mdebug        0x000000000000ef8c      0x2e8 D:/DATA/Alex/Topfield/TAPs/API.122//libFireBird.a(INISaveFile.o)
 .mdebug        0x000000000000f274      0x240 D:/DATA/Alex/Topfield/TAPs/API.122//libFireBird.a(INISetARGB.o)
 .mdebug        0x000000000000f4b4      0x214 D:/DATA/Alex/Topfield/TAPs/API.122//libFireBird.a(INISetInt.o)
 .mdebug        0x000000000000f6c8      0x2e8 D:/DATA/Alex/Topfield/TAPs/API.122//libFireBird.a(INISetString.o)
 .mdebug        0x000000000000f9b0      0x578 D:/DATA/Alex/Topfield/TAPs/API.122//libFireBird.a(InitTAPex.o)
 .mdebug        0x000000000000ff28      0x240 D:/DATA/Alex/Topfield/TAPs/API.122//libFireBird.a(stricstr.o)
 .mdebug        0x0000000000010168      0x320 D:/DATA/Alex/Topfield/TAPs/API.122//libFireBird.a(FlashInitialize.o)
 .mdebug        0x0000000000010488      0x228 D:/DATA/Alex/Topfield/TAPs/API.122//libFireBird.a(HDD_TouchFile.o)
 .mdebug        0x00000000000106b0      0x234 D:/DATA/Alex/Topfield/TAPs/API.122//libFireBird.a(HDD_TruncateFile.o)
 .mdebug        0x00000000000108e4      0x234 D:/DATA/Alex/Topfield/TAPs/API.122//libFireBird.a(FindInstructionSequence.o)
 .mdebug        0x0000000000010b18      0x1e0 D:/DATA/Alex/Topfield/TAPs/API.122//libFireBird.a(HDD_SetFileDateTime.o)
 .mdebug        0x0000000000010cf8      0x1ac C:/sw/prgm/gccForTAP/usr/local/lib//libc.a(ctype_.o)
 .mdebug        0x0000000000010ea4      0x1bc C:/sw/prgm/gccForTAP/usr/local/lib//libc.a(memcpy.o)
 .mdebug        0x0000000000011060      0x1bc C:/sw/prgm/gccForTAP/usr/local/lib//libc.a(memmove.o)
 .mdebug        0x000000000001121c      0x1bc C:/sw/prgm/gccForTAP/usr/local/lib//libc.a(memset.o)
 .mdebug        0x00000000000113d8      0x1ec C:/sw/prgm/gccForTAP/usr/local/lib//libc.a(strcat.o)
 .mdebug        0x00000000000115c4      0x1bc C:/sw/prgm/gccForTAP/usr/local/lib//libc.a(strchr.o)
 .mdebug        0x0000000000011780      0x1bc C:/sw/prgm/gccForTAP/usr/local/lib//libc.a(strcmp.o)
 .mdebug        0x000000000001193c      0x1bc C:/sw/prgm/gccForTAP/usr/local/lib//libc.a(strcpy.o)
 .mdebug        0x0000000000011af8      0x1bc C:/sw/prgm/gccForTAP/usr/local/lib//libc.a(strlen.o)
 .mdebug        0x0000000000011cb4      0x1fc C:/sw/prgm/gccForTAP/usr/local/lib//libc.a(strncasecmp.o)
 .mdebug        0x0000000000011eb0      0x1bc C:/sw/prgm/gccForTAP/usr/local/lib//libc.a(strncpy.o)
 .mdebug        0x000000000001206c      0x1bc C:/sw/prgm/gccForTAP/usr/local/lib//libc.a(strpbrk.o)
 .mdebug        0x0000000000012228      0x284 C:/sw/prgm/gccForTAP/usr/local/lib//libc.a(strtoul.o)
 .mdebug        0x00000000000124ac     0x176c D:/DATA/Alex/Topfield/TAPs/API.122//libtap.a(init.o)
 .mdebug        0x0000000000013c18      0x180 D:/DATA/Alex/Topfield/TAPs/API.122//libFireBird.a(strtoul.o)

Cross Reference Table

Symbol                                            File
ApplID                                            D:/DATA/Alex/Topfield/TAPs/API.122//libFireBird.a(InitTAPex.o)
BIOSAddress                                       D:/DATA/Alex/Topfield/TAPs/API.122//libFireBird.a(InitTAPex.o)
Border_InfoN_E_Gd                                 D:/DATA/Alex/Topfield/TAPs/API.122//libFireBird.a(BuildWindowBorder.o)
                                                  D:/DATA/Alex/Topfield/TAPs/API.122//libFireBird.a(DialogWindowReInit.o)
Border_InfoN_W_Gd                                 D:/DATA/Alex/Topfield/TAPs/API.122//libFireBird.a(BuildWindowBorder.o)
                                                  D:/DATA/Alex/Topfield/TAPs/API.122//libFireBird.a(DialogWindowReInit.o)
Border_Info_E_Gd                                  D:/DATA/Alex/Topfield/TAPs/API.122//libFireBird.a(BuildWindowBorder.o)
                                                  D:/DATA/Alex/Topfield/TAPs/API.122//libFireBird.a(DialogWindowReInit.o)
Border_Info_W_Gd                                  D:/DATA/Alex/Topfield/TAPs/API.122//libFireBird.a(BuildWindowBorder.o)
                                                  D:/DATA/Alex/Topfield/TAPs/API.122//libFireBird.a(DialogWindowReInit.o)
Border_Items_E_Gd                                 D:/DATA/Alex/Topfield/TAPs/API.122//libFireBird.a(BuildWindowBorder.o)
                                                  D:/DATA/Alex/Topfield/TAPs/API.122//libFireBird.a(DrawWindowScrollBar.o)
                                                  D:/DATA/Alex/Topfield/TAPs/API.122//libFireBird.a(DrawWindowLines.o)
                                                  D:/DATA/Alex/Topfield/TAPs/API.122//libFireBird.a(DialogWindowReInit.o)
Border_Items_W_Gd                                 D:/DATA/Alex/Topfield/TAPs/API.122//libFireBird.a(BuildWindowBorder.o)
                                                  D:/DATA/Alex/Topfield/TAPs/API.122//libFireBird.a(DrawWindowScrollBar.o)
                                                  D:/DATA/Alex/Topfield/TAPs/API.122//libFireBird.a(DrawWindowLines.o)
                                                  D:/DATA/Alex/Topfield/TAPs/API.122//libFireBird.a(DialogWindowReInit.o)
Border_NE_Gd                                      D:/DATA/Alex/Topfield/TAPs/API.122//libFireBird.a(BuildWindowBorder.o)
                                                  D:/DATA/Alex/Topfield/TAPs/API.122//libFireBird.a(DialogWindowReInit.o)
Border_NW_Gd                                      D:/DATA/Alex/Topfield/TAPs/API.122//libFireBird.a(BuildWindowBorder.o)
                                                  D:/DATA/Alex/Topfield/TAPs/API.122//libFireBird.a(DialogWindowReInit.o)
Border_N_Gd                                       D:/DATA/Alex/Topfield/TAPs/API.122//libFireBird.a(BuildWindowBorder.o)
                                                  D:/DATA/Alex/Topfield/TAPs/API.122//libFireBird.a(DialogWindowReInit.o)
Border_SE_Gd                                      D:/DATA/Alex/Topfield/TAPs/API.122//libFireBird.a(BuildWindowBorder.o)
                                                  D:/DATA/Alex/Topfield/TAPs/API.122//libFireBird.a(DialogWindowReInit.o)
Border_SW_Gd                                      D:/DATA/Alex/Topfield/TAPs/API.122//libFireBird.a(BuildWindowBorder.o)
                                                  D:/DATA/Alex/Topfield/TAPs/API.122//libFireBird.a(DialogWindowReInit.o)
Border_S_Gd                                       D:/DATA/Alex/Topfield/TAPs/API.122//libFireBird.a(BuildWindowBorder.o)
                                                  D:/DATA/Alex/Topfield/TAPs/API.122//libFireBird.a(DialogWindowReInit.o)
BufferSize                                        D:/DATA/Alex/Topfield/TAPs/API.122//libFireBird.a(INIOpenFile.o)
                                                  D:/DATA/Alex/Topfield/TAPs/API.122//libFireBird.a(INISetString.o)
                                                  D:/DATA/Alex/Topfield/TAPs/API.122//libFireBird.a(INISaveFile.o)
                                                  D:/DATA/Alex/Topfield/TAPs/API.122//libFireBird.a(DialogProfileSave.o)
                                                  D:/DATA/Alex/Topfield/TAPs/API.122//libFireBird.a(INICloseFile.o)
                                                  D:/DATA/Alex/Topfield/TAPs/API.122//libFireBird.a(ProfileLoad.o)
BuildWindowBorder                                 D:/DATA/Alex/Topfield/TAPs/API.122//libFireBird.a(BuildWindowBorder.o)
                                                  D:/DATA/Alex/Topfield/TAPs/API.122//libFireBird.a(DrawWindowBorder.o)
BuildWindowInfo                                   D:/DATA/Alex/Topfield/TAPs/API.122//libFireBird.a(BuildWindowInfo.o)
                                                  D:/DATA/Alex/Topfield/TAPs/API.122//libFireBird.a(DrawWindowInfo.o)
BuildWindowLine                                   D:/DATA/Alex/Topfield/TAPs/API.122//libFireBird.a(BuildWindowLine.o)
                                                  D:/DATA/Alex/Topfield/TAPs/API.122//libFireBird.a(DrawWindowLines.o)
BuildWindowLineSelected                           D:/DATA/Alex/Topfield/TAPs/API.122//libFireBird.a(BuildWindowLineSelected.o)
                                                  D:/DATA/Alex/Topfield/TAPs/API.122//libFireBird.a(DrawWindowLines.o)
BuildWindowScrollBar                              D:/DATA/Alex/Topfield/TAPs/API.122//libFireBird.a(BuildWindowScrollBar.o)
                                                  D:/DATA/Alex/Topfield/TAPs/API.122//libFireBird.a(DrawWindowScrollBar.o)
BuildWindowTitle                                  D:/DATA/Alex/Topfield/TAPs/API.122//libFireBird.a(BuildWindowTitle.o)
                                                  D:/DATA/Alex/Topfield/TAPs/API.122//libFireBird.a(DrawWindowTitle.o)
CalcPrepare                                       D:/DATA/Alex/Topfield/TAPs/API.122//libFireBird.a(CalcPrepare.o)
                                                  D:/DATA/Alex/Topfield/TAPs/API.122//libFireBird.a(DialogWindowScrollUpPage.o)
                                                  D:/DATA/Alex/Topfield/TAPs/API.122//libFireBird.a(DialogWindowScrollUp.o)
                                                  D:/DATA/Alex/Topfield/TAPs/API.122//libFireBird.a(DialogWindowScrollDownPage.o)
                                                  D:/DATA/Alex/Topfield/TAPs/API.122//libFireBird.a(DialogWindowScrollDown.o)
                                                  D:/DATA/Alex/Topfield/TAPs/API.122//libFireBird.a(DialogWindowCursorSet.o)
CalcTopIndex                                      D:/DATA/Alex/Topfield/TAPs/API.122//libFireBird.a(CalcTopIndex.o)
                                                  D:/DATA/Alex/Topfield/TAPs/API.122//libFireBird.a(DialogWindowScrollUpPage.o)
                                                  D:/DATA/Alex/Topfield/TAPs/API.122//libFireBird.a(DialogWindowScrollUp.o)
                                                  D:/DATA/Alex/Topfield/TAPs/API.122//libFireBird.a(DialogWindowScrollDownPage.o)
                                                  D:/DATA/Alex/Topfield/TAPs/API.122//libFireBird.a(DialogWindowScrollDown.o)
                                                  D:/DATA/Alex/Topfield/TAPs/API.122//libFireBird.a(DialogWindowCursorSet.o)
ChangeDirRoot                                     D:/DATA/Alex/Topfield/TAPs/API.122//libFireBird.a(ChangeDirRoot.o)
                                                  D:/DATA/Alex/Topfield/TAPs/API.122//libFireBird.a(HDD_ChangeDir.o)
CheckSelectable                                   D:/DATA/Alex/Topfield/TAPs/API.122//libFireBird.a(CheckSelectable.o)
                                                  D:/DATA/Alex/Topfield/TAPs/API.122//libFireBird.a(DialogWindowScrollUpPage.o)
                                                  D:/DATA/Alex/Topfield/TAPs/API.122//libFireBird.a(DialogWindowScrollDownPage.o)
ClusterSize                                       D:/DATA/Alex/Topfield/TAPs/API.122//libFireBird.a(HDD_GetClusterSize.o)
DialogEvent                                       D:/DATA/Alex/Topfield/TAPs/API.122//libFireBird.a(DialogEvent.o)
                                                  DialogDemo.o
DialogMsgBoxExit                                  D:/DATA/Alex/Topfield/TAPs/API.122//libFireBird.a(DialogMsgBoxExit.o)
                                                  D:/DATA/Alex/Topfield/TAPs/API.122//libFireBird.a(DialogEvent.o)
DialogMsgBoxInit                                  D:/DATA/Alex/Topfield/TAPs/API.122//libFireBird.a(DialogMsgBoxInit.o)
DialogMsgBoxShow                                  D:/DATA/Alex/Topfield/TAPs/API.122//libFireBird.a(DialogMsgBoxShow.o)
DialogMsgBoxTitleSet                              D:/DATA/Alex/Topfield/TAPs/API.122//libFireBird.a(DialogMsgBoxTitleSet.o)
                                                  D:/DATA/Alex/Topfield/TAPs/API.122//libFireBird.a(DialogMsgBoxInit.o)
DialogProfile                                     DialogDemo.o
DialogProfileCheck                                D:/DATA/Alex/Topfield/TAPs/API.122//libFireBird.a(DialogProfileCheck.o)
                                                  DialogDemo.o
DialogProfileLoad                                 D:/DATA/Alex/Topfield/TAPs/API.122//libFireBird.a(DialogProfileLoad.o)
                                                  D:/DATA/Alex/Topfield/TAPs/API.122//libFireBird.a(ProfileInit.o)
DialogProfileLoadMy                               D:/DATA/Alex/Topfield/TAPs/API.122//libFireBird.a(DialogProfileLoadMy.o)
                                                  D:/DATA/Alex/Topfield/TAPs/API.122//libFireBird.a(DialogProfileCheck.o)
                                                  DialogDemo.o
DialogProfileSave                                 D:/DATA/Alex/Topfield/TAPs/API.122//libFireBird.a(DialogProfileSave.o)
                                                  D:/DATA/Alex/Topfield/TAPs/API.122//libFireBird.a(ProfileInit.o)
DialogWindow                                      DialogDemo.o
DialogWindowCursorSet                             D:/DATA/Alex/Topfield/TAPs/API.122//libFireBird.a(DialogWindowCursorSet.o)
                                                  D:/DATA/Alex/Topfield/TAPs/API.122//libFireBird.a(DialogEvent.o)
DialogWindowExit                                  D:/DATA/Alex/Topfield/TAPs/API.122//libFireBird.a(DialogWindowExit.o)
                                                  DialogDemo.o
DialogWindowHide                                  D:/DATA/Alex/Topfield/TAPs/API.122//libFireBird.a(DialogWindowHide.o)
                                                  D:/DATA/Alex/Topfield/TAPs/API.122//libFireBird.a(DialogWindowExit.o)
DialogWindowInfoAddS                              D:/DATA/Alex/Topfield/TAPs/API.122//libFireBird.a(DialogWindowInfoAddS.o)
                                                  DialogDemo.o
DialogWindowInfoDeleteAll                         D:/DATA/Alex/Topfield/TAPs/API.122//libFireBird.a(DialogWindowInfoDeleteAll.o)
                                                  D:/DATA/Alex/Topfield/TAPs/API.122//libFireBird.a(DialogWindowExit.o)
DialogWindowInit                                  D:/DATA/Alex/Topfield/TAPs/API.122//libFireBird.a(DialogWindowInit.o)
                                                  DialogDemo.o
DialogWindowItemAdd                               D:/DATA/Alex/Topfield/TAPs/API.122//libFireBird.a(DialogWindowItemAdd.o)
                                                  DialogDemo.o
DialogWindowItemChangeFlags                       D:/DATA/Alex/Topfield/TAPs/API.122//libFireBird.a(DialogWindowItemChangeFlags.o)
                                                  D:/DATA/Alex/Topfield/TAPs/API.122//libFireBird.a(DialogWindowItemAdd.o)
DialogWindowItemChangeIcon                        D:/DATA/Alex/Topfield/TAPs/API.122//libFireBird.a(DialogWindowItemChangeIcon.o)
                                                  D:/DATA/Alex/Topfield/TAPs/API.122//libFireBird.a(DialogWindowItemAdd.o)
DialogWindowItemChangeParameter                   D:/DATA/Alex/Topfield/TAPs/API.122//libFireBird.a(DialogWindowItemChangeParameter.o)
                                                  D:/DATA/Alex/Topfield/TAPs/API.122//libFireBird.a(DialogWindowItemAdd.o)
DialogWindowItemChangeValue                       D:/DATA/Alex/Topfield/TAPs/API.122//libFireBird.a(DialogWindowItemChangeValue.o)
                                                  D:/DATA/Alex/Topfield/TAPs/API.122//libFireBird.a(DialogWindowItemAdd.o)
DialogWindowReInit                                D:/DATA/Alex/Topfield/TAPs/API.122//libFireBird.a(DialogWindowReInit.o)
                                                  D:/DATA/Alex/Topfield/TAPs/API.122//libFireBird.a(DialogWindowInit.o)
                                                  DialogDemo.o
DialogWindowRefresh                               D:/DATA/Alex/Topfield/TAPs/API.122//libFireBird.a(DialogWindowRefresh.o)
                                                  D:/DATA/Alex/Topfield/TAPs/API.122//libFireBird.a(DialogWindowShow.o)
                                                  D:/DATA/Alex/Topfield/TAPs/API.122//libFireBird.a(DialogWindowScrollUpPage.o)
                                                  D:/DATA/Alex/Topfield/TAPs/API.122//libFireBird.a(DialogWindowScrollUp.o)
                                                  D:/DATA/Alex/Topfield/TAPs/API.122//libFireBird.a(DialogWindowScrollDownPage.o)
                                                  D:/DATA/Alex/Topfield/TAPs/API.122//libFireBird.a(DialogWindowScrollDown.o)
                                                  D:/DATA/Alex/Topfield/TAPs/API.122//libFireBird.a(DialogWindowCursorSet.o)
DialogWindowScrollDown                            D:/DATA/Alex/Topfield/TAPs/API.122//libFireBird.a(DialogWindowScrollDown.o)
                                                  D:/DATA/Alex/Topfield/TAPs/API.122//libFireBird.a(DialogEvent.o)
DialogWindowScrollDownPage                        D:/DATA/Alex/Topfield/TAPs/API.122//libFireBird.a(DialogWindowScrollDownPage.o)
                                                  D:/DATA/Alex/Topfield/TAPs/API.122//libFireBird.a(DialogEvent.o)
DialogWindowScrollUp                              D:/DATA/Alex/Topfield/TAPs/API.122//libFireBird.a(DialogWindowScrollUp.o)
                                                  D:/DATA/Alex/Topfield/TAPs/API.122//libFireBird.a(DialogEvent.o)
DialogWindowScrollUpPage                          D:/DATA/Alex/Topfield/TAPs/API.122//libFireBird.a(DialogWindowScrollUpPage.o)
                                                  D:/DATA/Alex/Topfield/TAPs/API.122//libFireBird.a(DialogEvent.o)
DialogWindowShow                                  D:/DATA/Alex/Topfield/TAPs/API.122//libFireBird.a(DialogWindowShow.o)
                                                  DialogDemo.o
DialogWindowTabulatorSet                          D:/DATA/Alex/Topfield/TAPs/API.122//libFireBird.a(DialogWindowTabulatorSet.o)
                                                  D:/DATA/Alex/Topfield/TAPs/API.122//libFireBird.a(DialogWindowInit.o)
DialogWindowTitleChange                           D:/DATA/Alex/Topfield/TAPs/API.122//libFireBird.a(DialogWindowTitleChange.o)
                                                  D:/DATA/Alex/Topfield/TAPs/API.122//libFireBird.a(DialogWindowInit.o)
DialogWindowTypeChange                            D:/DATA/Alex/Topfield/TAPs/API.122//libFireBird.a(DialogWindowTypeChange.o)
                                                  D:/DATA/Alex/Topfield/TAPs/API.122//libFireBird.a(DialogWindowInit.o)
DrawMsgBoxButtons                                 D:/DATA/Alex/Topfield/TAPs/API.122//libFireBird.a(DrawMsgBoxButtons.o)
                                                  D:/DATA/Alex/Topfield/TAPs/API.122//libFireBird.a(DialogMsgBoxShow.o)
                                                  D:/DATA/Alex/Topfield/TAPs/API.122//libFireBird.a(DialogEvent.o)
DrawMsgBoxTitle                                   D:/DATA/Alex/Topfield/TAPs/API.122//libFireBird.a(DrawMsgBoxTitle.o)
                                                  D:/DATA/Alex/Topfield/TAPs/API.122//libFireBird.a(DialogMsgBoxShow.o)
                                                  D:/DATA/Alex/Topfield/TAPs/API.122//libFireBird.a(DialogMsgBoxTitleSet.o)
DrawOSDLine                                       D:/DATA/Alex/Topfield/TAPs/API.122//libFireBird.a(DrawOSDLine.o)
                                                  D:/DATA/Alex/Topfield/TAPs/API.122//libFireBird.a(DrawWindowLine.o)
                                                  D:/DATA/Alex/Topfield/TAPs/API.122//libFireBird.a(DrawWindowLines.o)
DrawWindowBorder                                  D:/DATA/Alex/Topfield/TAPs/API.122//libFireBird.a(DrawWindowBorder.o)
                                                  D:/DATA/Alex/Topfield/TAPs/API.122//libFireBird.a(DialogWindowRefresh.o)
DrawWindowInfo                                    D:/DATA/Alex/Topfield/TAPs/API.122//libFireBird.a(DrawWindowInfo.o)
                                                  D:/DATA/Alex/Topfield/TAPs/API.122//libFireBird.a(DialogWindowRefresh.o)
DrawWindowLine                                    D:/DATA/Alex/Topfield/TAPs/API.122//libFireBird.a(DrawWindowLine.o)
                                                  D:/DATA/Alex/Topfield/TAPs/API.122//libFireBird.a(DrawWindowLines.o)
DrawWindowLines                                   D:/DATA/Alex/Topfield/TAPs/API.122//libFireBird.a(DrawWindowLines.o)
                                                  D:/DATA/Alex/Topfield/TAPs/API.122//libFireBird.a(DialogWindowRefresh.o)
DrawWindowScrollBar                               D:/DATA/Alex/Topfield/TAPs/API.122//libFireBird.a(DrawWindowScrollBar.o)
                                                  D:/DATA/Alex/Topfield/TAPs/API.122//libFireBird.a(DrawWindowLines.o)
DrawWindowTitle                                   D:/DATA/Alex/Topfield/TAPs/API.122//libFireBird.a(DrawWindowTitle.o)
                                                  D:/DATA/Alex/Topfield/TAPs/API.122//libFireBird.a(DialogWindowRefresh.o)
EventDispatcherAddress                            D:/DATA/Alex/Topfield/TAPs/API.122//libFireBird.a(InitTAPex.o)
FBDialogMsgBox                                    D:/DATA/Alex/Topfield/TAPs/API.122//libFireBird.a(DialogMsgBoxInit.o)
                                                  D:/DATA/Alex/Topfield/TAPs/API.122//libFireBird.a(DialogMsgBoxShow.o)
                                                  D:/DATA/Alex/Topfield/TAPs/API.122//libFireBird.a(DrawMsgBoxTitle.o)
                                                  D:/DATA/Alex/Topfield/TAPs/API.122//libFireBird.a(DrawMsgBoxButtons.o)
                                                  D:/DATA/Alex/Topfield/TAPs/API.122//libFireBird.a(DialogMsgBoxTitleSet.o)
                                                  D:/DATA/Alex/Topfield/TAPs/API.122//libFireBird.a(DialogMsgBoxExit.o)
                                                  D:/DATA/Alex/Topfield/TAPs/API.122//libFireBird.a(DialogEvent.o)
FBDialogProfile                                   D:/DATA/Alex/Topfield/TAPs/API.122//libFireBird.a(ProfileInit.o)
                                                  D:/DATA/Alex/Topfield/TAPs/API.122//libFireBird.a(ProfileDirty.o)
                                                  D:/DATA/Alex/Topfield/TAPs/API.122//libFireBird.a(DrawWindowLine.o)
                                                  D:/DATA/Alex/Topfield/TAPs/API.122//libFireBird.a(DialogProfileSave.o)
                                                  D:/DATA/Alex/Topfield/TAPs/API.122//libFireBird.a(DialogMsgBoxShow.o)
                                                  D:/DATA/Alex/Topfield/TAPs/API.122//libFireBird.a(CalcTopIndex.o)
                                                  D:/DATA/Alex/Topfield/TAPs/API.122//libFireBird.a(BuildWindowTitle.o)
                                                  D:/DATA/Alex/Topfield/TAPs/API.122//libFireBird.a(BuildWindowScrollBar.o)
                                                  D:/DATA/Alex/Topfield/TAPs/API.122//libFireBird.a(BuildWindowLineSelected.o)
                                                  D:/DATA/Alex/Topfield/TAPs/API.122//libFireBird.a(BuildWindowLine.o)
                                                  D:/DATA/Alex/Topfield/TAPs/API.122//libFireBird.a(BuildWindowInfo.o)
                                                  D:/DATA/Alex/Topfield/TAPs/API.122//libFireBird.a(BuildWindowBorder.o)
                                                  D:/DATA/Alex/Topfield/TAPs/API.122//libFireBird.a(ProfileMayReload.o)
                                                  D:/DATA/Alex/Topfield/TAPs/API.122//libFireBird.a(ProfileLoad.o)
                                                  D:/DATA/Alex/Topfield/TAPs/API.122//libFireBird.a(DrawWindowTitle.o)
                                                  D:/DATA/Alex/Topfield/TAPs/API.122//libFireBird.a(DrawWindowScrollBar.o)
                                                  D:/DATA/Alex/Topfield/TAPs/API.122//libFireBird.a(DrawWindowLines.o)
                                                  D:/DATA/Alex/Topfield/TAPs/API.122//libFireBird.a(DrawWindowInfo.o)
                                                  D:/DATA/Alex/Topfield/TAPs/API.122//libFireBird.a(DrawWindowBorder.o)
                                                  D:/DATA/Alex/Topfield/TAPs/API.122//libFireBird.a(DrawMsgBoxTitle.o)
                                                  D:/DATA/Alex/Topfield/TAPs/API.122//libFireBird.a(DrawMsgBoxButtons.o)
                                                  D:/DATA/Alex/Topfield/TAPs/API.122//libFireBird.a(DialogWindowShow.o)
                                                  D:/DATA/Alex/Topfield/TAPs/API.122//libFireBird.a(DialogWindowScrollUpPage.o)
                                                  D:/DATA/Alex/Topfield/TAPs/API.122//libFireBird.a(DialogWindowScrollUp.o)
                                                  D:/DATA/Alex/Topfield/TAPs/API.122//libFireBird.a(DialogWindowScrollDownPage.o)
                                                  D:/DATA/Alex/Topfield/TAPs/API.122//libFireBird.a(DialogWindowScrollDown.o)
                                                  D:/DATA/Alex/Topfield/TAPs/API.122//libFireBird.a(DialogWindowRefresh.o)
                                                  D:/DATA/Alex/Topfield/TAPs/API.122//libFireBird.a(DialogWindowInit.o)
                                                  D:/DATA/Alex/Topfield/TAPs/API.122//libFireBird.a(DialogWindowHide.o)
                                                  D:/DATA/Alex/Topfield/TAPs/API.122//libFireBird.a(DialogProfileLoadMy.o)
                                                  D:/DATA/Alex/Topfield/TAPs/API.122//libFireBird.a(DialogProfileCheck.o)
                                                  D:/DATA/Alex/Topfield/TAPs/API.122//libFireBird.a(DialogMsgBoxInit.o)
FBDialogWindow                                    D:/DATA/Alex/Topfield/TAPs/API.122//libFireBird.a(DialogWindowInit.o)
                                                  D:/DATA/Alex/Topfield/TAPs/API.122//libFireBird.a(DrawWindowLine.o)
                                                  D:/DATA/Alex/Topfield/TAPs/API.122//libFireBird.a(CheckSelectable.o)
                                                  D:/DATA/Alex/Topfield/TAPs/API.122//libFireBird.a(CalcTopIndex.o)
                                                  D:/DATA/Alex/Topfield/TAPs/API.122//libFireBird.a(CalcPrepare.o)
                                                  D:/DATA/Alex/Topfield/TAPs/API.122//libFireBird.a(BuildWindowTitle.o)
                                                  D:/DATA/Alex/Topfield/TAPs/API.122//libFireBird.a(BuildWindowScrollBar.o)
                                                  D:/DATA/Alex/Topfield/TAPs/API.122//libFireBird.a(BuildWindowLineSelected.o)
                                                  D:/DATA/Alex/Topfield/TAPs/API.122//libFireBird.a(BuildWindowLine.o)
                                                  D:/DATA/Alex/Topfield/TAPs/API.122//libFireBird.a(BuildWindowInfo.o)
                                                  D:/DATA/Alex/Topfield/TAPs/API.122//libFireBird.a(BuildWindowBorder.o)
                                                  D:/DATA/Alex/Topfield/TAPs/API.122//libFireBird.a(WindowDirty.o)
                                                  D:/DATA/Alex/Topfield/TAPs/API.122//libFireBird.a(OSDLinesForeDirty.o)
                                                  D:/DATA/Alex/Topfield/TAPs/API.122//libFireBird.a(HasEnoughItemMemory.o)
                                                  D:/DATA/Alex/Topfield/TAPs/API.122//libFireBird.a(DrawWindowTitle.o)
                                                  D:/DATA/Alex/Topfield/TAPs/API.122//libFireBird.a(DrawWindowScrollBar.o)
                                                  D:/DATA/Alex/Topfield/TAPs/API.122//libFireBird.a(DrawWindowLines.o)
                                                  D:/DATA/Alex/Topfield/TAPs/API.122//libFireBird.a(DrawWindowInfo.o)
                                                  D:/DATA/Alex/Topfield/TAPs/API.122//libFireBird.a(DrawWindowBorder.o)
                                                  D:/DATA/Alex/Topfield/TAPs/API.122//libFireBird.a(DialogWindowTypeChange.o)
                                                  D:/DATA/Alex/Topfield/TAPs/API.122//libFireBird.a(DialogWindowTitleChange.o)
                                                  D:/DATA/Alex/Topfield/TAPs/API.122//libFireBird.a(DialogWindowTabulatorSet.o)
                                                  D:/DATA/Alex/Topfield/TAPs/API.122//libFireBird.a(DialogWindowShow.o)
                                                  D:/DATA/Alex/Topfield/TAPs/API.122//libFireBird.a(DialogWindowScrollUpPage.o)
                                                  D:/DATA/Alex/Topfield/TAPs/API.122//libFireBird.a(DialogWindowScrollUp.o)
                                                  D:/DATA/Alex/Topfield/TAPs/API.122//libFireBird.a(DialogWindowScrollDownPage.o)
                                                  D:/DATA/Alex/Topfield/TAPs/API.122//libFireBird.a(DialogWindowScrollDown.o)
                                                  D:/DATA/Alex/Topfield/TAPs/API.122//libFireBird.a(DialogWindowRefresh.o)
                                                  D:/DATA/Alex/Topfield/TAPs/API.122//libFireBird.a(DialogWindowReInit.o)
                                                  D:/DATA/Alex/Topfield/TAPs/API.122//libFireBird.a(DialogWindowItemChangeValue.o)